Archive member included to satisfy reference by file (symbol)

C:/ST/STM32CubeCLT_1.19.0/GNU-tools-for-STM32/bin/../lib/gcc/arm-none-eabi/13.3.1/thumb/v7e-m+fp/hard\libgcc.a(_arm_muldf3.o)
                              CMakeFiles/LCD_BUTTON.dir/Core/Src/File_handling_RTOS.c.obj (__aeabi_dmul)
C:/ST/STM32CubeCLT_1.19.0/GNU-tools-for-STM32/bin/../lib/gcc/arm-none-eabi/13.3.1/thumb/v7e-m+fp/hard\libgcc.a(_arm_addsubdf3.o)
                              CMakeFiles/LCD_BUTTON.dir/Core/Src/File_handling_RTOS.c.obj (__aeabi_ui2d)
C:/ST/STM32CubeCLT_1.19.0/GNU-tools-for-STM32/bin/../lib/gcc/arm-none-eabi/13.3.1/thumb/v7e-m+fp/hard\libgcc.a(_arm_fixunsdfsi.o)
                              CMakeFiles/LCD_BUTTON.dir/Core/Src/File_handling_RTOS.c.obj (__aeabi_d2uiz)
C:/ST/STM32CubeCLT_1.19.0/GNU-tools-for-STM32/bin/../lib/gcc/arm-none-eabi/13.3.1/thumb/v7e-m+fp/hard\libgcc.a(_aeabi_uldivmod.o)
                              cmake/stm32cubemx/CMakeFiles/STM32_Drivers.dir/__/__/Drivers/STM32F4xx_HAL_Driver/Src/stm32f4xx_hal_rcc.c.obj (__aeabi_uldivmod)
C:/ST/STM32CubeCLT_1.19.0/GNU-tools-for-STM32/bin/../lib/gcc/arm-none-eabi/13.3.1/thumb/v7e-m+fp/hard\libgcc.a(_udivmoddi4.o)
                              C:/ST/STM32CubeCLT_1.19.0/GNU-tools-for-STM32/bin/../lib/gcc/arm-none-eabi/13.3.1/thumb/v7e-m+fp/hard\libgcc.a(_aeabi_uldivmod.o) (__udivmoddi4)
C:/ST/STM32CubeCLT_1.19.0/GNU-tools-for-STM32/bin/../lib/gcc/arm-none-eabi/13.3.1/thumb/v7e-m+fp/hard\libgcc.a(_dvmd_tls.o)
                              C:/ST/STM32CubeCLT_1.19.0/GNU-tools-for-STM32/bin/../lib/gcc/arm-none-eabi/13.3.1/thumb/v7e-m+fp/hard\libgcc.a(_aeabi_uldivmod.o) (__aeabi_ldiv0)
C:/ST/STM32CubeCLT_1.19.0/GNU-tools-for-STM32/bin/../lib/gcc/arm-none-eabi/13.3.1/../../../../arm-none-eabi/lib/thumb/v7e-m+fp/hard\libg_nano.a(libc_a-exit.o)
                              C:/ST/STM32CubeCLT_1.19.0/GNU-tools-for-STM32/bin/../lib/gcc/arm-none-eabi/13.3.1/../../../../arm-none-eabi/lib/thumb/v7e-m+fp/hard/crt0.o (exit)
C:/ST/STM32CubeCLT_1.19.0/GNU-tools-for-STM32/bin/../lib/gcc/arm-none-eabi/13.3.1/../../../../arm-none-eabi/lib/thumb/v7e-m+fp/hard\libg_nano.a(libc_a-findfp.o)
                              C:/ST/STM32CubeCLT_1.19.0/GNU-tools-for-STM32/bin/../lib/gcc/arm-none-eabi/13.3.1/../../../../arm-none-eabi/lib/thumb/v7e-m+fp/hard\libg_nano.a(libc_a-exit.o) (__stdio_exit_handler)
C:/ST/STM32CubeCLT_1.19.0/GNU-tools-for-STM32/bin/../lib/gcc/arm-none-eabi/13.3.1/../../../../arm-none-eabi/lib/thumb/v7e-m+fp/hard\libg_nano.a(libc_a-fwalk.o)
                              C:/ST/STM32CubeCLT_1.19.0/GNU-tools-for-STM32/bin/../lib/gcc/arm-none-eabi/13.3.1/../../../../arm-none-eabi/lib/thumb/v7e-m+fp/hard\libg_nano.a(libc_a-findfp.o) (_fwalk_sglue)
C:/ST/STM32CubeCLT_1.19.0/GNU-tools-for-STM32/bin/../lib/gcc/arm-none-eabi/13.3.1/../../../../arm-none-eabi/lib/thumb/v7e-m+fp/hard\libg_nano.a(libc_a-snprintf.o)
                              CMakeFiles/LCD_BUTTON.dir/Core/Src/main.c.obj (snprintf)
C:/ST/STM32CubeCLT_1.19.0/GNU-tools-for-STM32/bin/../lib/gcc/arm-none-eabi/13.3.1/../../../../arm-none-eabi/lib/thumb/v7e-m+fp/hard\libg_nano.a(libc_a-sprintf.o)
                              CMakeFiles/LCD_BUTTON.dir/Core/Src/File_handling_RTOS.c.obj (sprintf)
C:/ST/STM32CubeCLT_1.19.0/GNU-tools-for-STM32/bin/../lib/gcc/arm-none-eabi/13.3.1/../../../../arm-none-eabi/lib/thumb/v7e-m+fp/hard\libg_nano.a(libc_a-stdio.o)
                              C:/ST/STM32CubeCLT_1.19.0/GNU-tools-for-STM32/bin/../lib/gcc/arm-none-eabi/13.3.1/../../../../arm-none-eabi/lib/thumb/v7e-m+fp/hard\libg_nano.a(libc_a-findfp.o) (__sread)
C:/ST/STM32CubeCLT_1.19.0/GNU-tools-for-STM32/bin/../lib/gcc/arm-none-eabi/13.3.1/../../../../arm-none-eabi/lib/thumb/v7e-m+fp/hard\libg_nano.a(libc_a-memset.o)
                              C:/ST/STM32CubeCLT_1.19.0/GNU-tools-for-STM32/bin/../lib/gcc/arm-none-eabi/13.3.1/../../../../arm-none-eabi/lib/thumb/v7e-m+fp/hard/crt0.o (memset)
C:/ST/STM32CubeCLT_1.19.0/GNU-tools-for-STM32/bin/../lib/gcc/arm-none-eabi/13.3.1/../../../../arm-none-eabi/lib/thumb/v7e-m+fp/hard\libg_nano.a(libc_a-closer.o)
                              C:/ST/STM32CubeCLT_1.19.0/GNU-tools-for-STM32/bin/../lib/gcc/arm-none-eabi/13.3.1/../../../../arm-none-eabi/lib/thumb/v7e-m+fp/hard\libg_nano.a(libc_a-stdio.o) (_close_r)
C:/ST/STM32CubeCLT_1.19.0/GNU-tools-for-STM32/bin/../lib/gcc/arm-none-eabi/13.3.1/../../../../arm-none-eabi/lib/thumb/v7e-m+fp/hard\libg_nano.a(libc_a-reent.o)
                              C:/ST/STM32CubeCLT_1.19.0/GNU-tools-for-STM32/bin/../lib/gcc/arm-none-eabi/13.3.1/../../../../arm-none-eabi/lib/thumb/v7e-m+fp/hard\libg_nano.a(libc_a-closer.o) (errno)
C:/ST/STM32CubeCLT_1.19.0/GNU-tools-for-STM32/bin/../lib/gcc/arm-none-eabi/13.3.1/../../../../arm-none-eabi/lib/thumb/v7e-m+fp/hard\libg_nano.a(libc_a-impure.o)
[...]
Memory Configuration

Name             Origin             Length             Attributes
RAM              0x20000000         0x00018000         xrw
FLASH            0x08000000         0x00080000         xr
*default*        0x00000000         0xffffffff

Linker script and memory map

LOAD C:/ST/STM32CubeCLT_1.19.0/GNU-tools-for-STM32/bin/../lib/gcc/arm-none-eabi/13.3.1/thumb/v7e-m+fp/hard/crti.o
LOAD C:/ST/STM32CubeCLT_1.19.0/GNU-tools-for-STM32/bin/../lib/gcc/arm-none-eabi/13.3.1/thumb/v7e-m+fp/hard/crtbegin.o
LOAD C:/ST/STM32CubeCLT_1.19.0/GNU-tools-for-STM32/bin/../lib/gcc/arm-none-eabi/13.3.1/../../../../arm-none-eabi/lib/thumb/v7e-m+fp/hard/crt0.o
LOAD cmake/stm32cubemx/CMakeFiles/STM32_Drivers.dir/__/__/Core/Src/system_stm32f4xx.c.obj
LOAD cmake/stm32cubemx/CMakeFiles/STM32_Drivers.dir/__/__/Drivers/STM32F4xx_HAL_Driver/Src/stm32f4xx_hal_rcc.c.obj
LOAD cmake/stm32cubemx/CMakeFiles/STM32_Drivers.dir/__/__/Drivers/STM32F4xx_HAL_Driver/Src/stm32f4xx_hal_rcc_ex.c.obj
LOAD cmake/stm32cubemx/CMakeFiles/STM32_Drivers.dir/__/__/Drivers/STM32F4xx_HAL_Driver/Src/stm32f4xx_hal_flash.c.obj
LOAD cmake/stm32cubemx/CMakeFiles/STM32_Drivers.dir/__/__/Drivers/STM32F4xx_HAL_Driver/Src/stm32f4xx_hal_flash_ex.c.obj
LOAD cmake/stm32cubemx/CMakeFiles/STM32_Drivers.dir/__/__/Drivers/STM32F4xx_HAL_Driver/Src/stm32f4xx_hal_flash_ramfunc.c.obj
LOAD cmake/stm32cubemx/CMakeFiles/STM32_Drivers.dir/__/__/Drivers/STM32F4xx_HAL_Driver/Src/stm32f4xx_hal_gpio.c.obj
LOAD cmake/stm32cubemx/CMakeFiles/STM32_Drivers.dir/__/__/Drivers/STM32F4xx_HAL_Driver/Src/stm32f4xx_hal_dma_ex.c.obj
LOAD cmake/stm32cubemx/CMakeFiles/STM32_Drivers.dir/__/__/Drivers/STM32F4xx_HAL_Driver/Src/stm32f4xx_hal_dma.c.obj
LOAD cmake/stm32cubemx/CMakeFiles/STM32_Drivers.dir/__/__/Drivers/STM32F4xx_HAL_Driver/Src/stm32f4xx_hal_pwr.c.obj
LOAD cmake/stm32cubemx/CMakeFiles/STM32_Drivers.dir/__/__/Drivers/STM32F4xx_HAL_Driver/Src/stm32f4xx_hal_pwr_ex.c.obj
LOAD cmake/stm32cubemx/CMakeFiles/STM32_Drivers.dir/__/__/Drivers/STM32F4xx_HAL_Driver/Src/stm32f4xx_hal_cortex.c.obj
LOAD cmake/stm32cubemx/CMakeFiles/STM32_Drivers.dir/__/__/Drivers/STM32F4xx_HAL_Driver/Src/stm32f4xx_hal.c.obj
LOAD cmake/stm32cubemx/CMakeFiles/STM32_Drivers.dir/__/__/Drivers/STM32F4xx_HAL_Driver/Src/stm32f4xx_hal_exti.c.obj
LOAD cmake/stm32cubemx/CMakeFiles/STM32_Drivers.dir/__/__/Drivers/STM32F4xx_HAL_Driver/Src/stm32f4xx_hal_i2c.c.obj
LOAD cmake/stm32cubemx/CMakeFiles/STM32_Drivers.dir/__/__/Drivers/STM32F4xx_HAL_Driver/Src/stm32f4xx_hal_i2c_ex.c.obj
LOAD cmake/stm32cubemx/CMakeFiles/STM32_Drivers.dir/__/__/Drivers/STM32F4xx_HAL_Driver/Src/stm32f4xx_hal_spi.c.obj
LOAD cmake/stm32cubemx/CMakeFiles/STM32_Drivers.dir/__/__/Drivers/STM32F4xx_HAL_Driver/Src/stm32f4xx_hal_uart.c.obj
LOAD cmake/stm32cubemx/CMakeFiles/FreeRTOS.dir/__/__/Middlewares/Third_Party/FreeRTOS/Source/croutine.c.obj
LOAD cmake/stm32cubemx/CMakeFiles/FreeRTOS.dir/__/__/Middlewares/Third_Party/FreeRTOS/Source/event_groups.c.obj
LOAD cmake/stm32cubemx/CMakeFiles/FreeRTOS.dir/__/__/Middlewares/Third_Party/FreeRTOS/Source/list.c.obj
LOAD cmake/stm32cubemx/CMakeFiles/FreeRTOS.dir/__/__/Middlewares/Third_Party/FreeRTOS/Source/queue.c.obj
LOAD cmake/stm32cubemx/CMakeFiles/FreeRTOS.dir/__/__/Middlewares/Third_Party/FreeRTOS/Source/stream_buffer.c.obj
LOAD cmake/stm32cubemx/CMakeFiles/FreeRTOS.dir/__/__/Middlewares/Third_Party/FreeRTOS/Source/tasks.c.obj
LOAD cmake/stm32cubemx/CMakeFiles/FreeRTOS.dir/__/__/Middlewares/Third_Party/FreeRTOS/Source/timers.c.obj
LOAD cmake/stm32cubemx/CMakeFiles/FreeRTOS.dir/__/__/Middlewares/Third_Party/FreeRTOS/Source/CMSIS_RTOS_V2/cmsis_os2.c.obj
LOAD cmake/stm32cubemx/CMakeFiles/FreeRTOS.dir/__/__/Middlewares/Third_Party/FreeRTOS/Source/portable/MemMang/heap_4.c.obj
LOAD cmake/stm32cubemx/CMakeFiles/FreeRTOS.dir/__/__/Middlewares/Third_Party/FreeRTOS/Source/portable/GCC/ARM_CM4F/port.c.obj
LOAD cmake/stm32cubemx/CMakeFiles/FatFs.dir/__/__/Middlewares/Third_Party/FatFs/src/diskio.c.obj
LOAD cmake/stm32cubemx/CMakeFiles/FatFs.dir/__/__/Middlewares/Third_Party/FatFs/src/ff.c.obj
LOAD cmake/stm32cubemx/CMakeFiles/FatFs.dir/__/__/Middlewares/Third_Party/FatFs/src/ff_gen_drv.c.obj
LOAD cmake/stm32cubemx/CMakeFiles/FatFs.dir/__/__/Middlewares/Third_Party/FatFs/src/option/syscall.c.obj
LOAD cmake/stm32cubemx/CMakeFiles/FatFs.dir/__/__/Middlewares/Third_Party/FatFs/src/option/ccsbcs.c.obj
LOAD CMakeFiles/LCD_BUTTON.dir/FATFS/App/fatfs.c.obj
LOAD CMakeFiles/LCD_BUTTON.dir/FATFS/Target/user_diskio.c.obj
LOAD CMakeFiles/LCD_BUTTON.dir/Core/Src/main.c.obj
LOAD CMakeFiles/LCD_BUTTON.dir/Core/Src/freertos.c.obj
LOAD CMakeFiles/LCD_BUTTON.dir/Core/Src/stm32f4xx_it.c.obj
LOAD CMakeFiles/LCD_BUTTON.dir/Core/Src/stm32f4xx_hal_msp.c.obj
LOAD CMakeFiles/LCD_BUTTON.dir/Core/Src/sysmem.c.obj
LOAD CMakeFiles/LCD_BUTTON.dir/Core/Src/syscalls.c.obj
LOAD CMakeFiles/LCD_BUTTON.dir/startup_stm32f401xe.s.obj
LOAD CMakeFiles/LCD_BUTTON.dir/Core/Src/LCD_Show.c.obj
LOAD CMakeFiles/LCD_BUTTON.dir/Core/Src/DS18B20.c.obj
LOAD CMakeFiles/LCD_BUTTON.dir/Core/Src/File_handling_RTOS.c.obj
LOAD CMakeFiles/LCD_BUTTON.dir/Core/Src/fatfs_sd.c.obj
LOAD CMakeFiles/LCD_BUTTON.dir/Core/Src/ssd1306.c.obj
LOAD CMakeFiles/LCD_BUTTON.dir/Core/Src/fonts.c.obj
LOAD C:/ST/STM32CubeCLT_1.19.0/GNU-tools-for-STM32/bin/../lib/gcc/arm-none-eabi/13.3.1/../../../../arm-none-eabi/lib/thumb/v7e-m+fp/hard\libm.a
START GROUP
LOAD C:/ST/STM32CubeCLT_1.19.0/GNU-tools-for-STM32/bin/../lib/gcc/arm-none-eabi/13.3.1/thumb/v7e-m+fp/hard\libgcc.a
LOAD C:/ST/STM32CubeCLT_1.19.0/GNU-tools-for-STM32/bin/../lib/gcc/arm-none-eabi/13.3.1/../../../../arm-none-eabi/lib/thumb/v7e-m+fp/hard\libg_nano.a
LOAD C:/ST/STM32CubeCLT_1.19.0/GNU-tools-for-STM32/bin/../lib/gcc/arm-none-eabi/13.3.1/../../../../arm-none-eabi/lib/thumb/v7e-m+fp/hard\libc_nano.a
END GROUP
START GROUP
LOAD C:/ST/STM32CubeCLT_1.19.0/GNU-tools-for-STM32/bin/../lib/gcc/arm-none-eabi/13.3.1/thumb/v7e-m+fp/hard\libgcc.a
LOAD C:/ST/STM32CubeCLT_1.19.0/GNU-tools-for-STM32/bin/../lib/gcc/arm-none-eabi/13.3.1/../../../../arm-none-eabi/lib/thumb/v7e-m+fp/hard\libc_nano.a
END GROUP
LOAD C:/ST/STM32CubeCLT_1.19.0/GNU-tools-for-STM32/bin/../lib/gcc/arm-none-eabi/13.3.1/thumb/v7e-m+fp/hard/crtend.o
LOAD C:/ST/STM32CubeCLT_1.19.0/GNU-tools-for-STM32/bin/../lib/gcc/arm-none-eabi/13.3.1/thumb/v7e-m+fp/hard/crtn.o
                0x20018000                        _estack = (ORIGIN (RAM) + LENGTH (RAM))
                0x00000200                        _Min_Heap_Size = 0x200
                0x00000400                        _Min_Stack_Size = 0x400

.isr_vector     0x08000000      0x194
                0x08000000                        . = ALIGN (0x4)
 *(.isr_vector)
 .isr_vector    0x08000000      0x194 CMakeFiles/LCD_BUTTON.dir/startup_stm32f401xe.s.obj
                0x08000000                g_pfnVectors
                0x08000194                        . = ALIGN (0x4)

.text           0x080001a0     0xb678
                0x080001a0                        . = ALIGN (0x4)
 *(.text)
 .text          0x080001a0       0x40 C:/ST/STM32CubeCLT_1.19.0/GNU-tools-for-STM32/bin/../lib/gcc/arm-none-eabi/13.3.1/thumb/v7e-m+fp/hard/crtbegin.o
 .text          0x080001e0       0x30 C:/ST/STM32CubeCLT_1.19.0/GNU-tools-for-STM32/bin/../lib/gcc/arm-none-eabi/13.3.1/thumb/v7e-m+fp/hard\libgcc.a(_aeabi_uldivmod.o)
                0x080001e0                __aeabi_uldivmod
 .text          0x08000210      0x2f8 C:/ST/STM32CubeCLT_1.19.0/GNU-tools-for-STM32/bin/../lib/gcc/arm-none-eabi/13.3.1/thumb/v7e-m+fp/hard\libgcc.a(_udivmoddi4.o)
                0x08000210                __udivmoddi4
 .text          0x08000508        0x4 C:/ST/STM32CubeCLT_1.19.0/GNU-tools-for-STM32/bin/../lib/gcc/arm-none-eabi/13.3.1/thumb/v7e-m+fp/hard\libgcc.a(_dvmd_tls.o)
                0x08000508                __aeabi_idiv0
                0x08000508                __aeabi_ldiv0
 .text          0x0800050c       0x10 C:/ST/STM32CubeCLT_1.19.0/GNU-tools-for-STM32/bin/../lib/gcc/arm-none-eabi/13.3.1/../../../../arm-none-eabi/lib/thumb/v7e-m+fp/hard\libg_nano.a(libc_a-strlen.o)
                0x0800050c                strlen
 *fill*         0x0800051c        0x4 
 .text          0x08000520       0xa0 C:/ST/STM32CubeCLT_1.19.0/GNU-tools-for-STM32/bin/../lib/gcc/arm-none-eabi/13.3.1/../../../../arm-none-eabi/lib/thumb/v7e-m+fp/hard\libg_nano.a(libc_a-memchr.o)
                0x08000520                memchr
 *(.text*)
 .text.SystemInit
                0x080005c0       0x24 cmake/stm32cubemx/CMakeFiles/STM32_Drivers.dir/__/__/Core/Src/system_stm32f4xx.c.obj
                0x080005c0                SystemInit
 .text.HAL_RCC_OscConfig
                0x080005e4      0x4f0 cmake/stm32cubemx/CMakeFiles/STM32_Drivers.dir/__/__/Drivers/STM32F4xx_HAL_Driver/Src/stm32f4xx_hal_rcc.c.obj
                0x080005e4                HAL_RCC_OscConfig
 .text.HAL_RCC_ClockConfig
                0x08000ad4      0x1cc cmake/stm32cubemx/CMakeFiles/STM32_Drivers.dir/__/__/Drivers/STM32F4xx_HAL_Driver/Src/stm32f4xx_hal_rcc.c.obj
                0x08000ad4                HAL_RCC_ClockConfig
 .text.HAL_RCC_GetSysClockFreq
                0x08000ca0      0x20c cmake/stm32cubemx/CMakeFiles/STM32_Drivers.dir/__/__/Drivers/STM32F4xx_HAL_Driver/Src/stm32f4xx_hal_rcc.c.obj
                0x08000ca0                HAL_RCC_GetSysClockFreq
 .text.HAL_GPIO_Init
                0x08000eac      0x308 cmake/stm32cubemx/CMakeFiles/STM32_Drivers.dir/__/__/Drivers/STM32F4xx_HAL_Driver/Src/stm32f4xx_hal_gpio.c.obj
                0x08000eac                HAL_GPIO_Init
 .text.HAL_GPIO_ReadPin
                0x080011b4       0x30 cmake/stm32cubemx/CMakeFiles/STM32_Drivers.dir/__/__/Drivers/STM32F4xx_HAL_Driver/Src/stm32f4xx_hal_gpio.c.obj
                0x080011b4                HAL_GPIO_ReadPin
 .text.HAL_GPIO_WritePin
                0x080011e4       0x32 cmake/stm32cubemx/CMakeFiles/STM32_Drivers.dir/__/__/Drivers/STM32F4xx_HAL_Driver/Src/stm32f4xx_hal_gpio.c.obj
                0x080011e4                HAL_GPIO_WritePin
 *fill*         0x08001216        0x2 
 .text.__NVIC_SetPriorityGrouping
                0x08001218       0x48 cmake/stm32cubemx/CMakeFiles/STM32_Drivers.dir/__/__/Drivers/STM32F4xx_HAL_Driver/Src/stm32f4xx_hal_cortex.c.obj
 .text.__NVIC_GetPriorityGrouping
                0x08001260       0x1c cmake/stm32cubemx/CMakeFiles/STM32_Drivers.dir/__/__/Drivers/STM32F4xx_HAL_Driver/Src/stm32f4xx_hal_cortex.c.obj
 .text.__NVIC_SetPriority
                0x0800127c       0x54 cmake/stm32cubemx/CMakeFiles/STM32_Drivers.dir/__/__/Drivers/STM32F4xx_HAL_Driver/Src/stm32f4xx_hal_cortex.c.obj
 .text.NVIC_EncodePriority
                0x080012d0       0x66 cmake/stm32cubemx/CMakeFiles/STM32_Drivers.dir/__/__/Drivers/STM32F4xx_HAL_Driver/Src/stm32f4xx_hal_cortex.c.obj
 *fill*         0x08001336        0x2 
 .text.SysTick_Config
                0x08001338       0x44 cmake/stm32cubemx/CMakeFiles/STM32_Drivers.dir/__/__/Drivers/STM32F4xx_HAL_Driver/Src/stm32f4xx_hal_cortex.c.obj
 .text.HAL_NVIC_SetPriorityGrouping
                0x0800137c       0x16 cmake/stm32cubemx/CMakeFiles/STM32_Drivers.dir/__/__/Drivers/STM32F4xx_HAL_Driver/Src/stm32f4xx_hal_cortex.c.obj
                0x0800137c                HAL_NVIC_SetPriorityGrouping
 .text.HAL_NVIC_SetPriority
                0x08001392       0x38 cmake/stm32cubemx/CMakeFiles/STM32_Drivers.dir/__/__/Drivers/STM32F4xx_HAL_Driver/Src/stm32f4xx_hal_cortex.c.obj
                0x08001392                HAL_NVIC_SetPriority
 .text.HAL_SYSTICK_Config
                0x080013ca       0x18 cmake/stm32cubemx/CMakeFiles/STM32_Drivers.dir/__/__/Drivers/STM32F4xx_HAL_Driver/Src/stm32f4xx_hal_cortex.c.obj
                0x080013ca                HAL_SYSTICK_Config
 *fill*         0x080013e2        0x2 
 .text.HAL_Init
                0x080013e4       0x44 cmake/stm32cubemx/CMakeFiles/STM32_Drivers.dir/__/__/Drivers/STM32F4xx_HAL_Driver/Src/stm32f4xx_hal.c.obj
                0x080013e4                HAL_Init
 .text.HAL_InitTick
                0x08001428       0x60 cmake/stm32cubemx/CMakeFiles/STM32_Drivers.dir/__/__/Drivers/STM32F4xx_HAL_Driver/Src/stm32f4xx_hal.c.obj
                0x08001428                HAL_InitTick
 .text.HAL_IncTick
                0x08001488       0x28 cmake/stm32cubemx/CMakeFiles/STM32_Drivers.dir/__/__/Drivers/STM32F4xx_HAL_Driver/Src/stm32f4xx_hal.c.obj
                0x08001488                HAL_IncTick
 .text.HAL_GetTick
                0x080014b0       0x18 cmake/stm32cubemx/CMakeFiles/STM32_Drivers.dir/__/__/Drivers/STM32F4xx_HAL_Driver/Src/stm32f4xx_hal.c.obj
                0x080014b0                HAL_GetTick
 .text.HAL_Delay
                0x080014c8       0x48 cmake/stm32cubemx/CMakeFiles/STM32_Drivers.dir/__/__/Drivers/STM32F4xx_HAL_Driver/Src/stm32f4xx_hal.c.obj
                0x080014c8                HAL_Delay
 .text.HAL_I2C_Master_Transmit
                0x08001510      0x1fc cmake/stm32cubemx/CMakeFiles/STM32_Drivers.dir/__/__/Drivers/STM32F4xx_HAL_Driver/Src/stm32f4xx_hal_i2c.c.obj
                0x08001510                HAL_I2C_Master_Transmit
 .text.HAL_I2C_IsDeviceReady
                0x0800170c      0x25c cmake/stm32cubemx/CMakeFiles/STM32_Drivers.dir/__/__/Drivers/STM32F4xx_HAL_Driver/Src/stm32f4xx_hal_i2c.c.obj
                0x0800170c                HAL_I2C_IsDeviceReady
 .text.I2C_MasterRequestWrite
                0x08001968      0x104 cmake/stm32cubemx/CMakeFiles/STM32_Drivers.dir/__/__/Drivers/STM32F4xx_HAL_Driver/Src/stm32f4xx_hal_i2c.c.obj
 .text.I2C_WaitOnFlagUntilTimeout
                0x08001a6c       0xf4 cmake/stm32cubemx/CMakeFiles/STM32_Drivers.dir/__/__/Drivers/STM32F4xx_HAL_Driver/Src/stm32f4xx_hal_i2c.c.obj
 .text.I2C_WaitOnMasterAddressFlagUntilTimeout
                0x08001b60      0x140 cmake/stm32cubemx/CMakeFiles/STM32_Drivers.dir/__/__/Drivers/STM32F4xx_HAL_Driver/Src/stm32f4xx_hal_i2c.c.obj
 .text.I2C_WaitOnTXEFlagUntilTimeout
                0x08001ca0       0x90 cmake/stm32cubemx/CMakeFiles/STM32_Drivers.dir/__/__/Drivers/STM32F4xx_HAL_Driver/Src/stm32f4xx_hal_i2c.c.obj
 .text.I2C_WaitOnBTFFlagUntilTimeout
                0x08001d30       0x90 cmake/stm32cubemx/CMakeFiles/STM32_Drivers.dir/__/__/Drivers/STM32F4xx_HAL_Driver/Src/stm32f4xx_hal_i2c.c.obj
 .text.I2C_IsAcknowledgeFailed
                0x08001dc0       0x5e cmake/stm32cubemx/CMakeFiles/STM32_Drivers.dir/__/__/Drivers/STM32F4xx_HAL_Driver/Src/stm32f4xx_hal_i2c.c.obj
 .text.HAL_SPI_Init
                0x08001e1e      0x112 cmake/stm32cubemx/CMakeFiles/STM32_Drivers.dir/__/__/Drivers/STM32F4xx_HAL_Driver/Src/stm32f4xx_hal_spi.c.obj
                0x08001e1e                HAL_SPI_Init
 .text.HAL_SPI_TransmitReceive
                0x08001f30      0x352 cmake/stm32cubemx/CMakeFiles/STM32_Drivers.dir/__/__/Drivers/STM32F4xx_HAL_Driver/Src/stm32f4xx_hal_spi.c.obj
                0x08001f30                HAL_SPI_TransmitReceive
 *fill*         0x08002282        0x2 
 .text.SPI_WaitFlagStateUntilTimeout
                0x08002284      0x110 cmake/stm32cubemx/CMakeFiles/STM32_Drivers.dir/__/__/Drivers/STM32F4xx_HAL_Driver/Src/stm32f4xx_hal_spi.c.obj
 .text.SPI_EndRxTxTransaction
                0x08002394       0xa8 cmake/stm32cubemx/CMakeFiles/STM32_Drivers.dir/__/__/Drivers/STM32F4xx_HAL_Driver/Src/stm32f4xx_hal_spi.c.obj
 .text.HAL_UART_Transmit
                0x0800243c      0x116 cmake/stm32cubemx/CMakeFiles/STM32_Drivers.dir/__/__/Drivers/STM32F4xx_HAL_Driver/Src/stm32f4xx_hal_uart.c.obj
                0x0800243c                HAL_UART_Transmit
 .text.UART_WaitOnFlagUntilTimeout
                0x08002552       0xb2 cmake/stm32cubemx/CMakeFiles/STM32_Drivers.dir/__/__/Drivers/STM32F4xx_HAL_Driver/Src/stm32f4xx_hal_uart.c.obj
 .text.UART_EndRxTransfer
                0x08002604       0xc6 cmake/stm32cubemx/CMakeFiles/STM32_Drivers.dir/__/__/Drivers/STM32F4xx_HAL_Driver/Src/stm32f4xx_hal_uart.c.obj
 .text.vListInitialise
                0x080026ca       0x40 cmake/stm32cubemx/CMakeFiles/FreeRTOS.dir/__/__/Middlewares/Third_Party/FreeRTOS/Source/list.c.obj
                0x080026ca                vListInitialise
 .text.vListInitialiseItem
                0x0800270a       0x1a cmake/stm32cubemx/CMakeFiles/FreeRTOS.dir/__/__/Middlewares/Third_Party/FreeRTOS/Source/list.c.obj
                0x0800270a                vListInitialiseItem
 .text.vListInsertEnd
                0x08002724       0x48 cmake/stm32cubemx/CMakeFiles/FreeRTOS.dir/__/__/Middlewares/Third_Party/FreeRTOS/Source/list.c.obj
                0x08002724                vListInsertEnd
 .text.vListInsert
                0x0800276c       0x72 cmake/stm32cubemx/CMakeFiles/FreeRTOS.dir/__/__/Middlewares/Third_Party/FreeRTOS/Source/list.c.obj
                0x0800276c                vListInsert
 .text.uxListRemove
                0x080027de       0x54 cmake/stm32cubemx/CMakeFiles/FreeRTOS.dir/__/__/Middlewares/Third_Party/FreeRTOS/Source/list.c.obj
                0x080027de                uxListRemove
 *fill*         0x08002832        0x2 
 .text.xQueueGenericReset
                0x08002834       0xd4 cmake/stm32cubemx/CMakeFiles/FreeRTOS.dir/__/__/Middlewares/Third_Party/FreeRTOS/Source/queue.c.obj
                0x08002834                xQueueGenericReset
 .text.xQueueGenericCreateStatic
                0x08002908       0xfa cmake/stm32cubemx/CMakeFiles/FreeRTOS.dir/__/__/Middlewares/Third_Party/FreeRTOS/Source/queue.c.obj
                0x08002908                xQueueGenericCreateStatic
 .text.xQueueGenericCreate
                0x08002a02       0x76 cmake/stm32cubemx/CMakeFiles/FreeRTOS.dir/__/__/Middlewares/Third_Party/FreeRTOS/Source/queue.c.obj
                0x08002a02                xQueueGenericCreate
 .text.prvInitialiseNewQueue
                0x08002a78       0x46 cmake/stm32cubemx/CMakeFiles/FreeRTOS.dir/__/__/Middlewares/Third_Party/FreeRTOS/Source/queue.c.obj
 .text.xQueueCreateCountingSemaphoreStatic
                0x08002abe       0x72 cmake/stm32cubemx/CMakeFiles/FreeRTOS.dir/__/__/Middlewares/Third_Party/FreeRTOS/Source/queue.c.obj
                0x08002abe                xQueueCreateCountingSemaphoreStatic
 .text.xQueueCreateCountingSemaphore
                0x08002b30       0x6a cmake/stm32cubemx/CMakeFiles/FreeRTOS.dir/__/__/Middlewares/Third_Party/FreeRTOS/Source/queue.c.obj
                0x08002b30                xQueueCreateCountingSemaphore
 *fill*         0x08002b9a        0x2 
 .text.xQueueGenericSend
                0x08002b9c      0x204 cmake/stm32cubemx/CMakeFiles/FreeRTOS.dir/__/__/Middlewares/Third_Party/FreeRTOS/Source/queue.c.obj
                0x08002b9c                xQueueGenericSend
 .text.xQueueGenericSendFromISR
                0x08002da0      0x13c cmake/stm32cubemx/CMakeFiles/FreeRTOS.dir/__/__/Middlewares/Third_Party/FreeRTOS/Source/queue.c.obj
                0x08002da0                xQueueGenericSendFromISR
 .text.xQueueGiveFromISR
                0x08002edc      0x120 cmake/stm32cubemx/CMakeFiles/FreeRTOS.dir/__/__/Middlewares/Third_Party/FreeRTOS/Source/queue.c.obj
                0x08002edc                xQueueGiveFromISR
 .text.xQueueReceive
                0x08002ffc      0x1c4 cmake/stm32cubemx/CMakeFiles/FreeRTOS.dir/__/__/Middlewares/Third_Party/FreeRTOS/Source/queue.c.obj
                0x08002ffc                xQueueReceive
 .text.xQueueSemaphoreTake
                0x080031c0      0x220 cmake/stm32cubemx/CMakeFiles/FreeRTOS.dir/__/__/Middlewares/Third_Party/FreeRTOS/Source/queue.c.obj
                0x080031c0                xQueueSemaphoreTake
 .text.xQueueReceiveFromISR
                0x080033e0      0x104 cmake/stm32cubemx/CMakeFiles/FreeRTOS.dir/__/__/Middlewares/Third_Party/FreeRTOS/Source/queue.c.obj
                0x080033e0                xQueueReceiveFromISR
 .text.vQueueDelete
                0x080034e4       0x48 cmake/stm32cubemx/CMakeFiles/FreeRTOS.dir/__/__/Middlewares/Third_Party/FreeRTOS/Source/queue.c.obj
                0x080034e4                vQueueDelete
 .text.prvGetDisinheritPriorityAfterTimeout
                0x0800352c       0x30 cmake/stm32cubemx/CMakeFiles/FreeRTOS.dir/__/__/Middlewares/Third_Party/FreeRTOS/Source/queue.c.obj
 .text.prvCopyDataToQueue
                0x0800355c       0xd4 cmake/stm32cubemx/CMakeFiles/FreeRTOS.dir/__/__/Middlewares/Third_Party/FreeRTOS/Source/queue.c.obj
 .text.prvCopyDataFromQueue
                0x08003630       0x4c cmake/stm32cubemx/CMakeFiles/FreeRTOS.dir/__/__/Middlewares/Third_Party/FreeRTOS/Source/queue.c.obj
 .text.prvUnlockQueue
                0x0800367c       0xa4 cmake/stm32cubemx/CMakeFiles/FreeRTOS.dir/__/__/Middlewares/Third_Party/FreeRTOS/Source/queue.c.obj
 .text.prvIsQueueEmpty
                0x08003720       0x2c cmake/stm32cubemx/CMakeFiles/FreeRTOS.dir/__/__/Middlewares/Third_Party/FreeRTOS/Source/queue.c.obj
 .text.prvIsQueueFull
                0x0800374c       0x30 cmake/stm32cubemx/CMakeFiles/FreeRTOS.dir/__/__/Middlewares/Third_Party/FreeRTOS/Source/queue.c.obj
 .text.vQueueAddToRegistry
                0x0800377c       0x54 cmake/stm32cubemx/CMakeFiles/FreeRTOS.dir/__/__/Middlewares/Third_Party/FreeRTOS/Source/queue.c.obj
                0x0800377c                vQueueAddToRegistry
 .text.vQueueUnregisterQueue
                0x080037d0       0x54 cmake/stm32cubemx/CMakeFiles/FreeRTOS.dir/__/__/Middlewares/Third_Party/FreeRTOS/Source/queue.c.obj
                0x080037d0                vQueueUnregisterQueue
 .text.vQueueWaitForMessageRestricted
                0x08003824       0x68 cmake/stm32cubemx/CMakeFiles/FreeRTOS.dir/__/__/Middlewares/Third_Party/FreeRTOS/Source/queue.c.obj
                0x08003824                vQueueWaitForMessageRestricted
 .text.xTaskCreateStatic
                0x0800388c       0xc0 cmake/stm32cubemx/CMakeFiles/FreeRTOS.dir/__/__/Middlewares/Third_Party/FreeRTOS/Source/tasks.c.obj
                0x0800388c                xTaskCreateStatic
 .text.xTaskCreate
                0x0800394c       0x8a cmake/stm32cubemx/CMakeFiles/FreeRTOS.dir/__/__/Middlewares/Third_Party/FreeRTOS/Source/tasks.c.obj
                0x0800394c                xTaskCreate
 .text.prvInitialiseNewTask
                0x080039d6      0x120 cmake/stm32cubemx/CMakeFiles/FreeRTOS.dir/__/__/Middlewares/Third_Party/FreeRTOS/Source/tasks.c.obj
 *fill*         0x08003af6        0x2 
 .text.prvAddNewTaskToReadyList
                0x08003af8       0xe0 cmake/stm32cubemx/CMakeFiles/FreeRTOS.dir/__/__/Middlewares/Third_Party/FreeRTOS/Source/tasks.c.obj
 .text.vTaskDelay
                0x08003bd8       0x6c cmake/stm32cubemx/CMakeFiles/FreeRTOS.dir/__/__/Middlewares/Third_Party/FreeRTOS/Source/tasks.c.obj
                0x08003bd8                vTaskDelay
 .text.vTaskStartScheduler
                0x08003c44       0xd0 cmake/stm32cubemx/CMakeFiles/FreeRTOS.dir/__/__/Middlewares/Third_Party/FreeRTOS/Source/tasks.c.obj
                0x08003c44                vTaskStartScheduler
 .text.vTaskSuspendAll
                0x08003d14       0x1c cmake/stm32cubemx/CMakeFiles/FreeRTOS.dir/__/__/Middlewares/Third_Party/FreeRTOS/Source/tasks.c.obj
                0x08003d14                vTaskSuspendAll
 .text.xTaskResumeAll
                0x08003d30      0x13c cmake/stm32cubemx/CMakeFiles/FreeRTOS.dir/__/__/Middlewares/Third_Party/FreeRTOS/Source/tasks.c.obj
                0x08003d30                xTaskResumeAll
 .text.xTaskGetTickCount
                0x08003e6c       0x20 cmake/stm32cubemx/CMakeFiles/FreeRTOS.dir/__/__/Middlewares/Third_Party/FreeRTOS/Source/tasks.c.obj
                0x08003e6c                xTaskGetTickCount
 .text.xTaskIncrementTick
                0x08003e8c      0x174 cmake/stm32cubemx/CMakeFiles/FreeRTOS.dir/__/__/Middlewares/Third_Party/FreeRTOS/Source/tasks.c.obj
                0x08003e8c                xTaskIncrementTick
 .text.vTaskSwitchContext
                0x08004000       0xbc cmake/stm32cubemx/CMakeFiles/FreeRTOS.dir/__/__/Middlewares/Third_Party/FreeRTOS/Source/tasks.c.obj
                0x08004000                vTaskSwitchContext
 .text.vTaskPlaceOnEventList
                0x080040bc       0x4c cmake/stm32cubemx/CMakeFiles/FreeRTOS.dir/__/__/Middlewares/Third_Party/FreeRTOS/Source/tasks.c.obj
                0x080040bc                vTaskPlaceOnEventList
 .text.vTaskPlaceOnEventListRestricted
                0x08004108       0x58 cmake/stm32cubemx/CMakeFiles/FreeRTOS.dir/__/__/Middlewares/Third_Party/FreeRTOS/Source/tasks.c.obj
                0x08004108                vTaskPlaceOnEventListRestricted
 .text.xTaskRemoveFromEventList
                0x08004160       0xc8 cmake/stm32cubemx/CMakeFiles/FreeRTOS.dir/__/__/Middlewares/Third_Party/FreeRTOS/Source/tasks.c.obj
                0x08004160                xTaskRemoveFromEventList
 .text.vTaskInternalSetTimeOutState
                0x08004228       0x2c cmake/stm32cubemx/CMakeFiles/FreeRTOS.dir/__/__/Middlewares/Third_Party/FreeRTOS/Source/tasks.c.obj
                0x08004228                vTaskInternalSetTimeOutState
 .text.xTaskCheckForTimeOut
                0x08004254       0xc8 cmake/stm32cubemx/CMakeFiles/FreeRTOS.dir/__/__/Middlewares/Third_Party/FreeRTOS/Source/tasks.c.obj
                0x08004254                xTaskCheckForTimeOut
 .text.vTaskMissedYield
                0x0800431c       0x18 cmake/stm32cubemx/CMakeFiles/FreeRTOS.dir/__/__/Middlewares/Third_Party/FreeRTOS/Source/tasks.c.obj
                0x0800431c                vTaskMissedYield
 .text.prvIdleTask
                0x08004334       0x30 cmake/stm32cubemx/CMakeFiles/FreeRTOS.dir/__/__/Middlewares/Third_Party/FreeRTOS/Source/tasks.c.obj
 .text.prvInitialiseTaskLists
                0x08004364       0x80 cmake/stm32cubemx/CMakeFiles/FreeRTOS.dir/__/__/Middlewares/Third_Party/FreeRTOS/Source/tasks.c.obj
 .text.prvCheckTasksWaitingTermination
                0x080043e4       0x5c cmake/stm32cubemx/CMakeFiles/FreeRTOS.dir/__/__/Middlewares/Third_Party/FreeRTOS/Source/tasks.c.obj
 .text.prvDeleteTCB
                0x08004440       0x60 cmake/stm32cubemx/CMakeFiles/FreeRTOS.dir/__/__/Middlewares/Third_Party/FreeRTOS/Source/tasks.c.obj
 .text.prvResetNextTaskUnblockTime
                0x080044a0       0x40 cmake/stm32cubemx/CMakeFiles/FreeRTOS.dir/__/__/Middlewares/Third_Party/FreeRTOS/Source/tasks.c.obj
 .text.xTaskGetSchedulerState
                0x080044e0       0x3c cmake/stm32cubemx/CMakeFiles/FreeRTOS.dir/__/__/Middlewares/Third_Party/FreeRTOS/Source/tasks.c.obj
                0x080044e0                xTaskGetSchedulerState
 .text.xTaskPriorityInherit
                0x0800451c       0xd0 cmake/stm32cubemx/CMakeFiles/FreeRTOS.dir/__/__/Middlewares/Third_Party/FreeRTOS/Source/tasks.c.obj
                0x0800451c                xTaskPriorityInherit
 .text.xTaskPriorityDisinherit
                0x080045ec       0xe0 cmake/stm32cubemx/CMakeFiles/FreeRTOS.dir/__/__/Middlewares/Third_Party/FreeRTOS/Source/tasks.c.obj
                0x080045ec                xTaskPriorityDisinherit
 .text.vTaskPriorityDisinheritAfterTimeout
                0x080046cc      0x108 cmake/stm32cubemx/CMakeFiles/FreeRTOS.dir/__/__/Middlewares/Third_Party/FreeRTOS/Source/tasks.c.obj
                0x080046cc                vTaskPriorityDisinheritAfterTimeout
 .text.pvTaskIncrementMutexHeldCount
                0x080047d4       0x28 cmake/stm32cubemx/CMakeFiles/FreeRTOS.dir/__/__/Middlewares/Third_Party/FreeRTOS/Source/tasks.c.obj
                0x080047d4                pvTaskIncrementMutexHeldCount
 .text.prvAddCurrentTaskToDelayedList
                0x080047fc       0xa8 cmake/stm32cubemx/CMakeFiles/FreeRTOS.dir/__/__/Middlewares/Third_Party/FreeRTOS/Source/tasks.c.obj
 .text.xTimerCreateTimerTask
                0x080048a4       0x94 cmake/stm32cubemx/CMakeFiles/FreeRTOS.dir/__/__/Middlewares/Third_Party/FreeRTOS/Source/timers.c.obj
                0x080048a4                xTimerCreateTimerTask
 .text.xTimerGenericCommand
                0x08004938       0x9c cmake/stm32cubemx/CMakeFiles/FreeRTOS.dir/__/__/Middlewares/Third_Party/FreeRTOS/Source/timers.c.obj
                0x08004938                xTimerGenericCommand
 .text.prvProcessExpiredTimer
                0x080049d4       0x9c cmake/stm32cubemx/CMakeFiles/FreeRTOS.dir/__/__/Middlewares/Third_Party/FreeRTOS/Source/timers.c.obj
 .text.prvTimerTask
                0x08004a70       0x26 cmake/stm32cubemx/CMakeFiles/FreeRTOS.dir/__/__/Middlewares/Third_Party/FreeRTOS/Source/timers.c.obj
 *fill*         0x08004a96        0x2 
 .text.prvProcessTimerOrBlockTask
                0x08004a98       0x9c cmake/stm32cubemx/CMakeFiles/FreeRTOS.dir/__/__/Middlewares/Third_Party/FreeRTOS/Source/timers.c.obj
 .text.prvGetNextExpireTime
                0x08004b34       0x48 cmake/stm32cubemx/CMakeFiles/FreeRTOS.dir/__/__/Middlewares/Third_Party/FreeRTOS/Source/timers.c.obj
 .text.prvSampleTimeNow
                0x08004b7c       0x40 cmake/stm32cubemx/CMakeFiles/FreeRTOS.dir/__/__/Middlewares/Third_Party/FreeRTOS/Source/timers.c.obj
 .text.prvInsertTimerInActiveList
                0x08004bbc       0x84 cmake/stm32cubemx/CMakeFiles/FreeRTOS.dir/__/__/Middlewares/Third_Party/FreeRTOS/Source/timers.c.obj
 .text.prvProcessReceivedCommands
                0x08004c40      0x1cc cmake/stm32cubemx/CMakeFiles/FreeRTOS.dir/__/__/Middlewares/Third_Party/FreeRTOS/Source/timers.c.obj
 .text.prvSwitchTimerLists
                0x08004e0c       0xcc cmake/stm32cubemx/CMakeFiles/FreeRTOS.dir/__/__/Middlewares/Third_Party/FreeRTOS/Source/timers.c.obj
 .text.prvCheckForValidListAndQueue
                0x08004ed8       0x80 cmake/stm32cubemx/CMakeFiles/FreeRTOS.dir/__/__/Middlewares/Third_Party/FreeRTOS/Source/timers.c.obj
 .text.osDelay  0x08004f58       0x36 cmake/stm32cubemx/CMakeFiles/FreeRTOS.dir/__/__/Middlewares/Third_Party/FreeRTOS/Source/CMSIS_RTOS_V2/cmsis_os2.c.obj
                0x08004f58                osDelay
 .text.osSemaphoreNew
                0x08004f8e      0x112 cmake/stm32cubemx/CMakeFiles/FreeRTOS.dir/__/__/Middlewares/Third_Party/FreeRTOS/Source/CMSIS_RTOS_V2/cmsis_os2.c.obj
                0x08004f8e                osSemaphoreNew
 .text.osSemaphoreAcquire
                0x080050a0       0xa4 cmake/stm32cubemx/CMakeFiles/FreeRTOS.dir/__/__/Middlewares/Third_Party/FreeRTOS/Source/CMSIS_RTOS_V2/cmsis_os2.c.obj
                0x080050a0                osSemaphoreAcquire
 .text.osSemaphoreRelease
                0x08005144       0x88 cmake/stm32cubemx/CMakeFiles/FreeRTOS.dir/__/__/Middlewares/Third_Party/FreeRTOS/Source/CMSIS_RTOS_V2/cmsis_os2.c.obj
                0x08005144                osSemaphoreRelease
 .text.osSemaphoreDelete
                0x080051cc       0x48 cmake/stm32cubemx/CMakeFiles/FreeRTOS.dir/__/__/Middlewares/Third_Party/FreeRTOS/Source/CMSIS_RTOS_V2/cmsis_os2.c.obj
                0x080051cc                osSemaphoreDelete
 .text.vApplicationGetIdleTaskMemory
                0x08005214       0x34 cmake/stm32cubemx/CMakeFiles/FreeRTOS.dir/__/__/Middlewares/Third_Party/FreeRTOS/Source/CMSIS_RTOS_V2/cmsis_os2.c.obj
                0x08005214                vApplicationGetIdleTaskMemory
 .text.vApplicationGetTimerTaskMemory
                0x08005248       0x34 cmake/stm32cubemx/CMakeFiles/FreeRTOS.dir/__/__/Middlewares/Third_Party/FreeRTOS/Source/CMSIS_RTOS_V2/cmsis_os2.c.obj
                0x08005248                vApplicationGetTimerTaskMemory
 .text.pvPortMalloc
                0x0800527c      0x19c cmake/stm32cubemx/CMakeFiles/FreeRTOS.dir/__/__/Middlewares/Third_Party/FreeRTOS/Source/portable/MemMang/heap_4.c.obj
                0x0800527c                pvPortMalloc
 .text.vPortFree
                0x08005418       0xc8 cmake/stm32cubemx/CMakeFiles/FreeRTOS.dir/__/__/Middlewares/Third_Party/FreeRTOS/Source/portable/MemMang/heap_4.c.obj
                0x08005418                vPortFree
 .text.prvHeapInit
                0x080054e0       0xc4 cmake/stm32cubemx/CMakeFiles/FreeRTOS.dir/__/__/Middlewares/Third_Party/FreeRTOS/Source/portable/MemMang/heap_4.c.obj
 .text.prvInsertBlockIntoFreeList
                0x080055a4       0xb4 cmake/stm32cubemx/CMakeFiles/FreeRTOS.dir/__/__/Middlewares/Third_Party/FreeRTOS/Source/portable/MemMang/heap_4.c.obj
 .text.pxPortInitialiseStack
                0x08005658       0x68 cmake/stm32cubemx/CMakeFiles/FreeRTOS.dir/__/__/Middlewares/Third_Party/FreeRTOS/Source/portable/GCC/ARM_CM4F/port.c.obj
                0x08005658                pxPortInitialiseStack
 .text.prvTaskExitError
                0x080056c0       0x5c cmake/stm32cubemx/CMakeFiles/FreeRTOS.dir/__/__/Middlewares/Third_Party/FreeRTOS/Source/portable/GCC/ARM_CM4F/port.c.obj
 *fill*         0x0800571c        0x4 
 .text.SVC_Handler
                0x08005720       0x28 cmake/stm32cubemx/CMakeFiles/FreeRTOS.dir/__/__/Middlewares/Third_Party/FreeRTOS/Source/portable/GCC/ARM_CM4F/port.c.obj
                0x08005720                SVC_Handler
 .text.prvPortStartFirstTask
                0x08005748       0x28 cmake/stm32cubemx/CMakeFiles/FreeRTOS.dir/__/__/Middlewares/Third_Party/FreeRTOS/Source/portable/GCC/ARM_CM4F/port.c.obj
 .text.xPortStartScheduler
                0x08005770      0x148 cmake/stm32cubemx/CMakeFiles/FreeRTOS.dir/__/__/Middlewares/Third_Party/FreeRTOS/Source/portable/GCC/ARM_CM4F/port.c.obj
                0x08005770                xPortStartScheduler
 .text.vPortEnterCritical
                0x080058b8       0x64 cmake/stm32cubemx/CMakeFiles/FreeRTOS.dir/__/__/Middlewares/Third_Party/FreeRTOS/Source/portable/GCC/ARM_CM4F/port.c.obj
                0x080058b8                vPortEnterCritical
 .text.vPortExitCritical
                0x0800591c       0x54 cmake/stm32cubemx/CMakeFiles/FreeRTOS.dir/__/__/Middlewares/Third_Party/FreeRTOS/Source/portable/GCC/ARM_CM4F/port.c.obj
                0x0800591c                vPortExitCritical
 .text.PendSV_Handler
                0x08005970       0x68 cmake/stm32cubemx/CMakeFiles/FreeRTOS.dir/__/__/Middlewares/Third_Party/FreeRTOS/Source/portable/GCC/ARM_CM4F/port.c.obj
                0x08005970                PendSV_Handler
 .text.xPortSysTickHandler
                0x080059d8       0x44 cmake/stm32cubemx/CMakeFiles/FreeRTOS.dir/__/__/Middlewares/Third_Party/FreeRTOS/Source/portable/GCC/ARM_CM4F/port.c.obj
                0x080059d8                xPortSysTickHandler
 .text.vPortSetupTimerInterrupt
                0x08005a1c       0x48 cmake/stm32cubemx/CMakeFiles/FreeRTOS.dir/__/__/Middlewares/Third_Party/FreeRTOS/Source/portable/GCC/ARM_CM4F/port.c.obj
                0x08005a1c                vPortSetupTimerInterrupt
 .text.vPortEnableVFP
                0x08005a64       0x14 cmake/stm32cubemx/CMakeFiles/FreeRTOS.dir/__/__/Middlewares/Third_Party/FreeRTOS/Source/portable/GCC/ARM_CM4F/port.c.obj
 .text.vPortValidateInterruptPriority
                0x08005a78       0x84 cmake/stm32cubemx/CMakeFiles/FreeRTOS.dir/__/__/Middlewares/Third_Party/FreeRTOS/Source/portable/GCC/ARM_CM4F/port.c.obj
                0x08005a78                vPortValidateInterruptPriority
 .text.disk_status
                0x08005afc       0x34 cmake/stm32cubemx/CMakeFiles/FatFs.dir/__/__/Middlewares/Third_Party/FatFs/src/diskio.c.obj
                0x08005afc                disk_status
 .text.disk_initialize
                0x08005b30       0x50 cmake/stm32cubemx/CMakeFiles/FatFs.dir/__/__/Middlewares/Third_Party/FatFs/src/diskio.c.obj
                0x08005b30                disk_initialize
 .text.disk_read
                0x08005b80       0x40 cmake/stm32cubemx/CMakeFiles/FatFs.dir/__/__/Middlewares/Third_Party/FatFs/src/diskio.c.obj
                0x08005b80                disk_read
 .text.disk_write
                0x08005bc0       0x40 cmake/stm32cubemx/CMakeFiles/FatFs.dir/__/__/Middlewares/Third_Party/FatFs/src/diskio.c.obj
                0x08005bc0                disk_write
 .text.disk_ioctl
                0x08005c00       0x3c cmake/stm32cubemx/CMakeFiles/FatFs.dir/__/__/Middlewares/Third_Party/FatFs/src/diskio.c.obj
                0x08005c00                disk_ioctl
 .text.ld_word  0x08005c3c       0x32 cmake/stm32cubemx/CMakeFiles/FatFs.dir/__/__/Middlewares/Third_Party/FatFs/src/ff.c.obj
 .text.ld_dword
                0x08005c6e       0x46 cmake/stm32cubemx/CMakeFiles/FatFs.dir/__/__/Middlewares/Third_Party/FatFs/src/ff.c.obj
 .text.st_word  0x08005cb4       0x36 cmake/stm32cubemx/CMakeFiles/FatFs.dir/__/__/Middlewares/Third_Party/FatFs/src/ff.c.obj
 .text.st_dword
                0x08005cea       0x58 cmake/stm32cubemx/CMakeFiles/FatFs.dir/__/__/Middlewares/Third_Party/FatFs/src/ff.c.obj
 .text.mem_cpy  0x08005d42       0x42 cmake/stm32cubemx/CMakeFiles/FatFs.dir/__/__/Middlewares/Third_Party/FatFs/src/ff.c.obj
 .text.mem_set  0x08005d84       0x36 cmake/stm32cubemx/CMakeFiles/FatFs.dir/__/__/Middlewares/Third_Party/FatFs/src/ff.c.obj
 .text.mem_cmp  0x08005dba       0x4e cmake/stm32cubemx/CMakeFiles/FatFs.dir/__/__/Middlewares/Third_Party/FatFs/src/ff.c.obj
 .text.chk_chr  0x08005e08       0x36 cmake/stm32cubemx/CMakeFiles/FatFs.dir/__/__/Middlewares/Third_Party/FatFs/src/ff.c.obj
 .text.lock_fs  0x08005e3e       0x2c cmake/stm32cubemx/CMakeFiles/FatFs.dir/__/__/Middlewares/Third_Party/FatFs/src/ff.c.obj
 .text.unlock_fs
                0x08005e6a       0x36 cmake/stm32cubemx/CMakeFiles/FatFs.dir/__/__/Middlewares/Third_Party/FatFs/src/ff.c.obj
 .text.chk_lock
                0x08005ea0       0xb8 cmake/stm32cubemx/CMakeFiles/FatFs.dir/__/__/Middlewares/Third_Party/FatFs/src/ff.c.obj
 .text.enq_lock
                0x08005f58       0x44 cmake/stm32cubemx/CMakeFiles/FatFs.dir/__/__/Middlewares/Third_Party/FatFs/src/ff.c.obj
 .text.inc_lock
                0x08005f9c      0x11c cmake/stm32cubemx/CMakeFiles/FatFs.dir/__/__/Middlewares/Third_Party/FatFs/src/ff.c.obj
 .text.dec_lock
                0x080060b8       0x78 cmake/stm32cubemx/CMakeFiles/FatFs.dir/__/__/Middlewares/Third_Party/FatFs/src/ff.c.obj
 .text.clear_lock
                0x08006130       0x48 cmake/stm32cubemx/CMakeFiles/FatFs.dir/__/__/Middlewares/Third_Party/FatFs/src/ff.c.obj
 .text.sync_window
                0x08006178       0x88 cmake/stm32cubemx/CMakeFiles/FatFs.dir/__/__/Middlewares/Third_Party/FatFs/src/ff.c.obj
 .text.move_window
                0x08006200       0x5a cmake/stm32cubemx/CMakeFiles/FatFs.dir/__/__/Middlewares/Third_Party/FatFs/src/ff.c.obj
 *fill*         0x0800625a        0x2 
 .text.sync_fs  0x0800625c       0xe0 cmake/stm32cubemx/CMakeFiles/FatFs.dir/__/__/Middlewares/Third_Party/FatFs/src/ff.c.obj
 .text.clust2sect
                0x0800633c       0x3e cmake/stm32cubemx/CMakeFiles/FatFs.dir/__/__/Middlewares/Third_Party/FatFs/src/ff.c.obj
 .text.get_fat  0x0800637a      0x1a6 cmake/stm32cubemx/CMakeFiles/FatFs.dir/__/__/Middlewares/Third_Party/FatFs/src/ff.c.obj
 .text.put_fat  0x08006520      0x234 cmake/stm32cubemx/CMakeFiles/FatFs.dir/__/__/Middlewares/Third_Party/FatFs/src/ff.c.obj
 .text.remove_chain
                0x08006754       0xca cmake/stm32cubemx/CMakeFiles/FatFs.dir/__/__/Middlewares/Third_Party/FatFs/src/ff.c.obj
 .text.create_chain
                0x0800681e      0x130 cmake/stm32cubemx/CMakeFiles/FatFs.dir/__/__/Middlewares/Third_Party/FatFs/src/ff.c.obj
 .text.clmt_clust
                0x0800694e       0x70 cmake/stm32cubemx/CMakeFiles/FatFs.dir/__/__/Middlewares/Third_Party/FatFs/src/ff.c.obj
 .text.dir_sdi  0x080069be      0x112 cmake/stm32cubemx/CMakeFiles/FatFs.dir/__/__/Middlewares/Third_Party/FatFs/src/ff.c.obj
 .text.dir_next
                0x08006ad0      0x1ac cmake/stm32cubemx/CMakeFiles/FatFs.dir/__/__/Middlewares/Third_Party/FatFs/src/ff.c.obj
 .text.dir_alloc
                0x08006c7c       0x8e cmake/stm32cubemx/CMakeFiles/FatFs.dir/__/__/Middlewares/Third_Party/FatFs/src/ff.c.obj
 .text.ld_clust
                0x08006d0a       0x3e cmake/stm32cubemx/CMakeFiles/FatFs.dir/__/__/Middlewares/Third_Party/FatFs/src/ff.c.obj
 .text.st_clust
                0x08006d48       0x40 cmake/stm32cubemx/CMakeFiles/FatFs.dir/__/__/Middlewares/Third_Party/FatFs/src/ff.c.obj
 .text.cmp_lfn  0x08006d88       0xe0 cmake/stm32cubemx/CMakeFiles/FatFs.dir/__/__/Middlewares/Third_Party/FatFs/src/ff.c.obj
 .text.put_lfn  0x08006e68       0xd0 cmake/stm32cubemx/CMakeFiles/FatFs.dir/__/__/Middlewares/Third_Party/FatFs/src/ff.c.obj
 .text.gen_numname
                0x08006f38      0x11c cmake/stm32cubemx/CMakeFiles/FatFs.dir/__/__/Middlewares/Third_Party/FatFs/src/ff.c.obj
 .text.sum_sfn  0x08007054       0x42 cmake/stm32cubemx/CMakeFiles/FatFs.dir/__/__/Middlewares/Third_Party/FatFs/src/ff.c.obj
 .text.dir_find
                0x08007096      0x180 cmake/stm32cubemx/CMakeFiles/FatFs.dir/__/__/Middlewares/Third_Party/FatFs/src/ff.c.obj
 *fill*         0x08007216        0x2 
 .text.dir_register
                0x08007218      0x1f0 cmake/stm32cubemx/CMakeFiles/FatFs.dir/__/__/Middlewares/Third_Party/FatFs/src/ff.c.obj
 .text.get_fileinfo
                0x08007408      0x1bc cmake/stm32cubemx/CMakeFiles/FatFs.dir/__/__/Middlewares/Third_Party/FatFs/src/ff.c.obj
 .text.create_name
                0x080075c4      0x370 cmake/stm32cubemx/CMakeFiles/FatFs.dir/__/__/Middlewares/Third_Party/FatFs/src/ff.c.obj
 .text.follow_path
                0x08007934       0xec cmake/stm32cubemx/CMakeFiles/FatFs.dir/__/__/Middlewares/Third_Party/FatFs/src/ff.c.obj
 .text.get_ldnumber
                0x08007a20       0x88 cmake/stm32cubemx/CMakeFiles/FatFs.dir/__/__/Middlewares/Third_Party/FatFs/src/ff.c.obj
 .text.check_fs
                0x08007aa8       0xac cmake/stm32cubemx/CMakeFiles/FatFs.dir/__/__/Middlewares/Third_Party/FatFs/src/ff.c.obj
 .text.find_volume
                0x08007b54      0x510 cmake/stm32cubemx/CMakeFiles/FatFs.dir/__/__/Middlewares/Third_Party/FatFs/src/ff.c.obj
 .text.validate
                0x08008064       0x8e cmake/stm32cubemx/CMakeFiles/FatFs.dir/__/__/Middlewares/Third_Party/FatFs/src/ff.c.obj
 *fill*         0x080080f2        0x2 
 .text.f_mount  0x080080f4       0xc8 cmake/stm32cubemx/CMakeFiles/FatFs.dir/__/__/Middlewares/Third_Party/FatFs/src/ff.c.obj
                0x080080f4                f_mount
 .text.f_open   0x080081bc      0x3c8 cmake/stm32cubemx/CMakeFiles/FatFs.dir/__/__/Middlewares/Third_Party/FatFs/src/ff.c.obj
                0x080081bc                f_open
 .text.f_write  0x08008584      0x386 cmake/stm32cubemx/CMakeFiles/FatFs.dir/__/__/Middlewares/Third_Party/FatFs/src/ff.c.obj
                0x08008584                f_write
 .text.f_sync   0x0800890a      0x112 cmake/stm32cubemx/CMakeFiles/FatFs.dir/__/__/Middlewares/Third_Party/FatFs/src/ff.c.obj
                0x0800890a                f_sync
 .text.f_close  0x08008a1c       0x5e cmake/stm32cubemx/CMakeFiles/FatFs.dir/__/__/Middlewares/Third_Party/FatFs/src/ff.c.obj
                0x08008a1c                f_close
 .text.f_stat   0x08008a7a       0xaa cmake/stm32cubemx/CMakeFiles/FatFs.dir/__/__/Middlewares/Third_Party/FatFs/src/ff.c.obj
                0x08008a7a                f_stat
 .text.FATFS_LinkDriverEx
                0x08008b24       0x98 cmake/stm32cubemx/CMakeFiles/FatFs.dir/__/__/Middlewares/Third_Party/FatFs/src/ff_gen_drv.c.obj
                0x08008b24                FATFS_LinkDriverEx
 .text.FATFS_LinkDriver
                0x08008bbc       0x1e cmake/stm32cubemx/CMakeFiles/FatFs.dir/__/__/Middlewares/Third_Party/FatFs/src/ff_gen_drv.c.obj
                0x08008bbc                FATFS_LinkDriver
 .text.ff_cre_syncobj
                0x08008bda       0x36 cmake/stm32cubemx/CMakeFiles/FatFs.dir/__/__/Middlewares/Third_Party/FatFs/src/option/syscall.c.obj
                0x08008bda                ff_cre_syncobj
 .text.ff_del_syncobj
                0x08008c10       0x18 cmake/stm32cubemx/CMakeFiles/FatFs.dir/__/__/Middlewares/Third_Party/FatFs/src/option/syscall.c.obj
                0x08008c10                ff_del_syncobj
 .text.ff_req_grant
                0x08008c28       0x2a cmake/stm32cubemx/CMakeFiles/FatFs.dir/__/__/Middlewares/Third_Party/FatFs/src/option/syscall.c.obj
                0x08008c28                ff_req_grant
 .text.ff_rel_grant
                0x08008c52       0x16 cmake/stm32cubemx/CMakeFiles/FatFs.dir/__/__/Middlewares/Third_Party/FatFs/src/option/syscall.c.obj
                0x08008c52                ff_rel_grant
 .text.ff_memalloc
                0x08008c68       0x18 cmake/stm32cubemx/CMakeFiles/FatFs.dir/__/__/Middlewares/Third_Party/FatFs/src/option/syscall.c.obj
                0x08008c68                ff_memalloc
 .text.ff_memfree
                0x08008c80       0x16 cmake/stm32cubemx/CMakeFiles/FatFs.dir/__/__/Middlewares/Third_Party/FatFs/src/option/syscall.c.obj
                0x08008c80                ff_memfree
 *fill*         0x08008c96        0x2 
 .text.ff_convert
                0x08008c98       0x78 cmake/stm32cubemx/CMakeFiles/FatFs.dir/__/__/Middlewares/Third_Party/FatFs/src/option/ccsbcs.c.obj
                0x08008c98                ff_convert
 .text.ff_wtoupper
                0x08008d10      0x114 cmake/stm32cubemx/CMakeFiles/FatFs.dir/__/__/Middlewares/Third_Party/FatFs/src/option/ccsbcs.c.obj
                0x08008d10                ff_wtoupper
 .text.MX_FATFS_Init
                0x08008e24       0x24 CMakeFiles/LCD_BUTTON.dir/FATFS/App/fatfs.c.obj
                0x08008e24                MX_FATFS_Init
 .text.get_fattime
                0x08008e48       0x10 CMakeFiles/LCD_BUTTON.dir/FATFS/App/fatfs.c.obj
                0x08008e48                get_fattime
 .text.SD_Select
                0x08008e58       0x18 CMakeFiles/LCD_BUTTON.dir/FATFS/Target/user_diskio.c.obj
 .text.SD_Deselect
                0x08008e70       0x20 CMakeFiles/LCD_BUTTON.dir/FATFS/Target/user_diskio.c.obj
 .text.SD_TxRx  0x08008e90       0x30 CMakeFiles/LCD_BUTTON.dir/FATFS/Target/user_diskio.c.obj
 .text.SD_SendClock
                0x08008ec0        0xe CMakeFiles/LCD_BUTTON.dir/FATFS/Target/user_diskio.c.obj
 .text.SD_WaitReady
                0x08008ece       0x3c CMakeFiles/LCD_BUTTON.dir/FATFS/Target/user_diskio.c.obj
 .text.SD_SendCmd
                0x08008f0a       0xe4 CMakeFiles/LCD_BUTTON.dir/FATFS/Target/user_diskio.c.obj
 *fill*         0x08008fee        0x2 
 .text.SD_PowerOn
                0x08008ff0      0x19c CMakeFiles/LCD_BUTTON.dir/FATFS/Target/user_diskio.c.obj
 .text.SD_ReadSectors
                0x0800918c       0xc8 CMakeFiles/LCD_BUTTON.dir/FATFS/Target/user_diskio.c.obj
 .text.SD_WriteSectors
                0x08009254       0xe4 CMakeFiles/LCD_BUTTON.dir/FATFS/Target/user_diskio.c.obj
 .text.USER_initialize
                0x08009338       0x22 CMakeFiles/LCD_BUTTON.dir/FATFS/Target/user_diskio.c.obj
                0x08009338                USER_initialize
 *fill*         0x0800935a        0x2 
 .text.USER_status
                0x0800935c       0x2c CMakeFiles/LCD_BUTTON.dir/FATFS/Target/user_diskio.c.obj
                0x0800935c                USER_status
 .text.USER_read
                0x08009388       0x4c CMakeFiles/LCD_BUTTON.dir/FATFS/Target/user_diskio.c.obj
                0x08009388                USER_read
 .text.USER_write
                0x080093d4       0x4c CMakeFiles/LCD_BUTTON.dir/FATFS/Target/user_diskio.c.obj
                0x080093d4                USER_write
 .text.USER_ioctl
                0x08009420       0xa0 CMakeFiles/LCD_BUTTON.dir/FATFS/Target/user_diskio.c.obj
                0x08009420                USER_ioctl
 .text.main     0x080094c0       0xa8 CMakeFiles/LCD_BUTTON.dir/Core/Src/main.c.obj
                0x080094c0                main
 .text.format_temperature
                0x08009568       0x24 CMakeFiles/LCD_BUTTON.dir/Core/Src/main.c.obj
 .text.StartDefaultTask
                0x0800958c      0x114 CMakeFiles/LCD_BUTTON.dir/Core/Src/main.c.obj
                0x0800958c                StartDefaultTask
 .text.StartButtonTask
                0x080096a0       0x88 CMakeFiles/LCD_BUTTON.dir/Core/Src/main.c.obj
                0x080096a0                StartButtonTask
 .text.StartSdcardTask
                0x08009728       0xcc CMakeFiles/LCD_BUTTON.dir/Core/Src/main.c.obj
                0x08009728                StartSdcardTask
 .text.SystemClock_Config
                0x080097f4       0xd8 CMakeFiles/LCD_BUTTON.dir/Core/Src/main.c.obj
                0x080097f4                SystemClock_Config
 .text.MX_I2C1_Init
                0x080098cc      0x1b8 CMakeFiles/LCD_BUTTON.dir/Core/Src/main.c.obj
 .text.MX_USART2_UART_Init
                0x08009a84      0x110 CMakeFiles/LCD_BUTTON.dir/Core/Src/main.c.obj
 .text.MX_GPIO_Init
                0x08009b94      0x154 CMakeFiles/LCD_BUTTON.dir/Core/Src/main.c.obj
 .text.MX_SPI2_Init
                0x08009ce8       0x94 CMakeFiles/LCD_BUTTON.dir/Core/Src/main.c.obj
 .text.Error_Handler
                0x08009d7c        0xc CMakeFiles/LCD_BUTTON.dir/Core/Src/main.c.obj
                0x08009d7c                Error_Handler
 .text.NMI_Handler
                0x08009d88        0x8 CMakeFiles/LCD_BUTTON.dir/Core/Src/stm32f4xx_it.c.obj
                0x08009d88                NMI_Handler
 .text.HardFault_Handler
                0x08009d90        0x8 CMakeFiles/LCD_BUTTON.dir/Core/Src/stm32f4xx_it.c.obj
                0x08009d90                HardFault_Handler
 .text.MemManage_Handler
                0x08009d98        0x8 CMakeFiles/LCD_BUTTON.dir/Core/Src/stm32f4xx_it.c.obj
                0x08009d98                MemManage_Handler
 .text.BusFault_Handler
                0x08009da0        0x8 CMakeFiles/LCD_BUTTON.dir/Core/Src/stm32f4xx_it.c.obj
                0x08009da0                BusFault_Handler
 .text.UsageFault_Handler
                0x08009da8        0x8 CMakeFiles/LCD_BUTTON.dir/Core/Src/stm32f4xx_it.c.obj
                0x08009da8                UsageFault_Handler
 .text.DebugMon_Handler
                0x08009db0        0xe CMakeFiles/LCD_BUTTON.dir/Core/Src/stm32f4xx_it.c.obj
                0x08009db0                DebugMon_Handler
 .text.SysTick_Handler
                0x08009dbe       0x1a CMakeFiles/LCD_BUTTON.dir/Core/Src/stm32f4xx_it.c.obj
                0x08009dbe                SysTick_Handler
 .text.HAL_MspInit
                0x08009dd8       0x58 CMakeFiles/LCD_BUTTON.dir/Core/Src/stm32f4xx_hal_msp.c.obj
                0x08009dd8                HAL_MspInit
 .text.HAL_SPI_MspInit
                0x08009e30       0xd0 CMakeFiles/LCD_BUTTON.dir/Core/Src/stm32f4xx_hal_msp.c.obj
                0x08009e30                HAL_SPI_MspInit
 .text._sbrk    0x08009f00       0x6c CMakeFiles/LCD_BUTTON.dir/Core/Src/sysmem.c.obj
                0x08009f00                _sbrk
 .text.Reset_Handler
                0x08009f6c       0x50 CMakeFiles/LCD_BUTTON.dir/startup_stm32f401xe.s.obj
                0x08009f6c                Reset_Handler
 .text.Default_Handler
                0x08009fbc        0x2 CMakeFiles/LCD_BUTTON.dir/startup_stm32f401xe.s.obj
                0x08009fbc                RTC_Alarm_IRQHandler
                0x08009fbc                EXTI2_IRQHandler
                0x08009fbc                SPI4_IRQHandler
                0x08009fbc                TIM1_CC_IRQHandler
                0x08009fbc                DMA2_Stream5_IRQHandler
                0x08009fbc                DMA1_Stream5_IRQHandler
                0x08009fbc                PVD_IRQHandler
                0x08009fbc                SDIO_IRQHandler
                0x08009fbc                TAMP_STAMP_IRQHandler
                0x08009fbc                EXTI3_IRQHandler
                0x08009fbc                TIM1_UP_TIM10_IRQHandler
                0x08009fbc                I2C3_ER_IRQHandler
                0x08009fbc                EXTI0_IRQHandler
                0x08009fbc                I2C2_EV_IRQHandler
                0x08009fbc                DMA1_Stream2_IRQHandler
                0x08009fbc                FPU_IRQHandler
                0x08009fbc                DMA2_Stream2_IRQHandler
                0x08009fbc                SPI1_IRQHandler
                0x08009fbc                TIM1_BRK_TIM9_IRQHandler
                0x08009fbc                DMA2_Stream3_IRQHandler
                0x08009fbc                USART6_IRQHandler
                0x08009fbc                DMA2_Stream0_IRQHandler
                0x08009fbc                TIM4_IRQHandler
                0x08009fbc                I2C1_EV_IRQHandler
                0x08009fbc                DMA1_Stream6_IRQHandler
                0x08009fbc                DMA1_Stream1_IRQHandler
                0x08009fbc                TIM3_IRQHandler
                0x08009fbc                RCC_IRQHandler
                0x08009fbc                Default_Handler
                0x08009fbc                EXTI15_10_IRQHandler
                0x08009fbc                ADC_IRQHandler
                0x08009fbc                DMA1_Stream7_IRQHandler
                0x08009fbc                TIM5_IRQHandler
                0x08009fbc                DMA2_Stream7_IRQHandler
                0x08009fbc                I2C3_EV_IRQHandler
                0x08009fbc                EXTI9_5_IRQHandler
                0x08009fbc                RTC_WKUP_IRQHandler
                0x08009fbc                SPI2_IRQHandler
                0x08009fbc                DMA1_Stream0_IRQHandler
                0x08009fbc                EXTI4_IRQHandler
                0x08009fbc                WWDG_IRQHandler
                0x08009fbc                TIM2_IRQHandler
                0x08009fbc                OTG_FS_WKUP_IRQHandler
                0x08009fbc                TIM1_TRG_COM_TIM11_IRQHandler
                0x08009fbc                EXTI1_IRQHandler
                0x08009fbc                USART2_IRQHandler
                0x08009fbc                I2C2_ER_IRQHandler
                0x08009fbc                DMA2_Stream1_IRQHandler
                0x08009fbc                FLASH_IRQHandler
                0x08009fbc                DMA2_Stream4_IRQHandler
                0x08009fbc                USART1_IRQHandler
                0x08009fbc                OTG_FS_IRQHandler
                0x08009fbc                SPI3_IRQHandler
                0x08009fbc                DMA1_Stream4_IRQHandler
                0x08009fbc                I2C1_ER_IRQHandler
                0x08009fbc                DMA2_Stream6_IRQHandler
                0x08009fbc                DMA1_Stream3_IRQHandler
 *fill*         0x08009fbe        0x2 
 .text.Savings_Show
                0x08009fc0       0x40 CMakeFiles/LCD_BUTTON.dir/Core/Src/LCD_Show.c.obj
                0x08009fc0                Savings_Show
 .text.Temperature_Show
                0x0800a000       0xf8 CMakeFiles/LCD_BUTTON.dir/Core/Src/LCD_Show.c.obj
                0x0800a000                Temperature_Show
 .text.DS18B20_Init
                0x0800a0f8       0x60 CMakeFiles/LCD_BUTTON.dir/Core/Src/DS18B20.c.obj
                0x0800a0f8                DS18B20_Init
 .text.DS18B20_ReadTemperature
                0x0800a158       0xa0 CMakeFiles/LCD_BUTTON.dir/Core/Src/DS18B20.c.obj
                0x0800a158                DS18B20_ReadTemperature
 .text.DWT_Delay_Init
                0x0800a1f8       0x34 CMakeFiles/LCD_BUTTON.dir/Core/Src/DS18B20.c.obj
 .text.delay_us
                0x0800a22c       0x4c CMakeFiles/LCD_BUTTON.dir/Core/Src/DS18B20.c.obj
 .text.DS18B20_PinOutput
                0x0800a278       0x2c CMakeFiles/LCD_BUTTON.dir/Core/Src/DS18B20.c.obj
 .text.DS18B20_PinInput
                0x0800a2a4       0x20 CMakeFiles/LCD_BUTTON.dir/Core/Src/DS18B20.c.obj
 .text.OneWire_Reset
                0x0800a2c4       0x54 CMakeFiles/LCD_BUTTON.dir/Core/Src/DS18B20.c.obj
 .text.OneWire_WriteBit
                0x0800a318       0x4c CMakeFiles/LCD_BUTTON.dir/Core/Src/DS18B20.c.obj
 .text.OneWire_ReadBit
                0x0800a364       0x44 CMakeFiles/LCD_BUTTON.dir/Core/Src/DS18B20.c.obj
 .text.OneWire_WriteByte
                0x0800a3a8       0x3a CMakeFiles/LCD_BUTTON.dir/Core/Src/DS18B20.c.obj
 .text.OneWire_ReadByte
                0x0800a3e2       0x3e CMakeFiles/LCD_BUTTON.dir/Core/Src/DS18B20.c.obj
 .text.Send_Uart
                0x0800a420       0x2c CMakeFiles/LCD_BUTTON.dir/Core/Src/File_handling_RTOS.c.obj
                0x0800a420                Send_Uart
 .text.Mount_SD
                0x0800a44c       0x48 CMakeFiles/LCD_BUTTON.dir/Core/Src/File_handling_RTOS.c.obj
                0x0800a44c                Mount_SD
 .text.Unmount_SD
                0x0800a494       0x44 CMakeFiles/LCD_BUTTON.dir/Core/Src/File_handling_RTOS.c.obj
                0x0800a494                Unmount_SD
 .text.Create_File
                0x0800a4d8      0x12c CMakeFiles/LCD_BUTTON.dir/Core/Src/File_handling_RTOS.c.obj
                0x0800a4d8                Create_File
 .text.Update_File
                0x0800a604      0x180 CMakeFiles/LCD_BUTTON.dir/Core/Src/File_handling_RTOS.c.obj
                0x0800a604                Update_File
 .text.SSD1306_Init
                0x0800a784      0x298 CMakeFiles/LCD_BUTTON.dir/Core/Src/ssd1306.c.obj
                0x0800a784                SSD1306_Init
 .text.SSD1306_UpdateScreen
                0x0800aa1c       0x7c CMakeFiles/LCD_BUTTON.dir/Core/Src/ssd1306.c.obj
                0x0800aa1c                SSD1306_UpdateScreen
 .text.SSD1306_Fill
                0x0800aa98       0x30 CMakeFiles/LCD_BUTTON.dir/Core/Src/ssd1306.c.obj
                0x0800aa98                SSD1306_Fill
 .text.SSD1306_DrawPixel
                0x0800aac8       0xd4 CMakeFiles/LCD_BUTTON.dir/Core/Src/ssd1306.c.obj
                0x0800aac8                SSD1306_DrawPixel
 .text.SSD1306_GotoXY
                0x0800ab9c       0x2c CMakeFiles/LCD_BUTTON.dir/Core/Src/ssd1306.c.obj
                0x0800ab9c                SSD1306_GotoXY
 .text.SSD1306_Putc
                0x0800abc8       0xfc CMakeFiles/LCD_BUTTON.dir/Core/Src/ssd1306.c.obj
                0x0800abc8                SSD1306_Putc
 .text.SSD1306_Puts
                0x0800acc4       0x4a CMakeFiles/LCD_BUTTON.dir/Core/Src/ssd1306.c.obj
                0x0800acc4                SSD1306_Puts
 .text.SSD1306_Clear
                0x0800ad0e       0x12 CMakeFiles/LCD_BUTTON.dir/Core/Src/ssd1306.c.obj
                0x0800ad0e                SSD1306_Clear
 .text.ssd1306_I2C_Init
                0x0800ad20       0x2c CMakeFiles/LCD_BUTTON.dir/Core/Src/ssd1306.c.obj
                0x0800ad20                ssd1306_I2C_Init
 .text.ssd1306_I2C_WriteMulti
                0x0800ad4c       0xcc CMakeFiles/LCD_BUTTON.dir/Core/Src/ssd1306.c.obj
                0x0800ad4c                ssd1306_I2C_WriteMulti
 .text.ssd1306_I2C_Write
                0x0800ae18       0x3c CMakeFiles/LCD_BUTTON.dir/Core/Src/ssd1306.c.obj
                0x0800ae18                ssd1306_I2C_Write
 .text.snprintf
                0x0800ae54       0x6c C:/ST/STM32CubeCLT_1.19.0/GNU-tools-for-STM32/bin/../lib/gcc/arm-none-eabi/13.3.1/../../../../arm-none-eabi/lib/thumb/v7e-m+fp/hard\libg_nano.a(libc_a-snprintf.o)
                0x0800ae54                sniprintf
                0x0800ae54                snprintf
 .text.sprintf  0x0800aec0       0x44 C:/ST/STM32CubeCLT_1.19.0/GNU-tools-for-STM32/bin/../lib/gcc/arm-none-eabi/13.3.1/../../../../arm-none-eabi/lib/thumb/v7e-m+fp/hard\libg_nano.a(libc_a-sprintf.o)
                0x0800aec0                siprintf
                0x0800aec0                sprintf
 .text.memset   0x0800af04       0x10 C:/ST/STM32CubeCLT_1.19.0/GNU-tools-for-STM32/bin/../lib/gcc/arm-none-eabi/13.3.1/../../../../arm-none-eabi/lib/thumb/v7e-m+fp/hard\libg_nano.a(libc_a-memset.o)
                0x0800af04                memset
 .text.__errno  0x0800af14        0xc C:/ST/STM32CubeCLT_1.19.0/GNU-tools-for-STM32/bin/../lib/gcc/arm-none-eabi/13.3.1/../../../../arm-none-eabi/lib/thumb/v7e-m+fp/hard\libg_nano.a(libc_a-errno.o)
                0x0800af14                __errno
 .text.__libc_init_array
                0x0800af20       0x48 C:/ST/STM32CubeCLT_1.19.0/GNU-tools-for-STM32/bin/../lib/gcc/arm-none-eabi/13.3.1/../../../../arm-none-eabi/lib/thumb/v7e-m+fp/hard\libg_nano.a(libc_a-init.o)
                0x0800af20                __libc_init_array
 .text.__retarget_lock_acquire_recursive
                0x0800af68        0x2 C:/ST/STM32CubeCLT_1.19.0/GNU-tools-for-STM32/bin/../lib/gcc/arm-none-eabi/13.3.1/../../../../arm-none-eabi/lib/thumb/v7e-m+fp/hard\libg_nano.a(libc_a-lock.o)
                0x0800af68                __retarget_lock_acquire_recursive
 .text.__retarget_lock_release_recursive
                0x0800af6a        0x2 C:/ST/STM32CubeCLT_1.19.0/GNU-tools-for-STM32/bin/../lib/gcc/arm-none-eabi/13.3.1/../../../../arm-none-eabi/lib/thumb/v7e-m+fp/hard\libg_nano.a(libc_a-lock.o)
                0x0800af6a                __retarget_lock_release_recursive
 .text.memcpy   0x0800af6c       0x1c C:/ST/STM32CubeCLT_1.19.0/GNU-tools-for-STM32/bin/../lib/gcc/arm-none-eabi/13.3.1/../../../../arm-none-eabi/lib/thumb/v7e-m+fp/hard\libg_nano.a(libc_a-memcpy-stub.o)
                0x0800af6c                memcpy
 .text._free_r  0x0800af88       0x94 C:/ST/STM32CubeCLT_1.19.0/GNU-tools-for-STM32/bin/../lib/gcc/arm-none-eabi/13.3.1/../../../../arm-none-eabi/lib/thumb/v7e-m+fp/hard\libg_nano.a(libc_a-freer.o)
                0x0800af88                _free_r
 .text.sbrk_aligned
                0x0800b01c       0x44 C:/ST/STM32CubeCLT_1.19.0/GNU-tools-for-STM32/bin/../lib/gcc/arm-none-eabi/13.3.1/../../../../arm-none-eabi/lib/thumb/v7e-m+fp/hard\libg_nano.a(libc_a-mallocr.o)
 .text._malloc_r
                0x0800b060      0x100 C:/ST/STM32CubeCLT_1.19.0/GNU-tools-for-STM32/bin/../lib/gcc/arm-none-eabi/13.3.1/../../../../arm-none-eabi/lib/thumb/v7e-m+fp/hard\libg_nano.a(libc_a-mallocr.o)
                0x0800b060                _malloc_r
 .text.__malloc_lock
                0x0800b160        0xc C:/ST/STM32CubeCLT_1.19.0/GNU-tools-for-STM32/bin/../lib/gcc/arm-none-eabi/13.3.1/../../../../arm-none-eabi/lib/thumb/v7e-m+fp/hard\libg_nano.a(libc_a-mlock.o)
                0x0800b160                __malloc_lock
 .text.__malloc_unlock
                0x0800b16c        0xc C:/ST/STM32CubeCLT_1.19.0/GNU-tools-for-STM32/bin/../lib/gcc/arm-none-eabi/13.3.1/../../../../arm-none-eabi/lib/thumb/v7e-m+fp/hard\libg_nano.a(libc_a-mlock.o)
                0x0800b16c                __malloc_unlock
 .text.__ssputs_r
                0x0800b178       0xb6 C:/ST/STM32CubeCLT_1.19.0/GNU-tools-for-STM32/bin/../lib/gcc/arm-none-eabi/13.3.1/../../../../arm-none-eabi/lib/thumb/v7e-m+fp/hard\libg_nano.a(libc_a-nano-svfprintf.o)
                0x0800b178                __ssputs_r
 *fill*         0x0800b22e        0x2 
 .text._svfprintf_r
                0x0800b230      0x1f8 C:/ST/STM32CubeCLT_1.19.0/GNU-tools-for-STM32/bin/../lib/gcc/arm-none-eabi/13.3.1/../../../../arm-none-eabi/lib/thumb/v7e-m+fp/hard\libg_nano.a(libc_a-nano-svfprintf.o)
                0x0800b230                _svfiprintf_r
                0x0800b230                _svfprintf_r
 .text._printf_common
                0x0800b428       0xda C:/ST/STM32CubeCLT_1.19.0/GNU-tools-for-STM32/bin/../lib/gcc/arm-none-eabi/13.3.1/../../../../arm-none-eabi/lib/thumb/v7e-m+fp/hard\libg_nano.a(libc_a-nano-vfprintf_i.o)
                0x0800b428                _printf_common
 *fill*         0x0800b502        0x2 
 .text._printf_i
                0x0800b504      0x23c C:/ST/STM32CubeCLT_1.19.0/GNU-tools-for-STM32/bin/../lib/gcc/arm-none-eabi/13.3.1/../../../../arm-none-eabi/lib/thumb/v7e-m+fp/hard\libg_nano.a(libc_a-nano-vfprintf_i.o)
                0x0800b504                _printf_i
 .text.memmove  0x0800b740       0x34 C:/ST/STM32CubeCLT_1.19.0/GNU-tools-for-STM32/bin/../lib/gcc/arm-none-eabi/13.3.1/../../../../arm-none-eabi/lib/thumb/v7e-m+fp/hard\libg_nano.a(libc_a-memmove.o)
                0x0800b740                memmove
 .text._sbrk_r  0x0800b774       0x20 C:/ST/STM32CubeCLT_1.19.0/GNU-tools-for-STM32/bin/../lib/gcc/arm-none-eabi/13.3.1/../../../../arm-none-eabi/lib/thumb/v7e-m+fp/hard\libg_nano.a(libc_a-sbrkr.o)
                0x0800b774                _sbrk_r
 .text._realloc_r
                0x0800b794       0x5c C:/ST/STM32CubeCLT_1.19.0/GNU-tools-for-STM32/bin/../lib/gcc/arm-none-eabi/13.3.1/../../../../arm-none-eabi/lib/thumb/v7e-m+fp/hard\libg_nano.a(libc_a-reallocr.o)
                0x0800b794                _realloc_r
 .text._malloc_usable_size_r
                0x0800b7f0       0x10 C:/ST/STM32CubeCLT_1.19.0/GNU-tools-for-STM32/bin/../lib/gcc/arm-none-eabi/13.3.1/../../../../arm-none-eabi/lib/thumb/v7e-m+fp/hard\libg_nano.a(libc_a-msizer.o)
                0x0800b7f0                _malloc_usable_size_r
 *(.glue_7)
 .glue_7        0x0800b800        0x0 linker stubs
 *(.glue_7t)
 .glue_7t       0x0800b800        0x0 linker stubs
 *(.eh_frame)
 .eh_frame      0x0800b800        0x0 C:/ST/STM32CubeCLT_1.19.0/GNU-tools-for-STM32/bin/../lib/gcc/arm-none-eabi/13.3.1/thumb/v7e-m+fp/hard/crtbegin.o
 *(.init)
 .init          0x0800b800        0x4 C:/ST/STM32CubeCLT_1.19.0/GNU-tools-for-STM32/bin/../lib/gcc/arm-none-eabi/13.3.1/thumb/v7e-m+fp/hard/crti.o
                0x0800b800                _init
 .init          0x0800b804        0x8 C:/ST/STM32CubeCLT_1.19.0/GNU-tools-for-STM32/bin/../lib/gcc/arm-none-eabi/13.3.1/thumb/v7e-m+fp/hard/crtn.o
 *(.fini)
 .fini          0x0800b80c        0x4 C:/ST/STM32CubeCLT_1.19.0/GNU-tools-for-STM32/bin/../lib/gcc/arm-none-eabi/13.3.1/thumb/v7e-m+fp/hard/crti.o
                0x0800b80c                _fini
 .fini          0x0800b810        0x8 C:/ST/STM32CubeCLT_1.19.0/GNU-tools-for-STM32/bin/../lib/gcc/arm-none-eabi/13.3.1/thumb/v7e-m+fp/hard/crtn.o
                0x0800b818                        . = ALIGN (0x4)
                0x0800b818                        _etext = .

.vfp11_veneer   0x0800b818        0x0
 .vfp11_veneer  0x0800b818        0x0 linker stubs

.v4_bx          0x0800b818        0x0
 .v4_bx         0x0800b818        0x0 linker stubs

.iplt           0x0800b818        0x0
 .iplt          0x0800b818        0x0 C:/ST/STM32CubeCLT_1.19.0/GNU-tools-for-STM32/bin/../lib/gcc/arm-none-eabi/13.3.1/thumb/v7e-m+fp/hard/crtbegin.o

.rodata         0x0800b818     0x1e50
                0x0800b818                        . = ALIGN (0x4)
 *(.rodata)
 .rodata        0x0800b818        0x5 cmake/stm32cubemx/CMakeFiles/FreeRTOS.dir/__/__/Middlewares/Third_Party/FreeRTOS/Source/tasks.c.obj
 *fill*         0x0800b81d        0x3 
 .rodata        0x0800b820        0xd cmake/stm32cubemx/CMakeFiles/FreeRTOS.dir/__/__/Middlewares/Third_Party/FreeRTOS/Source/timers.c.obj
 *fill*         0x0800b82d        0x3 
 .rodata        0x0800b830       0x48 cmake/stm32cubemx/CMakeFiles/FatFs.dir/__/__/Middlewares/Third_Party/FatFs/src/ff.c.obj
 .rodata        0x0800b878       0x51 CMakeFiles/LCD_BUTTON.dir/Core/Src/main.c.obj
 *fill*         0x0800b8c9        0x3 
 .rodata        0x0800b8cc       0x34 CMakeFiles/LCD_BUTTON.dir/Core/Src/LCD_Show.c.obj
 .rodata        0x0800b900      0x416 CMakeFiles/LCD_BUTTON.dir/Core/Src/File_handling_RTOS.c.obj
 *fill*         0x0800bd16        0x2 
 .rodata        0x0800bd18        0x4 CMakeFiles/LCD_BUTTON.dir/Core/Src/ssd1306.c.obj
 *(.rodata*)
 .rodata.AHBPrescTable
                0x0800bd1c       0x10 cmake/stm32cubemx/CMakeFiles/STM32_Drivers.dir/__/__/Core/Src/system_stm32f4xx.c.obj
                0x0800bd1c                AHBPrescTable
 .rodata.ExCvt  0x0800bd2c       0x80 cmake/stm32cubemx/CMakeFiles/FatFs.dir/__/__/Middlewares/Third_Party/FatFs/src/ff.c.obj
 .rodata.LfnOfs
                0x0800bdac        0xd cmake/stm32cubemx/CMakeFiles/FatFs.dir/__/__/Middlewares/Third_Party/FatFs/src/ff.c.obj
 *fill*         0x0800bdb9        0x3 
 .rodata.Tbl    0x0800bdbc      0x100 cmake/stm32cubemx/CMakeFiles/FatFs.dir/__/__/Middlewares/Third_Party/FatFs/src/option/ccsbcs.c.obj
 .rodata.cvt1.1
                0x0800bebc      0x1f2 cmake/stm32cubemx/CMakeFiles/FatFs.dir/__/__/Middlewares/Third_Party/FatFs/src/option/ccsbcs.c.obj
 *fill*         0x0800c0ae        0x2 
 .rodata.cvt2.0
                0x0800c0b0       0xbc cmake/stm32cubemx/CMakeFiles/FatFs.dir/__/__/Middlewares/Third_Party/FatFs/src/option/ccsbcs.c.obj
 .rodata.Font7x10
                0x0800c16c      0x76c CMakeFiles/LCD_BUTTON.dir/Core/Src/fonts.c.obj
                0x0800c16c                Font7x10
 .rodata.Font11x18
                0x0800c8d8      0xd5c CMakeFiles/LCD_BUTTON.dir/Core/Src/fonts.c.obj
                0x0800c8d8                Font11x18
 .rodata._svfprintf_r.str1.1
                0x0800d634       0x33 C:/ST/STM32CubeCLT_1.19.0/GNU-tools-for-STM32/bin/../lib/gcc/arm-none-eabi/13.3.1/../../../../arm-none-eabi/lib/thumb/v7e-m+fp/hard\libg_nano.a(libc_a-nano-svfprintf.o)
                                 0x11 (size before relaxing)
 .rodata._printf_i.str1.1
                0x0800d667       0x22 C:/ST/STM32CubeCLT_1.19.0/GNU-tools-for-STM32/bin/../lib/gcc/arm-none-eabi/13.3.1/../../../../arm-none-eabi/lib/thumb/v7e-m+fp/hard\libg_nano.a(libc_a-nano-vfprintf_i.o)
                0x0800d68c                        . = ALIGN (0x4)
 *fill*         0x0800d667        0x1 

.ARM.extab      0x0800d668        0x0
                0x0800d668                        . = ALIGN (0x4)
 *(.ARM.extab* .gnu.linkonce.armextab.*)
                0x0800d668                        . = ALIGN (0x4)

.ARM            0x0800d668        0x8
                0x0800d668                        . = ALIGN (0x4)
                0x0800d668                        __exidx_start = .
 *(.ARM.exidx*)
 .ARM.exidx     0x0800d668        0x8 C:/ST/STM32CubeCLT_1.19.0/GNU-tools-for-STM32/bin/../lib/gcc/arm-none-eabi/13.3.1/thumb/v7e-m+fp/hard\libgcc.a(_udivmoddi4.o)
 .ARM.exidx     0x0800d670        0x0 C:/ST/STM32CubeCLT_1.19.0/GNU-tools-for-STM32/bin/../lib/gcc/arm-none-eabi/13.3.1/../../../../arm-none-eabi/lib/thumb/v7e-m+fp/hard\libg_nano.a(libc_a-strlen.o)
                                  0x8 (size before relaxing)
 .ARM.exidx     0x0800d670        0x0 C:/ST/STM32CubeCLT_1.19.0/GNU-tools-for-STM32/bin/../lib/gcc/arm-none-eabi/13.3.1/../../../../arm-none-eabi/lib/thumb/v7e-m+fp/hard\libg_nano.a(libc_a-memchr.o)
                                  0x8 (size before relaxing)
                0x0800d670                        __exidx_end = .
                0x0800d670                        . = ALIGN (0x4)

.preinit_array  0x0800d670        0x0
                0x0800d670                        . = ALIGN (0x4)
                0x0800d670                        PROVIDE (__preinit_array_start = .)
 *(.preinit_array*)
                0x0800d670                        PROVIDE (__preinit_array_end = .)
                0x0800d670                        . = ALIGN (0x4)

.init_array     0x0800d670        0x4
                0x0800d670                        . = ALIGN (0x4)
                0x0800d670                        PROVIDE (__init_array_start = .)
 *(SORT_BY_NAME(.init_array.*))
 *(.init_array*)
 .init_array    0x0800d670        0x4 C:/ST/STM32CubeCLT_1.19.0/GNU-tools-for-STM32/bin/../lib/gcc/arm-none-eabi/13.3.1/thumb/v7e-m+fp/hard/crtbegin.o
                0x0800d674                        PROVIDE (__init_array_end = .)
                0x0800d674                        . = ALIGN (0x4)

.fini_array     0x0800d674        0x4
                0x0800d674                        . = ALIGN (0x4)
                [!provide]                        PROVIDE (__fini_array_start = .)
 *(SORT_BY_NAME(.fini_array.*))
 *(.fini_array*)
 .fini_array    0x0800d674        0x4 C:/ST/STM32CubeCLT_1.19.0/GNU-tools-for-STM32/bin/../lib/gcc/arm-none-eabi/13.3.1/thumb/v7e-m+fp/hard/crtbegin.o
                [!provide]                        PROVIDE (__fini_array_end = .)
                0x0800d678                        . = ALIGN (0x4)
                0x0800d678                        _sidata = LOADADDR (.data)

.rel.dyn        0x0800d678        0x0
 .rel.iplt      0x0800d678        0x0 C:/ST/STM32CubeCLT_1.19.0/GNU-tools-for-STM32/bin/../lib/gcc/arm-none-eabi/13.3.1/thumb/v7e-m+fp/hard/crtbegin.o

.data           0x20000000       0x90 load address 0x0800d678
                0x20000000                        . = ALIGN (0x4)
                0x20000000                        _sdata = .
 *(.data)
 *(.data*)
 .data.SystemCoreClock
                0x20000000        0x4 cmake/stm32cubemx/CMakeFiles/STM32_Drivers.dir/__/__/Core/Src/system_stm32f4xx.c.obj
                0x20000000                SystemCoreClock
 .data.uwTickPrio
                0x20000004        0x4 cmake/stm32cubemx/CMakeFiles/STM32_Drivers.dir/__/__/Drivers/STM32F4xx_HAL_Driver/Src/stm32f4xx_hal.c.obj
                0x20000004                uwTickPrio
 .data.uwTickFreq
                0x20000008        0x1 cmake/stm32cubemx/CMakeFiles/STM32_Drivers.dir/__/__/Drivers/STM32F4xx_HAL_Driver/Src/stm32f4xx_hal.c.obj
                0x20000008                uwTickFreq
 *fill*         0x20000009        0x3 
 .data.uxCriticalNesting
                0x2000000c        0x4 cmake/stm32cubemx/CMakeFiles/FreeRTOS.dir/__/__/Middlewares/Third_Party/FreeRTOS/Source/portable/GCC/ARM_CM4F/port.c.obj
 .data.Stat     0x20000010        0x1 CMakeFiles/LCD_BUTTON.dir/FATFS/Target/user_diskio.c.obj
 *fill*         0x20000011        0x3 
 .data.USER_Driver
                0x20000014       0x14 CMakeFiles/LCD_BUTTON.dir/FATFS/Target/user_diskio.c.obj
                0x20000014                USER_Driver
 .data.first_run.0
                0x20000028        0x4 CMakeFiles/LCD_BUTTON.dir/Core/Src/main.c.obj
 .data.ssd1306_current_i2c_addr
                0x2000002c        0x2 CMakeFiles/LCD_BUTTON.dir/Core/Src/ssd1306.c.obj
 *fill*         0x2000002e        0x2 
 .data.Font_7x10
                0x20000030        0x8 CMakeFiles/LCD_BUTTON.dir/Core/Src/fonts.c.obj
                0x20000030                Font_7x10
 .data.Font_11x18
                0x20000038        0x8 CMakeFiles/LCD_BUTTON.dir/Core/Src/fonts.c.obj
                0x20000038                Font_11x18
 .data._impure_ptr
                0x20000040        0x4 C:/ST/STM32CubeCLT_1.19.0/GNU-tools-for-STM32/bin/../lib/gcc/arm-none-eabi/13.3.1/../../../../arm-none-eabi/lib/thumb/v7e-m+fp/hard\libg_nano.a(libc_a-impure.o)
                0x20000040                _impure_ptr
 .data._impure_data
                0x20000044       0x4c C:/ST/STM32CubeCLT_1.19.0/GNU-tools-for-STM32/bin/../lib/gcc/arm-none-eabi/13.3.1/../../../../arm-none-eabi/lib/thumb/v7e-m+fp/hard\libg_nano.a(libc_a-impure.o)
                0x20000044                _impure_data
 *(.RamFunc)
 *(.RamFunc*)
                0x20000090                        . = ALIGN (0x4)

.igot.plt       0x20000090        0x0 load address 0x0800d708
 .igot.plt      0x20000090        0x0 C:/ST/STM32CubeCLT_1.19.0/GNU-tools-for-STM32/bin/../lib/gcc/arm-none-eabi/13.3.1/thumb/v7e-m+fp/hard/crtbegin.o

.tdata          0x20000090        0x0 load address 0x0800d708
 *(.tdata .tdata.* .gnu.linkonce.td.*)
                0x20000090                        . = ALIGN (0x4)
                0x20000090                        _edata = .
                [!provide]                        PROVIDE (__data_end = .)
                [!provide]                        PROVIDE (__tdata_end = .)
                [!provide]                        PROVIDE (__tdata_start = ADDR (.tdata))
                [!provide]                        PROVIDE (__tdata_size = (__tdata_end - __tdata_start))
                [!provide]                        PROVIDE (__data_start = ADDR (.data))
                [!provide]                        PROVIDE (__data_size = (__data_end - __data_start))
                [!provide]                        PROVIDE (__tdata_source = LOADADDR (.tdata))
                [!provide]                        PROVIDE (__tdata_source_end = (LOADADDR (.tdata) + SIZEOF (.tdata)))
                [!provide]                        PROVIDE (__tdata_source_size = (__tdata_source_end - __tdata_source))
                [!provide]                        PROVIDE (__data_source = LOADADDR (.data))
                [!provide]                        PROVIDE (__data_source_end = __tdata_source_end)
                [!provide]                        PROVIDE (__data_source_size = (__data_source_end - __data_source))

.tbss           0x20000090        0x0 load address 0x0800d708
                0x20000090                        _sbss = .
                0x20000090                        __bss_start__ = _sbss
 *(.tbss .tbss.*)
                0x20000090                        . = ALIGN (0x4)
                [!provide]                        PROVIDE (__tbss_end = .)
                [!provide]                        PROVIDE (__tbss_start = ADDR (.tbss))
                [!provide]                        PROVIDE (__tbss_size = (__tbss_end - __tbss_start))
                [!provide]                        PROVIDE (__tbss_offset = (ADDR (.tbss) - ADDR (.tdata)))
                [!provide]                        PROVIDE (__tls_base = __tdata_start)
                [!provide]                        PROVIDE (__tls_end = __tbss_end)
                [!provide]                        PROVIDE (__tls_size = (__tls_end - __tls_base))
                [!provide]                        PROVIDE (__tls_align = MAX (ALIGNOF (.tdata), ALIGNOF (.tbss)))
                [!provide]                        PROVIDE (__tls_size_align = (((__tls_size + __tls_align) - 0x1) & ~ ((__tls_align - 0x1))))
                [!provide]                        PROVIDE (__arm32_tls_tcb_offset = MAX (0x8, __tls_align))
                [!provide]                        PROVIDE (__arm64_tls_tcb_offset = MAX (0x10, __tls_align))

.bss            0x20000090     0x71a8 load address 0x0800d708
 *(.bss)
 .bss           0x20000090       0x1c C:/ST/STM32CubeCLT_1.19.0/GNU-tools-for-STM32/bin/../lib/gcc/arm-none-eabi/13.3.1/thumb/v7e-m+fp/hard/crtbegin.o
 *(.bss*)
 .bss.uwTick    0x200000ac        0x4 cmake/stm32cubemx/CMakeFiles/STM32_Drivers.dir/__/__/Drivers/STM32F4xx_HAL_Driver/Src/stm32f4xx_hal.c.obj
                0x200000ac                uwTick
 .bss.xQueueRegistry
                0x200000b0       0x40 cmake/stm32cubemx/CMakeFiles/FreeRTOS.dir/__/__/Middlewares/Third_Party/FreeRTOS/Source/queue.c.obj
                0x200000b0                xQueueRegistry
 .bss.pxCurrentTCB
                0x200000f0        0x4 cmake/stm32cubemx/CMakeFiles/FreeRTOS.dir/__/__/Middlewares/Third_Party/FreeRTOS/Source/tasks.c.obj
                0x200000f0                pxCurrentTCB
 .bss.pxReadyTasksLists
                0x200000f4      0x460 cmake/stm32cubemx/CMakeFiles/FreeRTOS.dir/__/__/Middlewares/Third_Party/FreeRTOS/Source/tasks.c.obj
 .bss.xDelayedTaskList1
                0x20000554       0x14 cmake/stm32cubemx/CMakeFiles/FreeRTOS.dir/__/__/Middlewares/Third_Party/FreeRTOS/Source/tasks.c.obj
 .bss.xDelayedTaskList2
                0x20000568       0x14 cmake/stm32cubemx/CMakeFiles/FreeRTOS.dir/__/__/Middlewares/Third_Party/FreeRTOS/Source/tasks.c.obj
 .bss.pxDelayedTaskList
                0x2000057c        0x4 cmake/stm32cubemx/CMakeFiles/FreeRTOS.dir/__/__/Middlewares/Third_Party/FreeRTOS/Source/tasks.c.obj
 .bss.pxOverflowDelayedTaskList
                0x20000580        0x4 cmake/stm32cubemx/CMakeFiles/FreeRTOS.dir/__/__/Middlewares/Third_Party/FreeRTOS/Source/tasks.c.obj
 .bss.xPendingReadyList
                0x20000584       0x14 cmake/stm32cubemx/CMakeFiles/FreeRTOS.dir/__/__/Middlewares/Third_Party/FreeRTOS/Source/tasks.c.obj
 .bss.xTasksWaitingTermination
                0x20000598       0x14 cmake/stm32cubemx/CMakeFiles/FreeRTOS.dir/__/__/Middlewares/Third_Party/FreeRTOS/Source/tasks.c.obj
 .bss.uxDeletedTasksWaitingCleanUp
                0x200005ac        0x4 cmake/stm32cubemx/CMakeFiles/FreeRTOS.dir/__/__/Middlewares/Third_Party/FreeRTOS/Source/tasks.c.obj
 .bss.xSuspendedTaskList
                0x200005b0       0x14 cmake/stm32cubemx/CMakeFiles/FreeRTOS.dir/__/__/Middlewares/Third_Party/FreeRTOS/Source/tasks.c.obj
 .bss.uxCurrentNumberOfTasks
                0x200005c4        0x4 cmake/stm32cubemx/CMakeFiles/FreeRTOS.dir/__/__/Middlewares/Third_Party/FreeRTOS/Source/tasks.c.obj
 .bss.xTickCount
                0x200005c8        0x4 cmake/stm32cubemx/CMakeFiles/FreeRTOS.dir/__/__/Middlewares/Third_Party/FreeRTOS/Source/tasks.c.obj
 .bss.uxTopReadyPriority
                0x200005cc        0x4 cmake/stm32cubemx/CMakeFiles/FreeRTOS.dir/__/__/Middlewares/Third_Party/FreeRTOS/Source/tasks.c.obj
 .bss.xSchedulerRunning
                0x200005d0        0x4 cmake/stm32cubemx/CMakeFiles/FreeRTOS.dir/__/__/Middlewares/Third_Party/FreeRTOS/Source/tasks.c.obj
 .bss.xPendedTicks
                0x200005d4        0x4 cmake/stm32cubemx/CMakeFiles/FreeRTOS.dir/__/__/Middlewares/Third_Party/FreeRTOS/Source/tasks.c.obj
 .bss.xYieldPending
                0x200005d8        0x4 cmake/stm32cubemx/CMakeFiles/FreeRTOS.dir/__/__/Middlewares/Third_Party/FreeRTOS/Source/tasks.c.obj
 .bss.xNumOfOverflows
                0x200005dc        0x4 cmake/stm32cubemx/CMakeFiles/FreeRTOS.dir/__/__/Middlewares/Third_Party/FreeRTOS/Source/tasks.c.obj
 .bss.uxTaskNumber
                0x200005e0        0x4 cmake/stm32cubemx/CMakeFiles/FreeRTOS.dir/__/__/Middlewares/Third_Party/FreeRTOS/Source/tasks.c.obj
 .bss.xNextTaskUnblockTime
                0x200005e4        0x4 cmake/stm32cubemx/CMakeFiles/FreeRTOS.dir/__/__/Middlewares/Third_Party/FreeRTOS/Source/tasks.c.obj
 .bss.xIdleTaskHandle
                0x200005e8        0x4 cmake/stm32cubemx/CMakeFiles/FreeRTOS.dir/__/__/Middlewares/Third_Party/FreeRTOS/Source/tasks.c.obj
 .bss.uxSchedulerSuspended
                0x200005ec        0x4 cmake/stm32cubemx/CMakeFiles/FreeRTOS.dir/__/__/Middlewares/Third_Party/FreeRTOS/Source/tasks.c.obj
 .bss.xActiveTimerList1
                0x200005f0       0x14 cmake/stm32cubemx/CMakeFiles/FreeRTOS.dir/__/__/Middlewares/Third_Party/FreeRTOS/Source/timers.c.obj
 .bss.xActiveTimerList2
                0x20000604       0x14 cmake/stm32cubemx/CMakeFiles/FreeRTOS.dir/__/__/Middlewares/Third_Party/FreeRTOS/Source/timers.c.obj
 .bss.pxCurrentTimerList
                0x20000618        0x4 cmake/stm32cubemx/CMakeFiles/FreeRTOS.dir/__/__/Middlewares/Third_Party/FreeRTOS/Source/timers.c.obj
 .bss.pxOverflowTimerList
                0x2000061c        0x4 cmake/stm32cubemx/CMakeFiles/FreeRTOS.dir/__/__/Middlewares/Third_Party/FreeRTOS/Source/timers.c.obj
 .bss.xTimerQueue
                0x20000620        0x4 cmake/stm32cubemx/CMakeFiles/FreeRTOS.dir/__/__/Middlewares/Third_Party/FreeRTOS/Source/timers.c.obj
 .bss.xTimerTaskHandle
                0x20000624        0x4 cmake/stm32cubemx/CMakeFiles/FreeRTOS.dir/__/__/Middlewares/Third_Party/FreeRTOS/Source/timers.c.obj
 .bss.xLastTime.2
                0x20000628        0x4 cmake/stm32cubemx/CMakeFiles/FreeRTOS.dir/__/__/Middlewares/Third_Party/FreeRTOS/Source/timers.c.obj
 .bss.ucStaticTimerQueueStorage.1
                0x2000062c       0xa0 cmake/stm32cubemx/CMakeFiles/FreeRTOS.dir/__/__/Middlewares/Third_Party/FreeRTOS/Source/timers.c.obj
 .bss.xStaticTimerQueue.0
                0x200006cc       0x50 cmake/stm32cubemx/CMakeFiles/FreeRTOS.dir/__/__/Middlewares/Third_Party/FreeRTOS/Source/timers.c.obj
 .bss.Idle_TCB.3
                0x2000071c       0x5c cmake/stm32cubemx/CMakeFiles/FreeRTOS.dir/__/__/Middlewares/Third_Party/FreeRTOS/Source/CMSIS_RTOS_V2/cmsis_os2.c.obj
 .bss.Idle_Stack.2
                0x20000778      0x200 cmake/stm32cubemx/CMakeFiles/FreeRTOS.dir/__/__/Middlewares/Third_Party/FreeRTOS/Source/CMSIS_RTOS_V2/cmsis_os2.c.obj
 .bss.Timer_TCB.1
                0x20000978       0x5c cmake/stm32cubemx/CMakeFiles/FreeRTOS.dir/__/__/Middlewares/Third_Party/FreeRTOS/Source/CMSIS_RTOS_V2/cmsis_os2.c.obj
 .bss.Timer_Stack.0
                0x200009d4      0x400 cmake/stm32cubemx/CMakeFiles/FreeRTOS.dir/__/__/Middlewares/Third_Party/FreeRTOS/Source/CMSIS_RTOS_V2/cmsis_os2.c.obj
 .bss.ucHeap    0x20000dd4     0x3c00 cmake/stm32cubemx/CMakeFiles/FreeRTOS.dir/__/__/Middlewares/Third_Party/FreeRTOS/Source/portable/MemMang/heap_4.c.obj
 .bss.xStart    0x200049d4        0x8 cmake/stm32cubemx/CMakeFiles/FreeRTOS.dir/__/__/Middlewares/Third_Party/FreeRTOS/Source/portable/MemMang/heap_4.c.obj
 .bss.pxEnd     0x200049dc        0x4 cmake/stm32cubemx/CMakeFiles/FreeRTOS.dir/__/__/Middlewares/Third_Party/FreeRTOS/Source/portable/MemMang/heap_4.c.obj
 .bss.xFreeBytesRemaining
                0x200049e0        0x4 cmake/stm32cubemx/CMakeFiles/FreeRTOS.dir/__/__/Middlewares/Third_Party/FreeRTOS/Source/portable/MemMang/heap_4.c.obj
 .bss.xMinimumEverFreeBytesRemaining
                0x200049e4        0x4 cmake/stm32cubemx/CMakeFiles/FreeRTOS.dir/__/__/Middlewares/Third_Party/FreeRTOS/Source/portable/MemMang/heap_4.c.obj
 .bss.xNumberOfSuccessfulAllocations
                0x200049e8        0x4 cmake/stm32cubemx/CMakeFiles/FreeRTOS.dir/__/__/Middlewares/Third_Party/FreeRTOS/Source/portable/MemMang/heap_4.c.obj
 .bss.xNumberOfSuccessfulFrees
                0x200049ec        0x4 cmake/stm32cubemx/CMakeFiles/FreeRTOS.dir/__/__/Middlewares/Third_Party/FreeRTOS/Source/portable/MemMang/heap_4.c.obj
 .bss.xBlockAllocatedBit
                0x200049f0        0x4 cmake/stm32cubemx/CMakeFiles/FreeRTOS.dir/__/__/Middlewares/Third_Party/FreeRTOS/Source/portable/MemMang/heap_4.c.obj
 .bss.ucMaxSysCallPriority
                0x200049f4        0x1 cmake/stm32cubemx/CMakeFiles/FreeRTOS.dir/__/__/Middlewares/Third_Party/FreeRTOS/Source/portable/GCC/ARM_CM4F/port.c.obj
 *fill*         0x200049f5        0x3 
 .bss.ulMaxPRIGROUPValue
                0x200049f8        0x4 cmake/stm32cubemx/CMakeFiles/FreeRTOS.dir/__/__/Middlewares/Third_Party/FreeRTOS/Source/portable/GCC/ARM_CM4F/port.c.obj
 .bss.FatFs     0x200049fc        0x4 cmake/stm32cubemx/CMakeFiles/FatFs.dir/__/__/Middlewares/Third_Party/FatFs/src/ff.c.obj
 .bss.Fsid      0x20004a00        0x2 cmake/stm32cubemx/CMakeFiles/FatFs.dir/__/__/Middlewares/Third_Party/FatFs/src/ff.c.obj
 *fill*         0x20004a02        0x2 
 .bss.Files     0x20004a04       0x20 cmake/stm32cubemx/CMakeFiles/FatFs.dir/__/__/Middlewares/Third_Party/FatFs/src/ff.c.obj
 .bss.disk      0x20004a24        0xc cmake/stm32cubemx/CMakeFiles/FatFs.dir/__/__/Middlewares/Third_Party/FatFs/src/ff_gen_drv.c.obj
                0x20004a24                disk
 .bss.retUSER   0x20004a30        0x1 CMakeFiles/LCD_BUTTON.dir/FATFS/App/fatfs.c.obj
                0x20004a30                retUSER
 *fill*         0x20004a31        0x3 
 .bss.USERPath  0x20004a34        0x4 CMakeFiles/LCD_BUTTON.dir/FATFS/App/fatfs.c.obj
                0x20004a34                USERPath
 .bss.CardType  0x20004a38        0x1 CMakeFiles/LCD_BUTTON.dir/FATFS/Target/user_diskio.c.obj
 *fill*         0x20004a39        0x3 
 .bss.state     0x20004a3c        0x4 CMakeFiles/LCD_BUTTON.dir/Core/Src/main.c.obj
                0x20004a3c                state
 .bss.g_log_enabled
                0x20004a40        0x4 CMakeFiles/LCD_BUTTON.dir/Core/Src/main.c.obj
                0x20004a40                g_log_enabled
 .bss.g_temperature
                0x20004a44        0x4 CMakeFiles/LCD_BUTTON.dir/Core/Src/main.c.obj
                0x20004a44                g_temperature
 .bss.hi2c1     0x20004a48       0x54 CMakeFiles/LCD_BUTTON.dir/Core/Src/main.c.obj
                0x20004a48                hi2c1
 .bss.hspi2     0x20004a9c       0x58 CMakeFiles/LCD_BUTTON.dir/Core/Src/main.c.obj
                0x20004a9c                hspi2
 .bss.huart2    0x20004af4       0x48 CMakeFiles/LCD_BUTTON.dir/Core/Src/main.c.obj
                0x20004af4                huart2
 .bss.defaultTaskHandle
                0x20004b3c        0x4 CMakeFiles/LCD_BUTTON.dir/Core/Src/main.c.obj
                0x20004b3c                defaultTaskHandle
 .bss.buttonTaskHandle
                0x20004b40        0x4 CMakeFiles/LCD_BUTTON.dir/Core/Src/main.c.obj
                0x20004b40                buttonTaskHandle
 .bss.sdcardTaskHandle
                0x20004b44        0x4 CMakeFiles/LCD_BUTTON.dir/Core/Src/main.c.obj
                0x20004b44                sdcardTaskHandle
 .bss.__sbrk_heap_end
                0x20004b48        0x4 CMakeFiles/LCD_BUTTON.dir/Core/Src/sysmem.c.obj
 .bss.fs        0x20004b4c     0x103c CMakeFiles/LCD_BUTTON.dir/Core/Src/File_handling_RTOS.c.obj
                0x20004b4c                fs
 .bss.fil       0x20005b88     0x1030 CMakeFiles/LCD_BUTTON.dir/Core/Src/File_handling_RTOS.c.obj
                0x20005b88                fil
 .bss.fno       0x20006bb8      0x118 CMakeFiles/LCD_BUTTON.dir/Core/Src/File_handling_RTOS.c.obj
                0x20006bb8                fno
 .bss.fresult   0x20006cd0        0x1 CMakeFiles/LCD_BUTTON.dir/Core/Src/File_handling_RTOS.c.obj
                0x20006cd0                fresult
 *fill*         0x20006cd1        0x3 
 .bss.bw        0x20006cd4        0x4 CMakeFiles/LCD_BUTTON.dir/Core/Src/File_handling_RTOS.c.obj
                0x20006cd4                bw
 .bss.SSD1306_Buffer
                0x20006cd8      0x410 CMakeFiles/LCD_BUTTON.dir/Core/Src/ssd1306.c.obj
 .bss.SSD1306   0x200070e8        0x6 CMakeFiles/LCD_BUTTON.dir/Core/Src/ssd1306.c.obj
 *fill*         0x200070ee        0x2 
 .bss.__sf      0x200070f0      0x138 C:/ST/STM32CubeCLT_1.19.0/GNU-tools-for-STM32/bin/../lib/gcc/arm-none-eabi/13.3.1/../../../../arm-none-eabi/lib/thumb/v7e-m+fp/hard\libg_nano.a(libc_a-findfp.o)
                0x200070f0                __sf
 .bss.errno     0x20007228        0x4 C:/ST/STM32CubeCLT_1.19.0/GNU-tools-for-STM32/bin/../lib/gcc/arm-none-eabi/13.3.1/../../../../arm-none-eabi/lib/thumb/v7e-m+fp/hard\libg_nano.a(libc_a-reent.o)
                0x20007228                errno
 .bss.__lock___malloc_recursive_mutex
                0x2000722c        0x1 C:/ST/STM32CubeCLT_1.19.0/GNU-tools-for-STM32/bin/../lib/gcc/arm-none-eabi/13.3.1/../../../../arm-none-eabi/lib/thumb/v7e-m+fp/hard\libg_nano.a(libc_a-lock.o)
                0x2000722c                __lock___malloc_recursive_mutex
 *fill*         0x2000722d        0x3 
 .bss.__malloc_sbrk_start
                0x20007230        0x4 C:/ST/STM32CubeCLT_1.19.0/GNU-tools-for-STM32/bin/../lib/gcc/arm-none-eabi/13.3.1/../../../../arm-none-eabi/lib/thumb/v7e-m+fp/hard\libg_nano.a(libc_a-mallocr.o)
                0x20007230                __malloc_sbrk_start
 .bss.__malloc_free_list
                0x20007234        0x4 C:/ST/STM32CubeCLT_1.19.0/GNU-tools-for-STM32/bin/../lib/gcc/arm-none-eabi/13.3.1/../../../../arm-none-eabi/lib/thumb/v7e-m+fp/hard\libg_nano.a(libc_a-mallocr.o)
                0x20007234                __malloc_free_list
 *(COMMON)
                0x20007238                        . = ALIGN (0x4)
                0x20007238                        _ebss = .
                0x20007238                        __bss_end__ = _ebss
                [!provide]                        PROVIDE (__bss_end = .)
                [!provide]                        PROVIDE (__non_tls_bss_start = ADDR (.bss))
                [!provide]                        PROVIDE (__bss_start = __tbss_start)
                [!provide]                        PROVIDE (__bss_size = (__bss_end - __bss_start))

._user_heap_stack
                0x20007238      0x600 load address 0x0800d708
                0x20007238                        . = ALIGN (0x8)
                [!provide]                        PROVIDE (end = .)
                0x20007238                        PROVIDE (_end = .)
                0x20007438                        . = (. + _Min_Heap_Size)
 *fill*         0x20007238      0x200 
                0x20007838                        . = (. + _Min_Stack_Size)
 *fill*         0x20007438      0x400 
                0x20007838                        . = ALIGN (0x8)

/DISCARD/
 libc.a:*(*)
 libm.a:*(*)
 libgcc.a:*(*)
OUTPUT(LCD_BUTTON.elf elf32-littlearm)
LOAD linker stubs

.ARM.attributes
                0x00000000       0x30
 .ARM.attributes
                0x00000000       0x22 C:/ST/STM32CubeCLT_1.19.0/GNU-tools-for-STM32/bin/../lib/gcc/arm-none-eabi/13.3.1/thumb/v7e-m+fp/hard/crti.o
 .ARM.attributes
                0x00000022       0x34 C:/ST/STM32CubeCLT_1.19.0/GNU-tools-for-STM32/bin/../lib/gcc/arm-none-eabi/13.3.1/thumb/v7e-m+fp/hard/crtbegin.o
 .ARM.attributes
                0x00000056       0x34 cmake/stm32cubemx/CMakeFiles/STM32_Drivers.dir/__/__/Core/Src/system_stm32f4xx.c.obj
 .ARM.attributes
                0x0000008a       0x34 cmake/stm32cubemx/CMakeFiles/STM32_Drivers.dir/__/__/Drivers/STM32F4xx_HAL_Driver/Src/stm32f4xx_hal_rcc.c.obj
 .ARM.attributes
                0x000000be       0x34 cmake/stm32cubemx/CMakeFiles/STM32_Drivers.dir/__/__/Drivers/STM32F4xx_HAL_Driver/Src/stm32f4xx_hal_gpio.c.obj
 .ARM.attributes
                0x000000f2       0x34 cmake/stm32cubemx/CMakeFiles/STM32_Drivers.dir/__/__/Drivers/STM32F4xx_HAL_Driver/Src/stm32f4xx_hal_cortex.c.obj
 .ARM.attributes
                0x00000126       0x34 cmake/stm32cubemx/CMakeFiles/STM32_Drivers.dir/__/__/Drivers/STM32F4xx_HAL_Driver/Src/stm32f4xx_hal.c.obj
 .ARM.attributes
                0x0000015a       0x34 cmake/stm32cubemx/CMakeFiles/STM32_Drivers.dir/__/__/Drivers/STM32F4xx_HAL_Driver/Src/stm32f4xx_hal_i2c.c.obj
 .ARM.attributes
                0x0000018e       0x34 cmake/stm32cubemx/CMakeFiles/STM32_Drivers.dir/__/__/Drivers/STM32F4xx_HAL_Driver/Src/stm32f4xx_hal_spi.c.obj
 .ARM.attributes
                0x000001c2       0x34 cmake/stm32cubemx/CMakeFiles/STM32_Drivers.dir/__/__/Drivers/STM32F4xx_HAL_Driver/Src/stm32f4xx_hal_uart.c.obj
 .ARM.attributes
                0x000001f6       0x34 cmake/stm32cubemx/CMakeFiles/FreeRTOS.dir/__/__/Middlewares/Third_Party/FreeRTOS/Source/list.c.obj
 .ARM.attributes
                0x0000022a       0x34 cmake/stm32cubemx/CMakeFiles/FreeRTOS.dir/__/__/Middlewares/Third_Party/FreeRTOS/Source/queue.c.obj
 .ARM.attributes
                0x0000025e       0x34 cmake/stm32cubemx/CMakeFiles/FreeRTOS.dir/__/__/Middlewares/Third_Party/FreeRTOS/Source/tasks.c.obj
 .ARM.attributes
                0x00000292       0x34 cmake/stm32cubemx/CMakeFiles/FreeRTOS.dir/__/__/Middlewares/Third_Party/FreeRTOS/Source/timers.c.obj
 .ARM.attributes
                0x000002c6       0x34 cmake/stm32cubemx/CMakeFiles/FreeRTOS.dir/__/__/Middlewares/Third_Party/FreeRTOS/Source/CMSIS_RTOS_V2/cmsis_os2.c.obj
 .ARM.attributes
                0x000002fa       0x34 cmake/stm32cubemx/CMakeFiles/FreeRTOS.dir/__/__/Middlewares/Third_Party/FreeRTOS/Source/portable/MemMang/heap_4.c.obj
 .ARM.attributes
                0x0000032e       0x34 cmake/stm32cubemx/CMakeFiles/FreeRTOS.dir/__/__/Middlewares/Third_Party/FreeRTOS/Source/portable/GCC/ARM_CM4F/port.c.obj
 .ARM.attributes
                0x00000362       0x34 cmake/stm32cubemx/CMakeFiles/FatFs.dir/__/__/Middlewares/Third_Party/FatFs/src/diskio.c.obj
 .ARM.attributes