Archive member included to satisfy reference by file (symbol)

C:/ST/STM32CubeCLT_1.19.0/GNU-tools-for-STM32/bin/../lib/gcc/arm-none-eabi/13.3.1/thumb/v7e-m+fp/hard\libgcc.a(_arm_muldf3.o)
                              CMakeFiles/LCD_BUTTON.dir/Core/Src/File_handling_RTOS.c.obj (__aeabi_dmul)
C:/ST/STM32CubeCLT_1.19.0/GNU-tools-for-STM32/bin/../lib/gcc/arm-none-eabi/13.3.1/thumb/v7e-m+fp/hard\libgcc.a(_arm_addsubdf3.o)
                              CMakeFiles/LCD_BUTTON.dir/Core/Src/File_handling_RTOS.c.obj (__aeabi_ui2d)
C:/ST/STM32CubeCLT_1.19.0/GNU-tools-for-STM32/bin/../lib/gcc/arm-none-eabi/13.3.1/thumb/v7e-m+fp/hard\libgcc.a(_arm_fixunsdfsi.o)
                              CMakeFiles/LCD_BUTTON.dir/Core/Src/File_handling_RTOS.c.obj (__aeabi_d2uiz)
C:/ST/STM32CubeCLT_1.19.0/GNU-tools-for-STM32/bin/../lib/gcc/arm-none-eabi/13.3.1/thumb/v7e-m+fp/hard\libgcc.a(_aeabi_uldivmod.o)
                              cmake/stm32cubemx/CMakeFiles/STM32_Drivers.dir/__/__/Drivers/STM32F4xx_HAL_Driver/Src/stm32f4xx_hal_rcc.c.obj (__aeabi_uldivmod)
C:/ST/STM32CubeCLT_1.19.0/GNU-tools-for-STM32/bin/../lib/gcc/arm-none-eabi/13.3.1/thumb/v7e-m+fp/hard\libgcc.a(_udivmoddi4.o)
                              C:/ST/STM32CubeCLT_1.19.0/GNU-tools-for-STM32/bin/../lib/gcc/arm-none-eabi/13.3.1/thumb/v7e-m+fp/hard\libgcc.a(_aeabi_uldivmod.o) (__udivmoddi4)
C:/ST/STM32CubeCLT_1.19.0/GNU-tools-for-STM32/bin/../lib/gcc/arm-none-eabi/13.3.1/thumb/v7e-m+fp/hard\libgcc.a(_dvmd_tls.o)
                              C:/ST/STM32CubeCLT_1.19.0/GNU-tools-for-STM32/bin/../lib/gcc/arm-none-eabi/13.3.1/thumb/v7e-m+fp/hard\libgcc.a(_aeabi_uldivmod.o) (__aeabi_ldiv0)
C:/ST/STM32CubeCLT_1.19.0/GNU-tools-for-STM32/bin/../lib/gcc/arm-none-eabi/13.3.1/../../../../arm-none-eabi/lib/thumb/v7e-m+fp/hard\libg_nano.a(libc_a-exit.o)
                              C:/ST/STM32CubeCLT_1.19.0/GNU-tools-for-STM32/bin/../lib/gcc/arm-none-eabi/13.3.1/../../../../arm-none-eabi/lib/thumb/v7e-m+fp/hard/crt0.o (exit)
C:/ST/STM32CubeCLT_1.19.0/GNU-tools-for-STM32/bin/../lib/gcc/arm-none-eabi/13.3.1/../../../../arm-none-eabi/lib/thumb/v7e-m+fp/hard\libg_nano.a(libc_a-findfp.o)
                              C:/ST/STM32CubeCLT_1.19.0/GNU-tools-for-STM32/bin/../lib/gcc/arm-none-eabi/13.3.1/../../../../arm-none-eabi/lib/thumb/v7e-m+fp/hard\libg_nano.a(libc_a-exit.o) (__stdio_exit_handler)
C:/ST/STM32CubeCLT_1.19.0/GNU-tools-for-STM32/bin/../lib/gcc/arm-none-eabi/13.3.1/../../../../arm-none-eabi/lib/thumb/v7e-m+fp/hard\libg_nano.a(libc_a-fwalk.o)
                              C:/ST/STM32CubeCLT_1.19.0/GNU-tools-for-STM32/bin/../lib/gcc/arm-none-eabi/13.3.1/../../../../arm-none-eabi/lib/thumb/v7e-m+fp/hard\libg_nano.a(libc_a-findfp.o) (_fwalk_sglue)
C:/ST/STM32CubeCLT_1.19.0/GNU-tools-for-STM32/bin/../lib/gcc/arm-none-eabi/13.3.1/../../../../arm-none-eabi/lib/thumb/v7e-m+fp/hard\libg_nano.a(libc_a-snprintf.o)
                              CMakeFiles/LCD_BUTTON.dir/Source/Application/app_tasks.c.obj (snprintf)
C:/ST/STM32CubeCLT_1.19.0/GNU-tools-for-STM32/bin/../lib/gcc/arm-none-eabi/13.3.1/../../../../arm-none-eabi/lib/thumb/v7e-m+fp/hard\libg_nano.a(libc_a-sprintf.o)
                              CMakeFiles/LCD_BUTTON.dir/Core/Src/File_handling_RTOS.c.obj (sprintf)
C:/ST/STM32CubeCLT_1.19.0/GNU-tools-for-STM32/bin/../lib/gcc/arm-none-eabi/13.3.1/../../../../arm-none-eabi/lib/thumb/v7e-m+fp/hard\libg_nano.a(libc_a-stdio.o)
                              C:/ST/STM32CubeCLT_1.19.0/GNU-tools-for-STM32/bin/../lib/gcc/arm-none-eabi/13.3.1/../../../../arm-none-eabi/lib/thumb/v7e-m+fp/hard\libg_nano.a(libc_a-findfp.o) (__sread)
C:/ST/STM32CubeCLT_1.19.0/GNU-tools-for-STM32/bin/../lib/gcc/arm-none-eabi/13.3.1/../../../../arm-none-eabi/lib/thumb/v7e-m+fp/hard\libg_nano.a(libc_a-memset.o)
                              C:/ST/STM32CubeCLT_1.19.0/GNU-tools-for-STM32/bin/../lib/gcc/arm-none-eabi/13.3.1/../../../../arm-none-eabi/lib/thumb/v7e-m+fp/hard/crt0.o (memset)
C:/ST/STM32CubeCLT_1.19.0/GNU-tools-for-STM32/bin/../lib/gcc/arm-none-eabi/13.3.1/../../../../arm-none-eabi/lib/thumb/v7e-m+fp/hard\libg_nano.a(libc_a-closer.o)
                              C:/ST/STM32CubeCLT_1.19.0/GNU-tools-for-STM32/bin/../lib/gcc/arm-none-eabi/13.3.1/../../../../arm-none-eabi/lib/thumb/v7e-m+fp/hard\libg_nano.a(libc_a-stdio.o) (_close_r)
C:/ST/STM32CubeCLT_1.19.0/GNU-tools-for-STM32/bin/../lib/gcc/arm-none-eabi/13.3.1/../../../../arm-none-eabi/lib/thumb/v7e-m+fp/hard\libg_nano.a(libc_a-reent.o)
                              C:/ST/STM32CubeCLT_1.19.0/GNU-tools-for-STM32/bin/../lib/gcc/arm-none-eabi/13.3.1/../../../../arm-none-eabi/lib/thumb/v7e-m+fp/hard\libg_nano.a(libc_a-closer.o) (errno)
C:/ST/STM32CubeCLT_1.19.0/GNU-tools-for-STM32/bin/../lib/gcc/arm-none-eabi/13.3.1/../../../../arm-none-eabi/lib/thumb/v7e-m+fp/hard\libg_nano.a(libc_a-impure.o)
[...]
Memory Configuration

Name             Origin             Length             Attributes
RAM              0x20000000         0x00018000         xrw
FLASH            0x08000000         0x00080000         xr
*default*        0x00000000         0xffffffff

Linker script and memory map

LOAD C:/ST/STM32CubeCLT_1.19.0/GNU-tools-for-STM32/bin/../lib/gcc/arm-none-eabi/13.3.1/thumb/v7e-m+fp/hard/crti.o
LOAD C:/ST/STM32CubeCLT_1.19.0/GNU-tools-for-STM32/bin/../lib/gcc/arm-none-eabi/13.3.1/thumb/v7e-m+fp/hard/crtbegin.o
LOAD C:/ST/STM32CubeCLT_1.19.0/GNU-tools-for-STM32/bin/../lib/gcc/arm-none-eabi/13.3.1/../../../../arm-none-eabi/lib/thumb/v7e-m+fp/hard/crt0.o
LOAD cmake/stm32cubemx/CMakeFiles/STM32_Drivers.dir/__/__/Core/Src/system_stm32f4xx.c.obj
LOAD cmake/stm32cubemx/CMakeFiles/STM32_Drivers.dir/__/__/Drivers/STM32F4xx_HAL_Driver/Src/stm32f4xx_hal_rcc.c.obj
LOAD cmake/stm32cubemx/CMakeFiles/STM32_Drivers.dir/__/__/Drivers/STM32F4xx_HAL_Driver/Src/stm32f4xx_hal_rcc_ex.c.obj
LOAD cmake/stm32cubemx/CMakeFiles/STM32_Drivers.dir/__/__/Drivers/STM32F4xx_HAL_Driver/Src/stm32f4xx_hal_flash.c.obj
LOAD cmake/stm32cubemx/CMakeFiles/STM32_Drivers.dir/__/__/Drivers/STM32F4xx_HAL_Driver/Src/stm32f4xx_hal_flash_ex.c.obj
LOAD cmake/stm32cubemx/CMakeFiles/STM32_Drivers.dir/__/__/Drivers/STM32F4xx_HAL_Driver/Src/stm32f4xx_hal_flash_ramfunc.c.obj
LOAD cmake/stm32cubemx/CMakeFiles/STM32_Drivers.dir/__/__/Drivers/STM32F4xx_HAL_Driver/Src/stm32f4xx_hal_gpio.c.obj
LOAD cmake/stm32cubemx/CMakeFiles/STM32_Drivers.dir/__/__/Drivers/STM32F4xx_HAL_Driver/Src/stm32f4xx_hal_dma_ex.c.obj
LOAD cmake/stm32cubemx/CMakeFiles/STM32_Drivers.dir/__/__/Drivers/STM32F4xx_HAL_Driver/Src/stm32f4xx_hal_dma.c.obj
LOAD cmake/stm32cubemx/CMakeFiles/STM32_Drivers.dir/__/__/Drivers/STM32F4xx_HAL_Driver/Src/stm32f4xx_hal_pwr.c.obj
LOAD cmake/stm32cubemx/CMakeFiles/STM32_Drivers.dir/__/__/Drivers/STM32F4xx_HAL_Driver/Src/stm32f4xx_hal_pwr_ex.c.obj
LOAD cmake/stm32cubemx/CMakeFiles/STM32_Drivers.dir/__/__/Drivers/STM32F4xx_HAL_Driver/Src/stm32f4xx_hal_cortex.c.obj
LOAD cmake/stm32cubemx/CMakeFiles/STM32_Drivers.dir/__/__/Drivers/STM32F4xx_HAL_Driver/Src/stm32f4xx_hal.c.obj
LOAD cmake/stm32cubemx/CMakeFiles/STM32_Drivers.dir/__/__/Drivers/STM32F4xx_HAL_Driver/Src/stm32f4xx_hal_exti.c.obj
LOAD cmake/stm32cubemx/CMakeFiles/STM32_Drivers.dir/__/__/Drivers/STM32F4xx_HAL_Driver/Src/stm32f4xx_hal_i2c.c.obj
LOAD cmake/stm32cubemx/CMakeFiles/STM32_Drivers.dir/__/__/Drivers/STM32F4xx_HAL_Driver/Src/stm32f4xx_hal_i2c_ex.c.obj
LOAD cmake/stm32cubemx/CMakeFiles/STM32_Drivers.dir/__/__/Drivers/STM32F4xx_HAL_Driver/Src/stm32f4xx_hal_spi.c.obj
LOAD cmake/stm32cubemx/CMakeFiles/STM32_Drivers.dir/__/__/Drivers/STM32F4xx_HAL_Driver/Src/stm32f4xx_hal_uart.c.obj
LOAD cmake/stm32cubemx/CMakeFiles/FreeRTOS.dir/__/__/Middlewares/Third_Party/FreeRTOS/Source/croutine.c.obj
LOAD cmake/stm32cubemx/CMakeFiles/FreeRTOS.dir/__/__/Middlewares/Third_Party/FreeRTOS/Source/event_groups.c.obj
LOAD cmake/stm32cubemx/CMakeFiles/FreeRTOS.dir/__/__/Middlewares/Third_Party/FreeRTOS/Source/list.c.obj
LOAD cmake/stm32cubemx/CMakeFiles/FreeRTOS.dir/__/__/Middlewares/Third_Party/FreeRTOS/Source/queue.c.obj
LOAD cmake/stm32cubemx/CMakeFiles/FreeRTOS.dir/__/__/Middlewares/Third_Party/FreeRTOS/Source/stream_buffer.c.obj
LOAD cmake/stm32cubemx/CMakeFiles/FreeRTOS.dir/__/__/Middlewares/Third_Party/FreeRTOS/Source/tasks.c.obj
LOAD cmake/stm32cubemx/CMakeFiles/FreeRTOS.dir/__/__/Middlewares/Third_Party/FreeRTOS/Source/timers.c.obj
LOAD cmake/stm32cubemx/CMakeFiles/FreeRTOS.dir/__/__/Middlewares/Third_Party/FreeRTOS/Source/CMSIS_RTOS_V2/cmsis_os2.c.obj
LOAD cmake/stm32cubemx/CMakeFiles/FreeRTOS.dir/__/__/Middlewares/Third_Party/FreeRTOS/Source/portable/MemMang/heap_4.c.obj
LOAD cmake/stm32cubemx/CMakeFiles/FreeRTOS.dir/__/__/Middlewares/Third_Party/FreeRTOS/Source/portable/GCC/ARM_CM4F/port.c.obj
LOAD cmake/stm32cubemx/CMakeFiles/FatFs.dir/__/__/Middlewares/Third_Party/FatFs/src/diskio.c.obj
LOAD cmake/stm32cubemx/CMakeFiles/FatFs.dir/__/__/Middlewares/Third_Party/FatFs/src/ff.c.obj
LOAD cmake/stm32cubemx/CMakeFiles/FatFs.dir/__/__/Middlewares/Third_Party/FatFs/src/ff_gen_drv.c.obj
LOAD cmake/stm32cubemx/CMakeFiles/FatFs.dir/__/__/Middlewares/Third_Party/FatFs/src/option/syscall.c.obj
LOAD cmake/stm32cubemx/CMakeFiles/FatFs.dir/__/__/Middlewares/Third_Party/FatFs/src/option/ccsbcs.c.obj
LOAD CMakeFiles/LCD_BUTTON.dir/FATFS/App/fatfs.c.obj
LOAD CMakeFiles/LCD_BUTTON.dir/FATFS/Target/user_diskio.c.obj
LOAD CMakeFiles/LCD_BUTTON.dir/Core/Src/main.c.obj
LOAD CMakeFiles/LCD_BUTTON.dir/Core/Src/freertos.c.obj
LOAD CMakeFiles/LCD_BUTTON.dir/Core/Src/stm32f4xx_it.c.obj
LOAD CMakeFiles/LCD_BUTTON.dir/Core/Src/stm32f4xx_hal_msp.c.obj
LOAD CMakeFiles/LCD_BUTTON.dir/Core/Src/sysmem.c.obj
LOAD CMakeFiles/LCD_BUTTON.dir/Core/Src/syscalls.c.obj
LOAD CMakeFiles/LCD_BUTTON.dir/startup_stm32f401xe.s.obj
LOAD CMakeFiles/LCD_BUTTON.dir/Source/Application/app_tasks.c.obj
LOAD CMakeFiles/LCD_BUTTON.dir/Source/BSP/board/bsp_board.c.obj
LOAD CMakeFiles/LCD_BUTTON.dir/Source/BSP/bsp_display/LCD_Show.c.obj
LOAD CMakeFiles/LCD_BUTTON.dir/Source/Drivers/Devices/temp_sensor/DS18B20.c.obj
LOAD CMakeFiles/LCD_BUTTON.dir/Core/Src/File_handling_RTOS.c.obj
LOAD CMakeFiles/LCD_BUTTON.dir/Source/Drivers/Devices/sd_card/fatfs_sd.c.obj
LOAD CMakeFiles/LCD_BUTTON.dir/Source/Drivers/Devices/display/ssd1306.c.obj
LOAD CMakeFiles/LCD_BUTTON.dir/Source/Drivers/Devices/display/fonts.c.obj
LOAD C:/ST/STM32CubeCLT_1.19.0/GNU-tools-for-STM32/bin/../lib/gcc/arm-none-eabi/13.3.1/../../../../arm-none-eabi/lib/thumb/v7e-m+fp/hard\libm.a
START GROUP
LOAD C:/ST/STM32CubeCLT_1.19.0/GNU-tools-for-STM32/bin/../lib/gcc/arm-none-eabi/13.3.1/thumb/v7e-m+fp/hard\libgcc.a
LOAD C:/ST/STM32CubeCLT_1.19.0/GNU-tools-for-STM32/bin/../lib/gcc/arm-none-eabi/13.3.1/../../../../arm-none-eabi/lib/thumb/v7e-m+fp/hard\libg_nano.a
LOAD C:/ST/STM32CubeCLT_1.19.0/GNU-tools-for-STM32/bin/../lib/gcc/arm-none-eabi/13.3.1/../../../../arm-none-eabi/lib/thumb/v7e-m+fp/hard\libc_nano.a
END GROUP
START GROUP
LOAD C:/ST/STM32CubeCLT_1.19.0/GNU-tools-for-STM32/bin/../lib/gcc/arm-none-eabi/13.3.1/thumb/v7e-m+fp/hard\libgcc.a
LOAD C:/ST/STM32CubeCLT_1.19.0/GNU-tools-for-STM32/bin/../lib/gcc/arm-none-eabi/13.3.1/../../../../arm-none-eabi/lib/thumb/v7e-m+fp/hard\libc_nano.a
END GROUP
LOAD C:/ST/STM32CubeCLT_1.19.0/GNU-tools-for-STM32/bin/../lib/gcc/arm-none-eabi/13.3.1/thumb/v7e-m+fp/hard/crtend.o
LOAD C:/ST/STM32CubeCLT_1.19.0/GNU-tools-for-STM32/bin/../lib/gcc/arm-none-eabi/13.3.1/thumb/v7e-m+fp/hard/crtn.o
                0x20018000                        _estack = (ORIGIN (RAM) + LENGTH (RAM))
                0x00000200                        _Min_Heap_Size = 0x200
                0x00000400                        _Min_Stack_Size = 0x400

.isr_vector     0x08000000      0x194
                0x08000000                        . = ALIGN (0x4)
 *(.isr_vector)
 .isr_vector    0x08000000      0x194 CMakeFiles/LCD_BUTTON.dir/startup_stm32f401xe.s.obj
                0x08000000                g_pfnVectors
                0x08000194                        . = ALIGN (0x4)

.text           0x080001a0     0xbfe8
                0x080001a0                        . = ALIGN (0x4)
 *(.text)
 .text          0x080001a0       0x40 C:/ST/STM32CubeCLT_1.19.0/GNU-tools-for-STM32/bin/../lib/gcc/arm-none-eabi/13.3.1/thumb/v7e-m+fp/hard/crtbegin.o
 .text          0x080001e0       0x30 C:/ST/STM32CubeCLT_1.19.0/GNU-tools-for-STM32/bin/../lib/gcc/arm-none-eabi/13.3.1/thumb/v7e-m+fp/hard\libgcc.a(_aeabi_uldivmod.o)
                0x080001e0                __aeabi_uldivmod
 .text          0x08000210      0x2f8 C:/ST/STM32CubeCLT_1.19.0/GNU-tools-for-STM32/bin/../lib/gcc/arm-none-eabi/13.3.1/thumb/v7e-m+fp/hard\libgcc.a(_udivmoddi4.o)
                0x08000210                __udivmoddi4
 .text          0x08000508        0x4 C:/ST/STM32CubeCLT_1.19.0/GNU-tools-for-STM32/bin/../lib/gcc/arm-none-eabi/13.3.1/thumb/v7e-m+fp/hard\libgcc.a(_dvmd_tls.o)
                0x08000508                __aeabi_idiv0
                0x08000508                __aeabi_ldiv0
 .text          0x0800050c       0x10 C:/ST/STM32CubeCLT_1.19.0/GNU-tools-for-STM32/bin/../lib/gcc/arm-none-eabi/13.3.1/../../../../arm-none-eabi/lib/thumb/v7e-m+fp/hard\libg_nano.a(libc_a-strlen.o)
                0x0800050c                strlen
 *fill*         0x0800051c        0x4 
 .text          0x08000520       0xa0 C:/ST/STM32CubeCLT_1.19.0/GNU-tools-for-STM32/bin/../lib/gcc/arm-none-eabi/13.3.1/../../../../arm-none-eabi/lib/thumb/v7e-m+fp/hard\libg_nano.a(libc_a-memchr.o)
                0x08000520                memchr
 *(.text*)
 .text.SystemInit
                0x080005c0       0x24 cmake/stm32cubemx/CMakeFiles/STM32_Drivers.dir/__/__/Core/Src/system_stm32f4xx.c.obj
                0x080005c0                SystemInit
 .text.HAL_RCC_OscConfig
                0x080005e4      0x4f0 cmake/stm32cubemx/CMakeFiles/STM32_Drivers.dir/__/__/Drivers/STM32F4xx_HAL_Driver/Src/stm32f4xx_hal_rcc.c.obj
                0x080005e4                HAL_RCC_OscConfig
 .text.HAL_RCC_ClockConfig
                0x08000ad4      0x1cc cmake/stm32cubemx/CMakeFiles/STM32_Drivers.dir/__/__/Drivers/STM32F4xx_HAL_Driver/Src/stm32f4xx_hal_rcc.c.obj
                0x08000ad4                HAL_RCC_ClockConfig
 .text.HAL_RCC_GetSysClockFreq
                0x08000ca0      0x20c cmake/stm32cubemx/CMakeFiles/STM32_Drivers.dir/__/__/Drivers/STM32F4xx_HAL_Driver/Src/stm32f4xx_hal_rcc.c.obj
                0x08000ca0                HAL_RCC_GetSysClockFreq
 .text.HAL_RCC_GetHCLKFreq
                0x08000eac       0x18 cmake/stm32cubemx/CMakeFiles/STM32_Drivers.dir/__/__/Drivers/STM32F4xx_HAL_Driver/Src/stm32f4xx_hal_rcc.c.obj
                0x08000eac                HAL_RCC_GetHCLKFreq
 .text.HAL_RCC_GetPCLK1Freq
                0x08000ec4       0x28 cmake/stm32cubemx/CMakeFiles/STM32_Drivers.dir/__/__/Drivers/STM32F4xx_HAL_Driver/Src/stm32f4xx_hal_rcc.c.obj
                0x08000ec4                HAL_RCC_GetPCLK1Freq
 .text.HAL_RCC_GetPCLK2Freq
                0x08000eec       0x28 cmake/stm32cubemx/CMakeFiles/STM32_Drivers.dir/__/__/Drivers/STM32F4xx_HAL_Driver/Src/stm32f4xx_hal_rcc.c.obj
                0x08000eec                HAL_RCC_GetPCLK2Freq
 .text.HAL_GPIO_Init
                0x08000f14      0x308 cmake/stm32cubemx/CMakeFiles/STM32_Drivers.dir/__/__/Drivers/STM32F4xx_HAL_Driver/Src/stm32f4xx_hal_gpio.c.obj
                0x08000f14                HAL_GPIO_Init
 .text.HAL_GPIO_ReadPin
                0x0800121c       0x30 cmake/stm32cubemx/CMakeFiles/STM32_Drivers.dir/__/__/Drivers/STM32F4xx_HAL_Driver/Src/stm32f4xx_hal_gpio.c.obj
                0x0800121c                HAL_GPIO_ReadPin
 .text.HAL_GPIO_WritePin
                0x0800124c       0x32 cmake/stm32cubemx/CMakeFiles/STM32_Drivers.dir/__/__/Drivers/STM32F4xx_HAL_Driver/Src/stm32f4xx_hal_gpio.c.obj
                0x0800124c                HAL_GPIO_WritePin
 *fill*         0x0800127e        0x2 
 .text.__NVIC_SetPriorityGrouping
                0x08001280       0x48 cmake/stm32cubemx/CMakeFiles/STM32_Drivers.dir/__/__/Drivers/STM32F4xx_HAL_Driver/Src/stm32f4xx_hal_cortex.c.obj
 .text.__NVIC_GetPriorityGrouping
                0x080012c8       0x1c cmake/stm32cubemx/CMakeFiles/STM32_Drivers.dir/__/__/Drivers/STM32F4xx_HAL_Driver/Src/stm32f4xx_hal_cortex.c.obj
 .text.__NVIC_SetPriority
                0x080012e4       0x54 cmake/stm32cubemx/CMakeFiles/STM32_Drivers.dir/__/__/Drivers/STM32F4xx_HAL_Driver/Src/stm32f4xx_hal_cortex.c.obj
 .text.NVIC_EncodePriority
                0x08001338       0x66 cmake/stm32cubemx/CMakeFiles/STM32_Drivers.dir/__/__/Drivers/STM32F4xx_HAL_Driver/Src/stm32f4xx_hal_cortex.c.obj
 *fill*         0x0800139e        0x2 
 .text.SysTick_Config
                0x080013a0       0x44 cmake/stm32cubemx/CMakeFiles/STM32_Drivers.dir/__/__/Drivers/STM32F4xx_HAL_Driver/Src/stm32f4xx_hal_cortex.c.obj
 .text.HAL_NVIC_SetPriorityGrouping
                0x080013e4       0x16 cmake/stm32cubemx/CMakeFiles/STM32_Drivers.dir/__/__/Drivers/STM32F4xx_HAL_Driver/Src/stm32f4xx_hal_cortex.c.obj
                0x080013e4                HAL_NVIC_SetPriorityGrouping
 .text.HAL_NVIC_SetPriority
                0x080013fa       0x38 cmake/stm32cubemx/CMakeFiles/STM32_Drivers.dir/__/__/Drivers/STM32F4xx_HAL_Driver/Src/stm32f4xx_hal_cortex.c.obj
                0x080013fa                HAL_NVIC_SetPriority
 .text.HAL_SYSTICK_Config
                0x08001432       0x18 cmake/stm32cubemx/CMakeFiles/STM32_Drivers.dir/__/__/Drivers/STM32F4xx_HAL_Driver/Src/stm32f4xx_hal_cortex.c.obj
                0x08001432                HAL_SYSTICK_Config
 *fill*         0x0800144a        0x2 
 .text.HAL_Init
                0x0800144c       0x44 cmake/stm32cubemx/CMakeFiles/STM32_Drivers.dir/__/__/Drivers/STM32F4xx_HAL_Driver/Src/stm32f4xx_hal.c.obj
                0x0800144c                HAL_Init
 .text.HAL_InitTick
                0x08001490       0x60 cmake/stm32cubemx/CMakeFiles/STM32_Drivers.dir/__/__/Drivers/STM32F4xx_HAL_Driver/Src/stm32f4xx_hal.c.obj
                0x08001490                HAL_InitTick
 .text.HAL_IncTick
                0x080014f0       0x28 cmake/stm32cubemx/CMakeFiles/STM32_Drivers.dir/__/__/Drivers/STM32F4xx_HAL_Driver/Src/stm32f4xx_hal.c.obj
                0x080014f0                HAL_IncTick
 .text.HAL_GetTick
                0x08001518       0x18 cmake/stm32cubemx/CMakeFiles/STM32_Drivers.dir/__/__/Drivers/STM32F4xx_HAL_Driver/Src/stm32f4xx_hal.c.obj
                0x08001518                HAL_GetTick
 .text.HAL_Delay
                0x08001530       0x48 cmake/stm32cubemx/CMakeFiles/STM32_Drivers.dir/__/__/Drivers/STM32F4xx_HAL_Driver/Src/stm32f4xx_hal.c.obj
                0x08001530                HAL_Delay
 .text.HAL_I2C_Init
                0x08001578      0x288 cmake/stm32cubemx/CMakeFiles/STM32_Drivers.dir/__/__/Drivers/STM32F4xx_HAL_Driver/Src/stm32f4xx_hal_i2c.c.obj
                0x08001578                HAL_I2C_Init
 .text.HAL_I2C_Master_Transmit
                0x08001800      0x1fc cmake/stm32cubemx/CMakeFiles/STM32_Drivers.dir/__/__/Drivers/STM32F4xx_HAL_Driver/Src/stm32f4xx_hal_i2c.c.obj
                0x08001800                HAL_I2C_Master_Transmit
 .text.HAL_I2C_IsDeviceReady
                0x080019fc      0x25c cmake/stm32cubemx/CMakeFiles/STM32_Drivers.dir/__/__/Drivers/STM32F4xx_HAL_Driver/Src/stm32f4xx_hal_i2c.c.obj
                0x080019fc                HAL_I2C_IsDeviceReady
 .text.I2C_MasterRequestWrite
                0x08001c58      0x104 cmake/stm32cubemx/CMakeFiles/STM32_Drivers.dir/__/__/Drivers/STM32F4xx_HAL_Driver/Src/stm32f4xx_hal_i2c.c.obj
 .text.I2C_WaitOnFlagUntilTimeout
                0x08001d5c       0xf4 cmake/stm32cubemx/CMakeFiles/STM32_Drivers.dir/__/__/Drivers/STM32F4xx_HAL_Driver/Src/stm32f4xx_hal_i2c.c.obj
 .text.I2C_WaitOnMasterAddressFlagUntilTimeout
                0x08001e50      0x140 cmake/stm32cubemx/CMakeFiles/STM32_Drivers.dir/__/__/Drivers/STM32F4xx_HAL_Driver/Src/stm32f4xx_hal_i2c.c.obj
 .text.I2C_WaitOnTXEFlagUntilTimeout
                0x08001f90       0x90 cmake/stm32cubemx/CMakeFiles/STM32_Drivers.dir/__/__/Drivers/STM32F4xx_HAL_Driver/Src/stm32f4xx_hal_i2c.c.obj
 .text.I2C_WaitOnBTFFlagUntilTimeout
                0x08002020       0x90 cmake/stm32cubemx/CMakeFiles/STM32_Drivers.dir/__/__/Drivers/STM32F4xx_HAL_Driver/Src/stm32f4xx_hal_i2c.c.obj
 .text.I2C_IsAcknowledgeFailed
                0x080020b0       0x5e cmake/stm32cubemx/CMakeFiles/STM32_Drivers.dir/__/__/Drivers/STM32F4xx_HAL_Driver/Src/stm32f4xx_hal_i2c.c.obj
 .text.HAL_I2CEx_ConfigAnalogFilter
                0x0800210e       0x78 cmake/stm32cubemx/CMakeFiles/STM32_Drivers.dir/__/__/Drivers/STM32F4xx_HAL_Driver/Src/stm32f4xx_hal_i2c_ex.c.obj
                0x0800210e                HAL_I2CEx_ConfigAnalogFilter
 .text.HAL_I2CEx_ConfigDigitalFilter
                0x08002186       0x7e cmake/stm32cubemx/CMakeFiles/STM32_Drivers.dir/__/__/Drivers/STM32F4xx_HAL_Driver/Src/stm32f4xx_hal_i2c_ex.c.obj
                0x08002186                HAL_I2CEx_ConfigDigitalFilter
 .text.HAL_SPI_Init
                0x08002204      0x112 cmake/stm32cubemx/CMakeFiles/STM32_Drivers.dir/__/__/Drivers/STM32F4xx_HAL_Driver/Src/stm32f4xx_hal_spi.c.obj
                0x08002204                HAL_SPI_Init
 .text.HAL_SPI_TransmitReceive
                0x08002316      0x352 cmake/stm32cubemx/CMakeFiles/STM32_Drivers.dir/__/__/Drivers/STM32F4xx_HAL_Driver/Src/stm32f4xx_hal_spi.c.obj
                0x08002316                HAL_SPI_TransmitReceive
 .text.SPI_WaitFlagStateUntilTimeout
                0x08002668      0x110 cmake/stm32cubemx/CMakeFiles/STM32_Drivers.dir/__/__/Drivers/STM32F4xx_HAL_Driver/Src/stm32f4xx_hal_spi.c.obj
 .text.SPI_EndRxTxTransaction
                0x08002778       0xa8 cmake/stm32cubemx/CMakeFiles/STM32_Drivers.dir/__/__/Drivers/STM32F4xx_HAL_Driver/Src/stm32f4xx_hal_spi.c.obj
 .text.HAL_UART_Init
                0x08002820       0xa0 cmake/stm32cubemx/CMakeFiles/STM32_Drivers.dir/__/__/Drivers/STM32F4xx_HAL_Driver/Src/stm32f4xx_hal_uart.c.obj
                0x08002820                HAL_UART_Init
 .text.HAL_UART_Transmit
                0x080028c0      0x116 cmake/stm32cubemx/CMakeFiles/STM32_Drivers.dir/__/__/Drivers/STM32F4xx_HAL_Driver/Src/stm32f4xx_hal_uart.c.obj
                0x080028c0                HAL_UART_Transmit
 .text.UART_WaitOnFlagUntilTimeout
                0x080029d6       0xb2 cmake/stm32cubemx/CMakeFiles/STM32_Drivers.dir/__/__/Drivers/STM32F4xx_HAL_Driver/Src/stm32f4xx_hal_uart.c.obj
 .text.UART_EndRxTransfer
                0x08002a88       0xc6 cmake/stm32cubemx/CMakeFiles/STM32_Drivers.dir/__/__/Drivers/STM32F4xx_HAL_Driver/Src/stm32f4xx_hal_uart.c.obj
 *fill*         0x08002b4e        0x2 
 .text.UART_SetConfig
                0x08002b50      0x4e8 cmake/stm32cubemx/CMakeFiles/STM32_Drivers.dir/__/__/Drivers/STM32F4xx_HAL_Driver/Src/stm32f4xx_hal_uart.c.obj
 .text.vListInitialise
                0x08003038       0x40 cmake/stm32cubemx/CMakeFiles/FreeRTOS.dir/__/__/Middlewares/Third_Party/FreeRTOS/Source/list.c.obj
                0x08003038                vListInitialise
 .text.vListInitialiseItem
                0x08003078       0x1a cmake/stm32cubemx/CMakeFiles/FreeRTOS.dir/__/__/Middlewares/Third_Party/FreeRTOS/Source/list.c.obj
                0x08003078                vListInitialiseItem
 .text.vListInsertEnd
                0x08003092       0x48 cmake/stm32cubemx/CMakeFiles/FreeRTOS.dir/__/__/Middlewares/Third_Party/FreeRTOS/Source/list.c.obj
                0x08003092                vListInsertEnd
 .text.vListInsert
                0x080030da       0x72 cmake/stm32cubemx/CMakeFiles/FreeRTOS.dir/__/__/Middlewares/Third_Party/FreeRTOS/Source/list.c.obj
                0x080030da                vListInsert
 .text.uxListRemove
                0x0800314c       0x54 cmake/stm32cubemx/CMakeFiles/FreeRTOS.dir/__/__/Middlewares/Third_Party/FreeRTOS/Source/list.c.obj
                0x0800314c                uxListRemove
 .text.xQueueGenericReset
                0x080031a0       0xd4 cmake/stm32cubemx/CMakeFiles/FreeRTOS.dir/__/__/Middlewares/Third_Party/FreeRTOS/Source/queue.c.obj
                0x080031a0                xQueueGenericReset
 .text.xQueueGenericCreateStatic
                0x08003274       0xfa cmake/stm32cubemx/CMakeFiles/FreeRTOS.dir/__/__/Middlewares/Third_Party/FreeRTOS/Source/queue.c.obj
                0x08003274                xQueueGenericCreateStatic
 .text.xQueueGenericCreate
                0x0800336e       0x76 cmake/stm32cubemx/CMakeFiles/FreeRTOS.dir/__/__/Middlewares/Third_Party/FreeRTOS/Source/queue.c.obj
                0x0800336e                xQueueGenericCreate
 .text.prvInitialiseNewQueue
                0x080033e4       0x46 cmake/stm32cubemx/CMakeFiles/FreeRTOS.dir/__/__/Middlewares/Third_Party/FreeRTOS/Source/queue.c.obj
 .text.xQueueCreateCountingSemaphoreStatic
                0x0800342a       0x72 cmake/stm32cubemx/CMakeFiles/FreeRTOS.dir/__/__/Middlewares/Third_Party/FreeRTOS/Source/queue.c.obj
                0x0800342a                xQueueCreateCountingSemaphoreStatic
 .text.xQueueCreateCountingSemaphore
                0x0800349c       0x6a cmake/stm32cubemx/CMakeFiles/FreeRTOS.dir/__/__/Middlewares/Third_Party/FreeRTOS/Source/queue.c.obj
                0x0800349c                xQueueCreateCountingSemaphore
 *fill*         0x08003506        0x2 
 .text.xQueueGenericSend
                0x08003508      0x204 cmake/stm32cubemx/CMakeFiles/FreeRTOS.dir/__/__/Middlewares/Third_Party/FreeRTOS/Source/queue.c.obj
                0x08003508                xQueueGenericSend
 .text.xQueueGenericSendFromISR
                0x0800370c      0x13c cmake/stm32cubemx/CMakeFiles/FreeRTOS.dir/__/__/Middlewares/Third_Party/FreeRTOS/Source/queue.c.obj
                0x0800370c                xQueueGenericSendFromISR
 .text.xQueueGiveFromISR
                0x08003848      0x120 cmake/stm32cubemx/CMakeFiles/FreeRTOS.dir/__/__/Middlewares/Third_Party/FreeRTOS/Source/queue.c.obj
                0x08003848                xQueueGiveFromISR
 .text.xQueueReceive
                0x08003968      0x1c4 cmake/stm32cubemx/CMakeFiles/FreeRTOS.dir/__/__/Middlewares/Third_Party/FreeRTOS/Source/queue.c.obj
                0x08003968                xQueueReceive
 .text.xQueueSemaphoreTake
                0x08003b2c      0x220 cmake/stm32cubemx/CMakeFiles/FreeRTOS.dir/__/__/Middlewares/Third_Party/FreeRTOS/Source/queue.c.obj
                0x08003b2c                xQueueSemaphoreTake
 .text.xQueueReceiveFromISR
                0x08003d4c      0x104 cmake/stm32cubemx/CMakeFiles/FreeRTOS.dir/__/__/Middlewares/Third_Party/FreeRTOS/Source/queue.c.obj
                0x08003d4c                xQueueReceiveFromISR
 .text.vQueueDelete
                0x08003e50       0x48 cmake/stm32cubemx/CMakeFiles/FreeRTOS.dir/__/__/Middlewares/Third_Party/FreeRTOS/Source/queue.c.obj
                0x08003e50                vQueueDelete
 .text.prvGetDisinheritPriorityAfterTimeout
                0x08003e98       0x30 cmake/stm32cubemx/CMakeFiles/FreeRTOS.dir/__/__/Middlewares/Third_Party/FreeRTOS/Source/queue.c.obj
 .text.prvCopyDataToQueue
                0x08003ec8       0xd4 cmake/stm32cubemx/CMakeFiles/FreeRTOS.dir/__/__/Middlewares/Third_Party/FreeRTOS/Source/queue.c.obj
 .text.prvCopyDataFromQueue
                0x08003f9c       0x4c cmake/stm32cubemx/CMakeFiles/FreeRTOS.dir/__/__/Middlewares/Third_Party/FreeRTOS/Source/queue.c.obj
 .text.prvUnlockQueue
                0x08003fe8       0xa4 cmake/stm32cubemx/CMakeFiles/FreeRTOS.dir/__/__/Middlewares/Third_Party/FreeRTOS/Source/queue.c.obj
 .text.prvIsQueueEmpty
                0x0800408c       0x2c cmake/stm32cubemx/CMakeFiles/FreeRTOS.dir/__/__/Middlewares/Third_Party/FreeRTOS/Source/queue.c.obj
 .text.prvIsQueueFull
                0x080040b8       0x30 cmake/stm32cubemx/CMakeFiles/FreeRTOS.dir/__/__/Middlewares/Third_Party/FreeRTOS/Source/queue.c.obj
 .text.vQueueAddToRegistry
                0x080040e8       0x54 cmake/stm32cubemx/CMakeFiles/FreeRTOS.dir/__/__/Middlewares/Third_Party/FreeRTOS/Source/queue.c.obj
                0x080040e8                vQueueAddToRegistry
 .text.vQueueUnregisterQueue
                0x0800413c       0x54 cmake/stm32cubemx/CMakeFiles/FreeRTOS.dir/__/__/Middlewares/Third_Party/FreeRTOS/Source/queue.c.obj
                0x0800413c                vQueueUnregisterQueue
 .text.vQueueWaitForMessageRestricted
                0x08004190       0x68 cmake/stm32cubemx/CMakeFiles/FreeRTOS.dir/__/__/Middlewares/Third_Party/FreeRTOS/Source/queue.c.obj
                0x08004190                vQueueWaitForMessageRestricted
 .text.xTaskCreateStatic
                0x080041f8       0xc0 cmake/stm32cubemx/CMakeFiles/FreeRTOS.dir/__/__/Middlewares/Third_Party/FreeRTOS/Source/tasks.c.obj
                0x080041f8                xTaskCreateStatic
 .text.xTaskCreate
                0x080042b8       0x8a cmake/stm32cubemx/CMakeFiles/FreeRTOS.dir/__/__/Middlewares/Third_Party/FreeRTOS/Source/tasks.c.obj
                0x080042b8                xTaskCreate
 .text.prvInitialiseNewTask
                0x08004342      0x120 cmake/stm32cubemx/CMakeFiles/FreeRTOS.dir/__/__/Middlewares/Third_Party/FreeRTOS/Source/tasks.c.obj
 *fill*         0x08004462        0x2 
 .text.prvAddNewTaskToReadyList
                0x08004464       0xe0 cmake/stm32cubemx/CMakeFiles/FreeRTOS.dir/__/__/Middlewares/Third_Party/FreeRTOS/Source/tasks.c.obj
 .text.vTaskDelay
                0x08004544       0x6c cmake/stm32cubemx/CMakeFiles/FreeRTOS.dir/__/__/Middlewares/Third_Party/FreeRTOS/Source/tasks.c.obj
                0x08004544                vTaskDelay
 .text.vTaskStartScheduler
                0x080045b0       0xd0 cmake/stm32cubemx/CMakeFiles/FreeRTOS.dir/__/__/Middlewares/Third_Party/FreeRTOS/Source/tasks.c.obj
                0x080045b0                vTaskStartScheduler
 .text.vTaskSuspendAll
                0x08004680       0x1c cmake/stm32cubemx/CMakeFiles/FreeRTOS.dir/__/__/Middlewares/Third_Party/FreeRTOS/Source/tasks.c.obj
                0x08004680                vTaskSuspendAll
 .text.xTaskResumeAll
                0x0800469c      0x13c cmake/stm32cubemx/CMakeFiles/FreeRTOS.dir/__/__/Middlewares/Third_Party/FreeRTOS/Source/tasks.c.obj
                0x0800469c                xTaskResumeAll
 .text.xTaskGetTickCount
                0x080047d8       0x20 cmake/stm32cubemx/CMakeFiles/FreeRTOS.dir/__/__/Middlewares/Third_Party/FreeRTOS/Source/tasks.c.obj
                0x080047d8                xTaskGetTickCount
 .text.xTaskIncrementTick
                0x080047f8      0x174 cmake/stm32cubemx/CMakeFiles/FreeRTOS.dir/__/__/Middlewares/Third_Party/FreeRTOS/Source/tasks.c.obj
                0x080047f8                xTaskIncrementTick
 .text.vTaskSwitchContext
                0x0800496c       0xbc cmake/stm32cubemx/CMakeFiles/FreeRTOS.dir/__/__/Middlewares/Third_Party/FreeRTOS/Source/tasks.c.obj
                0x0800496c                vTaskSwitchContext
 .text.vTaskPlaceOnEventList
                0x08004a28       0x4c cmake/stm32cubemx/CMakeFiles/FreeRTOS.dir/__/__/Middlewares/Third_Party/FreeRTOS/Source/tasks.c.obj
                0x08004a28                vTaskPlaceOnEventList
 .text.vTaskPlaceOnEventListRestricted
                0x08004a74       0x58 cmake/stm32cubemx/CMakeFiles/FreeRTOS.dir/__/__/Middlewares/Third_Party/FreeRTOS/Source/tasks.c.obj
                0x08004a74                vTaskPlaceOnEventListRestricted
 .text.xTaskRemoveFromEventList
                0x08004acc       0xc8 cmake/stm32cubemx/CMakeFiles/FreeRTOS.dir/__/__/Middlewares/Third_Party/FreeRTOS/Source/tasks.c.obj
                0x08004acc                xTaskRemoveFromEventList
 .text.vTaskInternalSetTimeOutState
                0x08004b94       0x2c cmake/stm32cubemx/CMakeFiles/FreeRTOS.dir/__/__/Middlewares/Third_Party/FreeRTOS/Source/tasks.c.obj
                0x08004b94                vTaskInternalSetTimeOutState
 .text.xTaskCheckForTimeOut
                0x08004bc0       0xc8 cmake/stm32cubemx/CMakeFiles/FreeRTOS.dir/__/__/Middlewares/Third_Party/FreeRTOS/Source/tasks.c.obj
                0x08004bc0                xTaskCheckForTimeOut
 .text.vTaskMissedYield
                0x08004c88       0x18 cmake/stm32cubemx/CMakeFiles/FreeRTOS.dir/__/__/Middlewares/Third_Party/FreeRTOS/Source/tasks.c.obj
                0x08004c88                vTaskMissedYield
 .text.prvIdleTask
                0x08004ca0       0x30 cmake/stm32cubemx/CMakeFiles/FreeRTOS.dir/__/__/Middlewares/Third_Party/FreeRTOS/Source/tasks.c.obj
 .text.prvInitialiseTaskLists
                0x08004cd0       0x80 cmake/stm32cubemx/CMakeFiles/FreeRTOS.dir/__/__/Middlewares/Third_Party/FreeRTOS/Source/tasks.c.obj
 .text.prvCheckTasksWaitingTermination
                0x08004d50       0x5c cmake/stm32cubemx/CMakeFiles/FreeRTOS.dir/__/__/Middlewares/Third_Party/FreeRTOS/Source/tasks.c.obj
 .text.prvDeleteTCB
                0x08004dac       0x60 cmake/stm32cubemx/CMakeFiles/FreeRTOS.dir/__/__/Middlewares/Third_Party/FreeRTOS/Source/tasks.c.obj
 .text.prvResetNextTaskUnblockTime
                0x08004e0c       0x40 cmake/stm32cubemx/CMakeFiles/FreeRTOS.dir/__/__/Middlewares/Third_Party/FreeRTOS/Source/tasks.c.obj
 .text.xTaskGetSchedulerState
                0x08004e4c       0x3c cmake/stm32cubemx/CMakeFiles/FreeRTOS.dir/__/__/Middlewares/Third_Party/FreeRTOS/Source/tasks.c.obj
                0x08004e4c                xTaskGetSchedulerState
 .text.xTaskPriorityInherit
                0x08004e88       0xd0 cmake/stm32cubemx/CMakeFiles/FreeRTOS.dir/__/__/Middlewares/Third_Party/FreeRTOS/Source/tasks.c.obj
                0x08004e88                xTaskPriorityInherit
 .text.xTaskPriorityDisinherit
                0x08004f58       0xe0 cmake/stm32cubemx/CMakeFiles/FreeRTOS.dir/__/__/Middlewares/Third_Party/FreeRTOS/Source/tasks.c.obj
                0x08004f58                xTaskPriorityDisinherit
 .text.vTaskPriorityDisinheritAfterTimeout
                0x08005038      0x108 cmake/stm32cubemx/CMakeFiles/FreeRTOS.dir/__/__/Middlewares/Third_Party/FreeRTOS/Source/tasks.c.obj
                0x08005038                vTaskPriorityDisinheritAfterTimeout
 .text.pvTaskIncrementMutexHeldCount
                0x08005140       0x28 cmake/stm32cubemx/CMakeFiles/FreeRTOS.dir/__/__/Middlewares/Third_Party/FreeRTOS/Source/tasks.c.obj
                0x08005140                pvTaskIncrementMutexHeldCount
 .text.prvAddCurrentTaskToDelayedList
                0x08005168       0xa8 cmake/stm32cubemx/CMakeFiles/FreeRTOS.dir/__/__/Middlewares/Third_Party/FreeRTOS/Source/tasks.c.obj
 .text.xTimerCreateTimerTask
                0x08005210       0x94 cmake/stm32cubemx/CMakeFiles/FreeRTOS.dir/__/__/Middlewares/Third_Party/FreeRTOS/Source/timers.c.obj
                0x08005210                xTimerCreateTimerTask
 .text.xTimerGenericCommand
                0x080052a4       0x9c cmake/stm32cubemx/CMakeFiles/FreeRTOS.dir/__/__/Middlewares/Third_Party/FreeRTOS/Source/timers.c.obj
                0x080052a4                xTimerGenericCommand
 .text.prvProcessExpiredTimer
                0x08005340       0x9c cmake/stm32cubemx/CMakeFiles/FreeRTOS.dir/__/__/Middlewares/Third_Party/FreeRTOS/Source/timers.c.obj
 .text.prvTimerTask
                0x080053dc       0x26 cmake/stm32cubemx/CMakeFiles/FreeRTOS.dir/__/__/Middlewares/Third_Party/FreeRTOS/Source/timers.c.obj
 *fill*         0x08005402        0x2 
 .text.prvProcessTimerOrBlockTask
                0x08005404       0x9c cmake/stm32cubemx/CMakeFiles/FreeRTOS.dir/__/__/Middlewares/Third_Party/FreeRTOS/Source/timers.c.obj
 .text.prvGetNextExpireTime
                0x080054a0       0x48 cmake/stm32cubemx/CMakeFiles/FreeRTOS.dir/__/__/Middlewares/Third_Party/FreeRTOS/Source/timers.c.obj
 .text.prvSampleTimeNow
                0x080054e8       0x40 cmake/stm32cubemx/CMakeFiles/FreeRTOS.dir/__/__/Middlewares/Third_Party/FreeRTOS/Source/timers.c.obj
 .text.prvInsertTimerInActiveList
                0x08005528       0x84 cmake/stm32cubemx/CMakeFiles/FreeRTOS.dir/__/__/Middlewares/Third_Party/FreeRTOS/Source/timers.c.obj
 .text.prvProcessReceivedCommands
                0x080055ac      0x1cc cmake/stm32cubemx/CMakeFiles/FreeRTOS.dir/__/__/Middlewares/Third_Party/FreeRTOS/Source/timers.c.obj
 .text.prvSwitchTimerLists
                0x08005778       0xcc cmake/stm32cubemx/CMakeFiles/FreeRTOS.dir/__/__/Middlewares/Third_Party/FreeRTOS/Source/timers.c.obj
 .text.prvCheckForValidListAndQueue
                0x08005844       0x80 cmake/stm32cubemx/CMakeFiles/FreeRTOS.dir/__/__/Middlewares/Third_Party/FreeRTOS/Source/timers.c.obj
 .text.osDelay  0x080058c4       0x36 cmake/stm32cubemx/CMakeFiles/FreeRTOS.dir/__/__/Middlewares/Third_Party/FreeRTOS/Source/CMSIS_RTOS_V2/cmsis_os2.c.obj
                0x080058c4                osDelay
 .text.osSemaphoreNew
                0x080058fa      0x112 cmake/stm32cubemx/CMakeFiles/FreeRTOS.dir/__/__/Middlewares/Third_Party/FreeRTOS/Source/CMSIS_RTOS_V2/cmsis_os2.c.obj
                0x080058fa                osSemaphoreNew
 .text.osSemaphoreAcquire
                0x08005a0c       0xa4 cmake/stm32cubemx/CMakeFiles/FreeRTOS.dir/__/__/Middlewares/Third_Party/FreeRTOS/Source/CMSIS_RTOS_V2/cmsis_os2.c.obj
                0x08005a0c                osSemaphoreAcquire
 .text.osSemaphoreRelease
                0x08005ab0       0x88 cmake/stm32cubemx/CMakeFiles/FreeRTOS.dir/__/__/Middlewares/Third_Party/FreeRTOS/Source/CMSIS_RTOS_V2/cmsis_os2.c.obj
                0x08005ab0                osSemaphoreRelease
 .text.osSemaphoreDelete
                0x08005b38       0x48 cmake/stm32cubemx/CMakeFiles/FreeRTOS.dir/__/__/Middlewares/Third_Party/FreeRTOS/Source/CMSIS_RTOS_V2/cmsis_os2.c.obj
                0x08005b38                osSemaphoreDelete
 .text.vApplicationGetIdleTaskMemory
                0x08005b80       0x34 cmake/stm32cubemx/CMakeFiles/FreeRTOS.dir/__/__/Middlewares/Third_Party/FreeRTOS/Source/CMSIS_RTOS_V2/cmsis_os2.c.obj
                0x08005b80                vApplicationGetIdleTaskMemory
 .text.vApplicationGetTimerTaskMemory
                0x08005bb4       0x34 cmake/stm32cubemx/CMakeFiles/FreeRTOS.dir/__/__/Middlewares/Third_Party/FreeRTOS/Source/CMSIS_RTOS_V2/cmsis_os2.c.obj
                0x08005bb4                vApplicationGetTimerTaskMemory
 .text.pvPortMalloc
                0x08005be8      0x19c cmake/stm32cubemx/CMakeFiles/FreeRTOS.dir/__/__/Middlewares/Third_Party/FreeRTOS/Source/portable/MemMang/heap_4.c.obj
                0x08005be8                pvPortMalloc
 .text.vPortFree
                0x08005d84       0xc8 cmake/stm32cubemx/CMakeFiles/FreeRTOS.dir/__/__/Middlewares/Third_Party/FreeRTOS/Source/portable/MemMang/heap_4.c.obj
                0x08005d84                vPortFree
 .text.prvHeapInit
                0x08005e4c       0xc4 cmake/stm32cubemx/CMakeFiles/FreeRTOS.dir/__/__/Middlewares/Third_Party/FreeRTOS/Source/portable/MemMang/heap_4.c.obj
 .text.prvInsertBlockIntoFreeList
                0x08005f10       0xb4 cmake/stm32cubemx/CMakeFiles/FreeRTOS.dir/__/__/Middlewares/Third_Party/FreeRTOS/Source/portable/MemMang/heap_4.c.obj
 .text.pxPortInitialiseStack
                0x08005fc4       0x68 cmake/stm32cubemx/CMakeFiles/FreeRTOS.dir/__/__/Middlewares/Third_Party/FreeRTOS/Source/portable/GCC/ARM_CM4F/port.c.obj
                0x08005fc4                pxPortInitialiseStack
 .text.prvTaskExitError
                0x0800602c       0x5c cmake/stm32cubemx/CMakeFiles/FreeRTOS.dir/__/__/Middlewares/Third_Party/FreeRTOS/Source/portable/GCC/ARM_CM4F/port.c.obj
 *fill*         0x08006088        0x8 
 .text.SVC_Handler
                0x08006090       0x28 cmake/stm32cubemx/CMakeFiles/FreeRTOS.dir/__/__/Middlewares/Third_Party/FreeRTOS/Source/portable/GCC/ARM_CM4F/port.c.obj
                0x08006090                SVC_Handler
 .text.prvPortStartFirstTask
                0x080060b8       0x28 cmake/stm32cubemx/CMakeFiles/FreeRTOS.dir/__/__/Middlewares/Third_Party/FreeRTOS/Source/portable/GCC/ARM_CM4F/port.c.obj
 .text.xPortStartScheduler
                0x080060e0      0x148 cmake/stm32cubemx/CMakeFiles/FreeRTOS.dir/__/__/Middlewares/Third_Party/FreeRTOS/Source/portable/GCC/ARM_CM4F/port.c.obj
                0x080060e0                xPortStartScheduler
 .text.vPortEnterCritical
                0x08006228       0x64 cmake/stm32cubemx/CMakeFiles/FreeRTOS.dir/__/__/Middlewares/Third_Party/FreeRTOS/Source/portable/GCC/ARM_CM4F/port.c.obj
                0x08006228                vPortEnterCritical
 .text.vPortExitCritical
                0x0800628c       0x54 cmake/stm32cubemx/CMakeFiles/FreeRTOS.dir/__/__/Middlewares/Third_Party/FreeRTOS/Source/portable/GCC/ARM_CM4F/port.c.obj
                0x0800628c                vPortExitCritical
 .text.PendSV_Handler
                0x080062e0       0x68 cmake/stm32cubemx/CMakeFiles/FreeRTOS.dir/__/__/Middlewares/Third_Party/FreeRTOS/Source/portable/GCC/ARM_CM4F/port.c.obj
                0x080062e0                PendSV_Handler
 .text.xPortSysTickHandler
                0x08006348       0x44 cmake/stm32cubemx/CMakeFiles/FreeRTOS.dir/__/__/Middlewares/Third_Party/FreeRTOS/Source/portable/GCC/ARM_CM4F/port.c.obj
                0x08006348                xPortSysTickHandler
 .text.vPortSetupTimerInterrupt
                0x0800638c       0x48 cmake/stm32cubemx/CMakeFiles/FreeRTOS.dir/__/__/Middlewares/Third_Party/FreeRTOS/Source/portable/GCC/ARM_CM4F/port.c.obj
                0x0800638c                vPortSetupTimerInterrupt
 .text.vPortEnableVFP
                0x080063d4       0x14 cmake/stm32cubemx/CMakeFiles/FreeRTOS.dir/__/__/Middlewares/Third_Party/FreeRTOS/Source/portable/GCC/ARM_CM4F/port.c.obj
 .text.vPortValidateInterruptPriority
                0x080063e8       0x84 cmake/stm32cubemx/CMakeFiles/FreeRTOS.dir/__/__/Middlewares/Third_Party/FreeRTOS/Source/portable/GCC/ARM_CM4F/port.c.obj
                0x080063e8                vPortValidateInterruptPriority
 .text.disk_status
                0x0800646c       0x34 cmake/stm32cubemx/CMakeFiles/FatFs.dir/__/__/Middlewares/Third_Party/FatFs/src/diskio.c.obj
                0x0800646c                disk_status
 .text.disk_initialize
                0x080064a0       0x50 cmake/stm32cubemx/CMakeFiles/FatFs.dir/__/__/Middlewares/Third_Party/FatFs/src/diskio.c.obj
                0x080064a0                disk_initialize
 .text.disk_read
                0x080064f0       0x40 cmake/stm32cubemx/CMakeFiles/FatFs.dir/__/__/Middlewares/Third_Party/FatFs/src/diskio.c.obj
                0x080064f0                disk_read
 .text.disk_write
                0x08006530       0x40 cmake/stm32cubemx/CMakeFiles/FatFs.dir/__/__/Middlewares/Third_Party/FatFs/src/diskio.c.obj
                0x08006530                disk_write
 .text.disk_ioctl
                0x08006570       0x3c cmake/stm32cubemx/CMakeFiles/FatFs.dir/__/__/Middlewares/Third_Party/FatFs/src/diskio.c.obj
                0x08006570                disk_ioctl
 .text.ld_word  0x080065ac       0x32 cmake/stm32cubemx/CMakeFiles/FatFs.dir/__/__/Middlewares/Third_Party/FatFs/src/ff.c.obj
 .text.ld_dword
                0x080065de       0x46 cmake/stm32cubemx/CMakeFiles/FatFs.dir/__/__/Middlewares/Third_Party/FatFs/src/ff.c.obj
 .text.st_word  0x08006624       0x36 cmake/stm32cubemx/CMakeFiles/FatFs.dir/__/__/Middlewares/Third_Party/FatFs/src/ff.c.obj
 .text.st_dword
                0x0800665a       0x58 cmake/stm32cubemx/CMakeFiles/FatFs.dir/__/__/Middlewares/Third_Party/FatFs/src/ff.c.obj
 .text.mem_cpy  0x080066b2       0x42 cmake/stm32cubemx/CMakeFiles/FatFs.dir/__/__/Middlewares/Third_Party/FatFs/src/ff.c.obj
 .text.mem_set  0x080066f4       0x36 cmake/stm32cubemx/CMakeFiles/FatFs.dir/__/__/Middlewares/Third_Party/FatFs/src/ff.c.obj
 .text.mem_cmp  0x0800672a       0x4e cmake/stm32cubemx/CMakeFiles/FatFs.dir/__/__/Middlewares/Third_Party/FatFs/src/ff.c.obj
 .text.chk_chr  0x08006778       0x36 cmake/stm32cubemx/CMakeFiles/FatFs.dir/__/__/Middlewares/Third_Party/FatFs/src/ff.c.obj
 .text.lock_fs  0x080067ae       0x2c cmake/stm32cubemx/CMakeFiles/FatFs.dir/__/__/Middlewares/Third_Party/FatFs/src/ff.c.obj
 .text.unlock_fs
                0x080067da       0x36 cmake/stm32cubemx/CMakeFiles/FatFs.dir/__/__/Middlewares/Third_Party/FatFs/src/ff.c.obj
 .text.chk_lock
                0x08006810       0xb8 cmake/stm32cubemx/CMakeFiles/FatFs.dir/__/__/Middlewares/Third_Party/FatFs/src/ff.c.obj
 .text.enq_lock
                0x080068c8       0x44 cmake/stm32cubemx/CMakeFiles/FatFs.dir/__/__/Middlewares/Third_Party/FatFs/src/ff.c.obj
 .text.inc_lock
                0x0800690c      0x11c cmake/stm32cubemx/CMakeFiles/FatFs.dir/__/__/Middlewares/Third_Party/FatFs/src/ff.c.obj
 .text.dec_lock
                0x08006a28       0x78 cmake/stm32cubemx/CMakeFiles/FatFs.dir/__/__/Middlewares/Third_Party/FatFs/src/ff.c.obj
 .text.clear_lock
                0x08006aa0       0x48 cmake/stm32cubemx/CMakeFiles/FatFs.dir/__/__/Middlewares/Third_Party/FatFs/src/ff.c.obj
 .text.sync_window
                0x08006ae8       0x88 cmake/stm32cubemx/CMakeFiles/FatFs.dir/__/__/Middlewares/Third_Party/FatFs/src/ff.c.obj
 .text.move_window
                0x08006b70       0x5a cmake/stm32cubemx/CMakeFiles/FatFs.dir/__/__/Middlewares/Third_Party/FatFs/src/ff.c.obj
 *fill*         0x08006bca        0x2 
 .text.sync_fs  0x08006bcc       0xe0 cmake/stm32cubemx/CMakeFiles/FatFs.dir/__/__/Middlewares/Third_Party/FatFs/src/ff.c.obj
 .text.clust2sect
                0x08006cac       0x3e cmake/stm32cubemx/CMakeFiles/FatFs.dir/__/__/Middlewares/Third_Party/FatFs/src/ff.c.obj
 .text.get_fat  0x08006cea      0x1a6 cmake/stm32cubemx/CMakeFiles/FatFs.dir/__/__/Middlewares/Third_Party/FatFs/src/ff.c.obj
 .text.put_fat  0x08006e90      0x234 cmake/stm32cubemx/CMakeFiles/FatFs.dir/__/__/Middlewares/Third_Party/FatFs/src/ff.c.obj
 .text.remove_chain
                0x080070c4       0xca cmake/stm32cubemx/CMakeFiles/FatFs.dir/__/__/Middlewares/Third_Party/FatFs/src/ff.c.obj
 .text.create_chain
                0x0800718e      0x130 cmake/stm32cubemx/CMakeFiles/FatFs.dir/__/__/Middlewares/Third_Party/FatFs/src/ff.c.obj
 .text.clmt_clust
                0x080072be       0x70 cmake/stm32cubemx/CMakeFiles/FatFs.dir/__/__/Middlewares/Third_Party/FatFs/src/ff.c.obj
 .text.dir_sdi  0x0800732e      0x112 cmake/stm32cubemx/CMakeFiles/FatFs.dir/__/__/Middlewares/Third_Party/FatFs/src/ff.c.obj
 .text.dir_next
                0x08007440      0x1ac cmake/stm32cubemx/CMakeFiles/FatFs.dir/__/__/Middlewares/Third_Party/FatFs/src/ff.c.obj
 .text.dir_alloc
                0x080075ec       0x8e cmake/stm32cubemx/CMakeFiles/FatFs.dir/__/__/Middlewares/Third_Party/FatFs/src/ff.c.obj
 .text.ld_clust
                0x0800767a       0x3e cmake/stm32cubemx/CMakeFiles/FatFs.dir/__/__/Middlewares/Third_Party/FatFs/src/ff.c.obj
 .text.st_clust
                0x080076b8       0x40 cmake/stm32cubemx/CMakeFiles/FatFs.dir/__/__/Middlewares/Third_Party/FatFs/src/ff.c.obj
 .text.cmp_lfn  0x080076f8       0xe0 cmake/stm32cubemx/CMakeFiles/FatFs.dir/__/__/Middlewares/Third_Party/FatFs/src/ff.c.obj
 .text.put_lfn  0x080077d8       0xd0 cmake/stm32cubemx/CMakeFiles/FatFs.dir/__/__/Middlewares/Third_Party/FatFs/src/ff.c.obj
 .text.gen_numname
                0x080078a8      0x11c cmake/stm32cubemx/CMakeFiles/FatFs.dir/__/__/Middlewares/Third_Party/FatFs/src/ff.c.obj
 .text.sum_sfn  0x080079c4       0x42 cmake/stm32cubemx/CMakeFiles/FatFs.dir/__/__/Middlewares/Third_Party/FatFs/src/ff.c.obj
 .text.dir_find
                0x08007a06      0x180 cmake/stm32cubemx/CMakeFiles/FatFs.dir/__/__/Middlewares/Third_Party/FatFs/src/ff.c.obj
 *fill*         0x08007b86        0x2 
 .text.dir_register
                0x08007b88      0x1f0 cmake/stm32cubemx/CMakeFiles/FatFs.dir/__/__/Middlewares/Third_Party/FatFs/src/ff.c.obj
 .text.get_fileinfo
                0x08007d78      0x1bc cmake/stm32cubemx/CMakeFiles/FatFs.dir/__/__/Middlewares/Third_Party/FatFs/src/ff.c.obj
 .text.create_name
                0x08007f34      0x370 cmake/stm32cubemx/CMakeFiles/FatFs.dir/__/__/Middlewares/Third_Party/FatFs/src/ff.c.obj
 .text.follow_path
                0x080082a4       0xec cmake/stm32cubemx/CMakeFiles/FatFs.dir/__/__/Middlewares/Third_Party/FatFs/src/ff.c.obj
 .text.get_ldnumber
                0x08008390       0x88 cmake/stm32cubemx/CMakeFiles/FatFs.dir/__/__/Middlewares/Third_Party/FatFs/src/ff.c.obj
 .text.check_fs
                0x08008418       0xac cmake/stm32cubemx/CMakeFiles/FatFs.dir/__/__/Middlewares/Third_Party/FatFs/src/ff.c.obj
 .text.find_volume
                0x080084c4      0x510 cmake/stm32cubemx/CMakeFiles/FatFs.dir/__/__/Middlewares/Third_Party/FatFs/src/ff.c.obj
 .text.validate
                0x080089d4       0x8e cmake/stm32cubemx/CMakeFiles/FatFs.dir/__/__/Middlewares/Third_Party/FatFs/src/ff.c.obj
 *fill*         0x08008a62        0x2 
 .text.f_mount  0x08008a64       0xc8 cmake/stm32cubemx/CMakeFiles/FatFs.dir/__/__/Middlewares/Third_Party/FatFs/src/ff.c.obj
                0x08008a64                f_mount
 .text.f_open   0x08008b2c      0x3c8 cmake/stm32cubemx/CMakeFiles/FatFs.dir/__/__/Middlewares/Third_Party/FatFs/src/ff.c.obj
                0x08008b2c                f_open
 .text.f_write  0x08008ef4      0x386 cmake/stm32cubemx/CMakeFiles/FatFs.dir/__/__/Middlewares/Third_Party/FatFs/src/ff.c.obj
                0x08008ef4                f_write
 .text.f_sync   0x0800927a      0x112 cmake/stm32cubemx/CMakeFiles/FatFs.dir/__/__/Middlewares/Third_Party/FatFs/src/ff.c.obj
                0x0800927a                f_sync
 .text.f_close  0x0800938c       0x5e cmake/stm32cubemx/CMakeFiles/FatFs.dir/__/__/Middlewares/Third_Party/FatFs/src/ff.c.obj
                0x0800938c                f_close
 .text.f_stat   0x080093ea       0xaa cmake/stm32cubemx/CMakeFiles/FatFs.dir/__/__/Middlewares/Third_Party/FatFs/src/ff.c.obj
                0x080093ea                f_stat
 .text.FATFS_LinkDriverEx
                0x08009494       0x98 cmake/stm32cubemx/CMakeFiles/FatFs.dir/__/__/Middlewares/Third_Party/FatFs/src/ff_gen_drv.c.obj
                0x08009494                FATFS_LinkDriverEx
 .text.FATFS_LinkDriver
                0x0800952c       0x1e cmake/stm32cubemx/CMakeFiles/FatFs.dir/__/__/Middlewares/Third_Party/FatFs/src/ff_gen_drv.c.obj
                0x0800952c                FATFS_LinkDriver
 .text.ff_cre_syncobj
                0x0800954a       0x36 cmake/stm32cubemx/CMakeFiles/FatFs.dir/__/__/Middlewares/Third_Party/FatFs/src/option/syscall.c.obj
                0x0800954a                ff_cre_syncobj
 .text.ff_del_syncobj
                0x08009580       0x18 cmake/stm32cubemx/CMakeFiles/FatFs.dir/__/__/Middlewares/Third_Party/FatFs/src/option/syscall.c.obj
                0x08009580                ff_del_syncobj
 .text.ff_req_grant
                0x08009598       0x2a cmake/stm32cubemx/CMakeFiles/FatFs.dir/__/__/Middlewares/Third_Party/FatFs/src/option/syscall.c.obj
                0x08009598                ff_req_grant
 .text.ff_rel_grant
                0x080095c2       0x16 cmake/stm32cubemx/CMakeFiles/FatFs.dir/__/__/Middlewares/Third_Party/FatFs/src/option/syscall.c.obj
                0x080095c2                ff_rel_grant
 .text.ff_memalloc
                0x080095d8       0x18 cmake/stm32cubemx/CMakeFiles/FatFs.dir/__/__/Middlewares/Third_Party/FatFs/src/option/syscall.c.obj
                0x080095d8                ff_memalloc
 .text.ff_memfree
                0x080095f0       0x16 cmake/stm32cubemx/CMakeFiles/FatFs.dir/__/__/Middlewares/Third_Party/FatFs/src/option/syscall.c.obj
                0x080095f0                ff_memfree
 *fill*         0x08009606        0x2 
 .text.ff_convert
                0x08009608       0x78 cmake/stm32cubemx/CMakeFiles/FatFs.dir/__/__/Middlewares/Third_Party/FatFs/src/option/ccsbcs.c.obj
                0x08009608                ff_convert
 .text.ff_wtoupper
                0x08009680      0x114 cmake/stm32cubemx/CMakeFiles/FatFs.dir/__/__/Middlewares/Third_Party/FatFs/src/option/ccsbcs.c.obj
                0x08009680                ff_wtoupper
 .text.MX_FATFS_Init
                0x08009794       0x24 CMakeFiles/LCD_BUTTON.dir/FATFS/App/fatfs.c.obj
                0x08009794                MX_FATFS_Init
 .text.get_fattime
                0x080097b8       0x10 CMakeFiles/LCD_BUTTON.dir/FATFS/App/fatfs.c.obj
                0x080097b8                get_fattime
 .text.SD_Select
                0x080097c8       0x18 CMakeFiles/LCD_BUTTON.dir/FATFS/Target/user_diskio.c.obj
 .text.SD_Deselect
                0x080097e0       0x20 CMakeFiles/LCD_BUTTON.dir/FATFS/Target/user_diskio.c.obj
 .text.SD_TxRx  0x08009800       0x30 CMakeFiles/LCD_BUTTON.dir/FATFS/Target/user_diskio.c.obj
 .text.SD_SendClock
                0x08009830        0xe CMakeFiles/LCD_BUTTON.dir/FATFS/Target/user_diskio.c.obj
 .text.SD_WaitReady
                0x0800983e       0x3c CMakeFiles/LCD_BUTTON.dir/FATFS/Target/user_diskio.c.obj
 .text.SD_SendCmd
                0x0800987a       0xe4 CMakeFiles/LCD_BUTTON.dir/FATFS/Target/user_diskio.c.obj
 *fill*         0x0800995e        0x2 
 .text.SD_PowerOn
                0x08009960      0x19c CMakeFiles/LCD_BUTTON.dir/FATFS/Target/user_diskio.c.obj
 .text.SD_ReadSectors
                0x08009afc       0xc8 CMakeFiles/LCD_BUTTON.dir/FATFS/Target/user_diskio.c.obj
 .text.SD_WriteSectors
                0x08009bc4       0xe4 CMakeFiles/LCD_BUTTON.dir/FATFS/Target/user_diskio.c.obj
 .text.USER_initialize
                0x08009ca8       0x22 CMakeFiles/LCD_BUTTON.dir/FATFS/Target/user_diskio.c.obj
                0x08009ca8                USER_initialize
 *fill*         0x08009cca        0x2 
 .text.USER_status
                0x08009ccc       0x2c CMakeFiles/LCD_BUTTON.dir/FATFS/Target/user_diskio.c.obj
                0x08009ccc                USER_status
 .text.USER_read
                0x08009cf8       0x4c CMakeFiles/LCD_BUTTON.dir/FATFS/Target/user_diskio.c.obj
                0x08009cf8                USER_read
 .text.USER_write
                0x08009d44       0x4c CMakeFiles/LCD_BUTTON.dir/FATFS/Target/user_diskio.c.obj
                0x08009d44                USER_write
 .text.USER_ioctl
                0x08009d90       0xa0 CMakeFiles/LCD_BUTTON.dir/FATFS/Target/user_diskio.c.obj
                0x08009d90                USER_ioctl
 .text.main     0x08009e30       0x24 CMakeFiles/LCD_BUTTON.dir/Core/Src/main.c.obj
                0x08009e30                main
 .text.Error_Handler
                0x08009e54        0xc CMakeFiles/LCD_BUTTON.dir/Core/Src/main.c.obj
                0x08009e54                Error_Handler
 .text.NMI_Handler
                0x08009e60        0x8 CMakeFiles/LCD_BUTTON.dir/Core/Src/stm32f4xx_it.c.obj
                0x08009e60                NMI_Handler
 .text.HardFault_Handler
                0x08009e68        0x8 CMakeFiles/LCD_BUTTON.dir/Core/Src/stm32f4xx_it.c.obj
                0x08009e68                HardFault_Handler
 .text.MemManage_Handler
                0x08009e70        0x8 CMakeFiles/LCD_BUTTON.dir/Core/Src/stm32f4xx_it.c.obj
                0x08009e70                MemManage_Handler
 .text.BusFault_Handler
                0x08009e78        0x8 CMakeFiles/LCD_BUTTON.dir/Core/Src/stm32f4xx_it.c.obj
                0x08009e78                BusFault_Handler
 .text.UsageFault_Handler
                0x08009e80        0x8 CMakeFiles/LCD_BUTTON.dir/Core/Src/stm32f4xx_it.c.obj
                0x08009e80                UsageFault_Handler
 .text.DebugMon_Handler
                0x08009e88        0xe CMakeFiles/LCD_BUTTON.dir/Core/Src/stm32f4xx_it.c.obj
                0x08009e88                DebugMon_Handler
 .text.SysTick_Handler
                0x08009e96       0x1a CMakeFiles/LCD_BUTTON.dir/Core/Src/stm32f4xx_it.c.obj
                0x08009e96                SysTick_Handler
 .text.HAL_MspInit
                0x08009eb0       0x58 CMakeFiles/LCD_BUTTON.dir/Core/Src/stm32f4xx_hal_msp.c.obj
                0x08009eb0                HAL_MspInit
 .text.HAL_I2C_MspInit
                0x08009f08       0x90 CMakeFiles/LCD_BUTTON.dir/Core/Src/stm32f4xx_hal_msp.c.obj
                0x08009f08                HAL_I2C_MspInit
 .text.HAL_SPI_MspInit
                0x08009f98       0xd0 CMakeFiles/LCD_BUTTON.dir/Core/Src/stm32f4xx_hal_msp.c.obj
                0x08009f98                HAL_SPI_MspInit
 .text.HAL_UART_MspInit
                0x0800a068       0x90 CMakeFiles/LCD_BUTTON.dir/Core/Src/stm32f4xx_hal_msp.c.obj
                0x0800a068                HAL_UART_MspInit
 .text._sbrk    0x0800a0f8       0x6c CMakeFiles/LCD_BUTTON.dir/Core/Src/sysmem.c.obj
                0x0800a0f8                _sbrk
 .text.Reset_Handler
                0x0800a164       0x50 CMakeFiles/LCD_BUTTON.dir/startup_stm32f401xe.s.obj
                0x0800a164                Reset_Handler
 .text.Default_Handler
                0x0800a1b4        0x2 CMakeFiles/LCD_BUTTON.dir/startup_stm32f401xe.s.obj
                0x0800a1b4                RTC_Alarm_IRQHandler
                0x0800a1b4                EXTI2_IRQHandler
                0x0800a1b4                SPI4_IRQHandler
                0x0800a1b4                TIM1_CC_IRQHandler
                0x0800a1b4                DMA2_Stream5_IRQHandler
                0x0800a1b4                DMA1_Stream5_IRQHandler
                0x0800a1b4                PVD_IRQHandler
                0x0800a1b4                SDIO_IRQHandler
                0x0800a1b4                TAMP_STAMP_IRQHandler
                0x0800a1b4                EXTI3_IRQHandler
                0x0800a1b4                TIM1_UP_TIM10_IRQHandler
                0x0800a1b4                I2C3_ER_IRQHandler
                0x0800a1b4                EXTI0_IRQHandler
                0x0800a1b4                I2C2_EV_IRQHandler
                0x0800a1b4                DMA1_Stream2_IRQHandler
                0x0800a1b4                FPU_IRQHandler
                0x0800a1b4                DMA2_Stream2_IRQHandler
                0x0800a1b4                SPI1_IRQHandler
                0x0800a1b4                TIM1_BRK_TIM9_IRQHandler
                0x0800a1b4                DMA2_Stream3_IRQHandler
                0x0800a1b4                USART6_IRQHandler
                0x0800a1b4                DMA2_Stream0_IRQHandler
                0x0800a1b4                TIM4_IRQHandler
                0x0800a1b4                I2C1_EV_IRQHandler
                0x0800a1b4                DMA1_Stream6_IRQHandler
                0x0800a1b4                DMA1_Stream1_IRQHandler
                0x0800a1b4                TIM3_IRQHandler
                0x0800a1b4                RCC_IRQHandler
                0x0800a1b4                Default_Handler
                0x0800a1b4                EXTI15_10_IRQHandler
                0x0800a1b4                ADC_IRQHandler
                0x0800a1b4                DMA1_Stream7_IRQHandler
                0x0800a1b4                TIM5_IRQHandler
                0x0800a1b4                DMA2_Stream7_IRQHandler
                0x0800a1b4                I2C3_EV_IRQHandler
                0x0800a1b4                EXTI9_5_IRQHandler
                0x0800a1b4                RTC_WKUP_IRQHandler
                0x0800a1b4                SPI2_IRQHandler
                0x0800a1b4                DMA1_Stream0_IRQHandler
                0x0800a1b4                EXTI4_IRQHandler
                0x0800a1b4                WWDG_IRQHandler
                0x0800a1b4                TIM2_IRQHandler
                0x0800a1b4                OTG_FS_WKUP_IRQHandler
                0x0800a1b4                TIM1_TRG_COM_TIM11_IRQHandler
                0x0800a1b4                EXTI1_IRQHandler
                0x0800a1b4                USART2_IRQHandler
                0x0800a1b4                I2C2_ER_IRQHandler
                0x0800a1b4                DMA2_Stream1_IRQHandler
                0x0800a1b4                FLASH_IRQHandler
                0x0800a1b4                DMA2_Stream4_IRQHandler
                0x0800a1b4                USART1_IRQHandler
                0x0800a1b4                OTG_FS_IRQHandler
                0x0800a1b4                SPI3_IRQHandler
                0x0800a1b4                DMA1_Stream4_IRQHandler
                0x0800a1b4                I2C1_ER_IRQHandler
                0x0800a1b4                DMA2_Stream6_IRQHandler
                0x0800a1b4                DMA1_Stream3_IRQHandler
 *fill*         0x0800a1b6        0x2 
 .text.format_temperature
                0x0800a1b8       0x24 CMakeFiles/LCD_BUTTON.dir/Source/Application/app_tasks.c.obj
 .text.App_CreateTasks
                0x0800a1dc       0x74 CMakeFiles/LCD_BUTTON.dir/Source/Application/app_tasks.c.obj
                0x0800a1dc                App_CreateTasks
 .text.StartDefaultTask
                0x0800a250      0x114 CMakeFiles/LCD_BUTTON.dir/Source/Application/app_tasks.c.obj
 .text.StartButtonTask
                0x0800a364       0x88 CMakeFiles/LCD_BUTTON.dir/Source/Application/app_tasks.c.obj
 .text.StartSdcardTask
                0x0800a3ec       0xcc CMakeFiles/LCD_BUTTON.dir/Source/Application/app_tasks.c.obj
 .text.BSP_Init
                0x0800a4b8       0x20 CMakeFiles/LCD_BUTTON.dir/Source/BSP/board/bsp_board.c.obj
                0x0800a4b8                BSP_Init
 .text.SystemClock_Config
                0x0800a4d8       0xd8 CMakeFiles/LCD_BUTTON.dir/Source/BSP/board/bsp_board.c.obj
                0x0800a4d8                SystemClock_Config
 .text.MX_I2C1_Init
                0x0800a5b0       0xf8 CMakeFiles/LCD_BUTTON.dir/Source/BSP/board/bsp_board.c.obj
                0x0800a5b0                MX_I2C1_Init
 .text.MX_USART2_UART_Init
                0x0800a6a8       0xc8 CMakeFiles/LCD_BUTTON.dir/Source/BSP/board/bsp_board.c.obj
                0x0800a6a8                MX_USART2_UART_Init
 .text.MX_GPIO_Init
                0x0800a770      0x12c CMakeFiles/LCD_BUTTON.dir/Source/BSP/board/bsp_board.c.obj
                0x0800a770                MX_GPIO_Init
 .text.MX_SPI2_Init
                0x0800a89c       0x94 CMakeFiles/LCD_BUTTON.dir/Source/BSP/board/bsp_board.c.obj
                0x0800a89c                MX_SPI2_Init
 .text.Savings_Show
                0x0800a930       0x40 CMakeFiles/LCD_BUTTON.dir/Source/BSP/bsp_display/LCD_Show.c.obj
                0x0800a930                Savings_Show
 .text.Temperature_Show
                0x0800a970       0xf8 CMakeFiles/LCD_BUTTON.dir/Source/BSP/bsp_display/LCD_Show.c.obj
                0x0800a970                Temperature_Show
 .text.DS18B20_Init
                0x0800aa68       0x60 CMakeFiles/LCD_BUTTON.dir/Source/Drivers/Devices/temp_sensor/DS18B20.c.obj
                0x0800aa68                DS18B20_Init
 .text.DS18B20_ReadTemperature
                0x0800aac8       0xa0 CMakeFiles/LCD_BUTTON.dir/Source/Drivers/Devices/temp_sensor/DS18B20.c.obj
                0x0800aac8                DS18B20_ReadTemperature
 .text.DWT_Delay_Init
                0x0800ab68       0x34 CMakeFiles/LCD_BUTTON.dir/Source/Drivers/Devices/temp_sensor/DS18B20.c.obj
 .text.delay_us
                0x0800ab9c       0x4c CMakeFiles/LCD_BUTTON.dir/Source/Drivers/Devices/temp_sensor/DS18B20.c.obj
 .text.DS18B20_PinOutput
                0x0800abe8       0x2c CMakeFiles/LCD_BUTTON.dir/Source/Drivers/Devices/temp_sensor/DS18B20.c.obj
 .text.DS18B20_PinInput
                0x0800ac14       0x20 CMakeFiles/LCD_BUTTON.dir/Source/Drivers/Devices/temp_sensor/DS18B20.c.obj
 .text.OneWire_Reset
                0x0800ac34       0x54 CMakeFiles/LCD_BUTTON.dir/Source/Drivers/Devices/temp_sensor/DS18B20.c.obj
 .text.OneWire_WriteBit
                0x0800ac88       0x4c CMakeFiles/LCD_BUTTON.dir/Source/Drivers/Devices/temp_sensor/DS18B20.c.obj
 .text.OneWire_ReadBit
                0x0800acd4       0x44 CMakeFiles/LCD_BUTTON.dir/Source/Drivers/Devices/temp_sensor/DS18B20.c.obj
 .text.OneWire_WriteByte
                0x0800ad18       0x3a CMakeFiles/LCD_BUTTON.dir/Source/Drivers/Devices/temp_sensor/DS18B20.c.obj
 .text.OneWire_ReadByte
                0x0800ad52       0x3e CMakeFiles/LCD_BUTTON.dir/Source/Drivers/Devices/temp_sensor/DS18B20.c.obj
 .text.Send_Uart
                0x0800ad90       0x2c CMakeFiles/LCD_BUTTON.dir/Core/Src/File_handling_RTOS.c.obj
                0x0800ad90                Send_Uart
 .text.Mount_SD
                0x0800adbc       0x48 CMakeFiles/LCD_BUTTON.dir/Core/Src/File_handling_RTOS.c.obj
                0x0800adbc                Mount_SD
 .text.Unmount_SD
                0x0800ae04       0x44 CMakeFiles/LCD_BUTTON.dir/Core/Src/File_handling_RTOS.c.obj
                0x0800ae04                Unmount_SD
 .text.Create_File
                0x0800ae48      0x12c CMakeFiles/LCD_BUTTON.dir/Core/Src/File_handling_RTOS.c.obj
                0x0800ae48                Create_File
 .text.Update_File
                0x0800af74      0x180 CMakeFiles/LCD_BUTTON.dir/Core/Src/File_handling_RTOS.c.obj
                0x0800af74                Update_File
 .text.SSD1306_Init
                0x0800b0f4      0x298 CMakeFiles/LCD_BUTTON.dir/Source/Drivers/Devices/display/ssd1306.c.obj
                0x0800b0f4                SSD1306_Init
 .text.SSD1306_UpdateScreen
                0x0800b38c       0x7c CMakeFiles/LCD_BUTTON.dir/Source/Drivers/Devices/display/ssd1306.c.obj
                0x0800b38c                SSD1306_UpdateScreen
 .text.SSD1306_Fill
                0x0800b408       0x30 CMakeFiles/LCD_BUTTON.dir/Source/Drivers/Devices/display/ssd1306.c.obj
                0x0800b408                SSD1306_Fill
 .text.SSD1306_DrawPixel
                0x0800b438       0xd4 CMakeFiles/LCD_BUTTON.dir/Source/Drivers/Devices/display/ssd1306.c.obj
                0x0800b438                SSD1306_DrawPixel
 .text.SSD1306_GotoXY
                0x0800b50c       0x2c CMakeFiles/LCD_BUTTON.dir/Source/Drivers/Devices/display/ssd1306.c.obj
                0x0800b50c                SSD1306_GotoXY
 .text.SSD1306_Putc
                0x0800b538       0xfc CMakeFiles/LCD_BUTTON.dir/Source/Drivers/Devices/display/ssd1306.c.obj
                0x0800b538                SSD1306_Putc
 .text.SSD1306_Puts
                0x0800b634       0x4a CMakeFiles/LCD_BUTTON.dir/Source/Drivers/Devices/display/ssd1306.c.obj
                0x0800b634                SSD1306_Puts
 .text.SSD1306_Clear
                0x0800b67e       0x12 CMakeFiles/LCD_BUTTON.dir/Source/Drivers/Devices/display/ssd1306.c.obj
                0x0800b67e                SSD1306_Clear
 .text.ssd1306_I2C_Init
                0x0800b690       0x2c CMakeFiles/LCD_BUTTON.dir/Source/Drivers/Devices/display/ssd1306.c.obj
                0x0800b690                ssd1306_I2C_Init
 .text.ssd1306_I2C_WriteMulti
                0x0800b6bc       0xcc CMakeFiles/LCD_BUTTON.dir/Source/Drivers/Devices/display/ssd1306.c.obj
                0x0800b6bc                ssd1306_I2C_WriteMulti
 .text.ssd1306_I2C_Write
                0x0800b788       0x3c CMakeFiles/LCD_BUTTON.dir/Source/Drivers/Devices/display/ssd1306.c.obj
                0x0800b788                ssd1306_I2C_Write
 .text.snprintf
                0x0800b7c4       0x6c C:/ST/STM32CubeCLT_1.19.0/GNU-tools-for-STM32/bin/../lib/gcc/arm-none-eabi/13.3.1/../../../../arm-none-eabi/lib/thumb/v7e-m+fp/hard\libg_nano.a(libc_a-snprintf.o)
                0x0800b7c4                sniprintf
                0x0800b7c4                snprintf
 .text.sprintf  0x0800b830       0x44 C:/ST/STM32CubeCLT_1.19.0/GNU-tools-for-STM32/bin/../lib/gcc/arm-none-eabi/13.3.1/../../../../arm-none-eabi/lib/thumb/v7e-m+fp/hard\libg_nano.a(libc_a-sprintf.o)
                0x0800b830                siprintf
                0x0800b830                sprintf
 .text.memset   0x0800b874       0x10 C:/ST/STM32CubeCLT_1.19.0/GNU-tools-for-STM32/bin/../lib/gcc/arm-none-eabi/13.3.1/../../../../arm-none-eabi/lib/thumb/v7e-m+fp/hard\libg_nano.a(libc_a-memset.o)
                0x0800b874                memset
 .text.__errno  0x0800b884        0xc C:/ST/STM32CubeCLT_1.19.0/GNU-tools-for-STM32/bin/../lib/gcc/arm-none-eabi/13.3.1/../../../../arm-none-eabi/lib/thumb/v7e-m+fp/hard\libg_nano.a(libc_a-errno.o)
                0x0800b884                __errno
 .text.__libc_init_array
                0x0800b890       0x48 C:/ST/STM32CubeCLT_1.19.0/GNU-tools-for-STM32/bin/../lib/gcc/arm-none-eabi/13.3.1/../../../../arm-none-eabi/lib/thumb/v7e-m+fp/hard\libg_nano.a(libc_a-init.o)
                0x0800b890                __libc_init_array
 .text.__retarget_lock_acquire_recursive
                0x0800b8d8        0x2 C:/ST/STM32CubeCLT_1.19.0/GNU-tools-for-STM32/bin/../lib/gcc/arm-none-eabi/13.3.1/../../../../arm-none-eabi/lib/thumb/v7e-m+fp/hard\libg_nano.a(libc_a-lock.o)
                0x0800b8d8                __retarget_lock_acquire_recursive
 .text.__retarget_lock_release_recursive
                0x0800b8da        0x2 C:/ST/STM32CubeCLT_1.19.0/GNU-tools-for-STM32/bin/../lib/gcc/arm-none-eabi/13.3.1/../../../../arm-none-eabi/lib/thumb/v7e-m+fp/hard\libg_nano.a(libc_a-lock.o)
                0x0800b8da                __retarget_lock_release_recursive
 .text.memcpy   0x0800b8dc       0x1c C:/ST/STM32CubeCLT_1.19.0/GNU-tools-for-STM32/bin/../lib/gcc/arm-none-eabi/13.3.1/../../../../arm-none-eabi/lib/thumb/v7e-m+fp/hard\libg_nano.a(libc_a-memcpy-stub.o)
                0x0800b8dc                memcpy
 .text._free_r  0x0800b8f8       0x94 C:/ST/STM32CubeCLT_1.19.0/GNU-tools-for-STM32/bin/../lib/gcc/arm-none-eabi/13.3.1/../../../../arm-none-eabi/lib/thumb/v7e-m+fp/hard\libg_nano.a(libc_a-freer.o)
                0x0800b8f8                _free_r
 .text.sbrk_aligned
                0x0800b98c       0x44 C:/ST/STM32CubeCLT_1.19.0/GNU-tools-for-STM32/bin/../lib/gcc/arm-none-eabi/13.3.1/../../../../arm-none-eabi/lib/thumb/v7e-m+fp/hard\libg_nano.a(libc_a-mallocr.o)
 .text._malloc_r
                0x0800b9d0      0x100 C:/ST/STM32CubeCLT_1.19.0/GNU-tools-for-STM32/bin/../lib/gcc/arm-none-eabi/13.3.1/../../../../arm-none-eabi/lib/thumb/v7e-m+fp/hard\libg_nano.a(libc_a-mallocr.o)
                0x0800b9d0                _malloc_r
 .text.__malloc_lock
                0x0800bad0        0xc C:/ST/STM32CubeCLT_1.19.0/GNU-tools-for-STM32/bin/../lib/gcc/arm-none-eabi/13.3.1/../../../../arm-none-eabi/lib/thumb/v7e-m+fp/hard\libg_nano.a(libc_a-mlock.o)
                0x0800bad0                __malloc_lock
 .text.__malloc_unlock
                0x0800badc        0xc C:/ST/STM32CubeCLT_1.19.0/GNU-tools-for-STM32/bin/../lib/gcc/arm-none-eabi/13.3.1/../../../../arm-none-eabi/lib/thumb/v7e-m+fp/hard\libg_nano.a(libc_a-mlock.o)
                0x0800badc                __malloc_unlock
 .text.__ssputs_r
                0x0800bae8       0xb6 C:/ST/STM32CubeCLT_1.19.0/GNU-tools-for-STM32/bin/../lib/gcc/arm-none-eabi/13.3.1/../../../../arm-none-eabi/lib/thumb/v7e-m+fp/hard\libg_nano.a(libc_a-nano-svfprintf.o)
                0x0800bae8                __ssputs_r
 *fill*         0x0800bb9e        0x2 
 .text._svfprintf_r
                0x0800bba0      0x1f8 C:/ST/STM32CubeCLT_1.19.0/GNU-tools-for-STM32/bin/../lib/gcc/arm-none-eabi/13.3.1/../../../../arm-none-eabi/lib/thumb/v7e-m+fp/hard\libg_nano.a(libc_a-nano-svfprintf.o)
                0x0800bba0                _svfiprintf_r
                0x0800bba0                _svfprintf_r
 .text._printf_common
                0x0800bd98       0xda C:/ST/STM32CubeCLT_1.19.0/GNU-tools-for-STM32/bin/../lib/gcc/arm-none-eabi/13.3.1/../../../../arm-none-eabi/lib/thumb/v7e-m+fp/hard\libg_nano.a(libc_a-nano-vfprintf_i.o)
                0x0800bd98                _printf_common
 *fill*         0x0800be72        0x2 
 .text._printf_i
                0x0800be74      0x23c C:/ST/STM32CubeCLT_1.19.0/GNU-tools-for-STM32/bin/../lib/gcc/arm-none-eabi/13.3.1/../../../../arm-none-eabi/lib/thumb/v7e-m+fp/hard\libg_nano.a(libc_a-nano-vfprintf_i.o)
                0x0800be74                _printf_i
 .text.memmove  0x0800c0b0       0x34 C:/ST/STM32CubeCLT_1.19.0/GNU-tools-for-STM32/bin/../lib/gcc/arm-none-eabi/13.3.1/../../../../arm-none-eabi/lib/thumb/v7e-m+fp/hard\libg_nano.a(libc_a-memmove.o)
                0x0800c0b0                memmove
 .text._sbrk_r  0x0800c0e4       0x20 C:/ST/STM32CubeCLT_1.19.0/GNU-tools-for-STM32/bin/../lib/gcc/arm-none-eabi/13.3.1/../../../../arm-none-eabi/lib/thumb/v7e-m+fp/hard\libg_nano.a(libc_a-sbrkr.o)
                0x0800c0e4                _sbrk_r
 .text._realloc_r
                0x0800c104       0x5c C:/ST/STM32CubeCLT_1.19.0/GNU-tools-for-STM32/bin/../lib/gcc/arm-none-eabi/13.3.1/../../../../arm-none-eabi/lib/thumb/v7e-m+fp/hard\libg_nano.a(libc_a-reallocr.o)
                0x0800c104                _realloc_r
 .text._malloc_usable_size_r
                0x0800c160       0x10 C:/ST/STM32CubeCLT_1.19.0/GNU-tools-for-STM32/bin/../lib/gcc/arm-none-eabi/13.3.1/../../../../arm-none-eabi/lib/thumb/v7e-m+fp/hard\libg_nano.a(libc_a-msizer.o)
                0x0800c160                _malloc_usable_size_r
 *(.glue_7)
 .glue_7        0x0800c170        0x0 linker stubs
 *(.glue_7t)
 .glue_7t       0x0800c170        0x0 linker stubs
 *(.eh_frame)
 .eh_frame      0x0800c170        0x0 C:/ST/STM32CubeCLT_1.19.0/GNU-tools-for-STM32/bin/../lib/gcc/arm-none-eabi/13.3.1/thumb/v7e-m+fp/hard/crtbegin.o
 *(.init)
 .init          0x0800c170        0x4 C:/ST/STM32CubeCLT_1.19.0/GNU-tools-for-STM32/bin/../lib/gcc/arm-none-eabi/13.3.1/thumb/v7e-m+fp/hard/crti.o
                0x0800c170                _init
 .init          0x0800c174        0x8 C:/ST/STM32CubeCLT_1.19.0/GNU-tools-for-STM32/bin/../lib/gcc/arm-none-eabi/13.3.1/thumb/v7e-m+fp/hard/crtn.o
 *(.fini)
 .fini          0x0800c17c        0x4 C:/ST/STM32CubeCLT_1.19.0/GNU-tools-for-STM32/bin/../lib/gcc/arm-none-eabi/13.3.1/thumb/v7e-m+fp/hard/crti.o
                0x0800c17c                _fini
 .fini          0x0800c180        0x8 C:/ST/STM32CubeCLT_1.19.0/GNU-tools-for-STM32/bin/../lib/gcc/arm-none-eabi/13.3.1/thumb/v7e-m+fp/hard/crtn.o
                0x0800c188                        . = ALIGN (0x4)
                0x0800c188                        _etext = .

.vfp11_veneer   0x0800c188        0x0
 .vfp11_veneer  0x0800c188        0x0 linker stubs

.v4_bx          0x0800c188        0x0
 .v4_bx         0x0800c188        0x0 linker stubs

.iplt           0x0800c188        0x0
 .iplt          0x0800c188        0x0 C:/ST/STM32CubeCLT_1.19.0/GNU-tools-for-STM32/bin/../lib/gcc/arm-none-eabi/13.3.1/thumb/v7e-m+fp/hard/crtbegin.o

.rodata         0x0800c188     0x1e58
                0x0800c188                        . = ALIGN (0x4)
 *(.rodata)
 .rodata        0x0800c188        0x5 cmake/stm32cubemx/CMakeFiles/FreeRTOS.dir/__/__/Middlewares/Third_Party/FreeRTOS/Source/tasks.c.obj
 *fill*         0x0800c18d        0x3 
 .rodata        0x0800c190        0xd cmake/stm32cubemx/CMakeFiles/FreeRTOS.dir/__/__/Middlewares/Third_Party/FreeRTOS/Source/timers.c.obj
 *fill*         0x0800c19d        0x3 
 .rodata        0x0800c1a0       0x48 cmake/stm32cubemx/CMakeFiles/FatFs.dir/__/__/Middlewares/Third_Party/FatFs/src/ff.c.obj
 .rodata        0x0800c1e8       0x53 CMakeFiles/LCD_BUTTON.dir/Source/Application/app_tasks.c.obj
 *fill*         0x0800c23b        0x1 
 .rodata        0x0800c23c       0x34 CMakeFiles/LCD_BUTTON.dir/Source/BSP/bsp_display/LCD_Show.c.obj
 .rodata        0x0800c270      0x416 CMakeFiles/LCD_BUTTON.dir/Core/Src/File_handling_RTOS.c.obj
 *fill*         0x0800c686        0x2 
 .rodata        0x0800c688        0x4 CMakeFiles/LCD_BUTTON.dir/Source/Drivers/Devices/display/ssd1306.c.obj
 *(.rodata*)
 .rodata.AHBPrescTable
                0x0800c68c       0x10 cmake/stm32cubemx/CMakeFiles/STM32_Drivers.dir/__/__/Core/Src/system_stm32f4xx.c.obj
                0x0800c68c                AHBPrescTable
 .rodata.APBPrescTable
                0x0800c69c        0x8 cmake/stm32cubemx/CMakeFiles/STM32_Drivers.dir/__/__/Core/Src/system_stm32f4xx.c.obj
                0x0800c69c                APBPrescTable
 .rodata.ExCvt  0x0800c6a4       0x80 cmake/stm32cubemx/CMakeFiles/FatFs.dir/__/__/Middlewares/Third_Party/FatFs/src/ff.c.obj
 .rodata.LfnOfs
                0x0800c724        0xd cmake/stm32cubemx/CMakeFiles/FatFs.dir/__/__/Middlewares/Third_Party/FatFs/src/ff.c.obj
 *fill*         0x0800c731        0x3 
 .rodata.Tbl    0x0800c734      0x100 cmake/stm32cubemx/CMakeFiles/FatFs.dir/__/__/Middlewares/Third_Party/FatFs/src/option/ccsbcs.c.obj
 .rodata.cvt1.1
                0x0800c834      0x1f2 cmake/stm32cubemx/CMakeFiles/FatFs.dir/__/__/Middlewares/Third_Party/FatFs/src/option/ccsbcs.c.obj
 *fill*         0x0800ca26        0x2 
 .rodata.cvt2.0
                0x0800ca28       0xbc cmake/stm32cubemx/CMakeFiles/FatFs.dir/__/__/Middlewares/Third_Party/FatFs/src/option/ccsbcs.c.obj
 .rodata.Font7x10
                0x0800cae4      0x76c CMakeFiles/LCD_BUTTON.dir/Source/Drivers/Devices/display/fonts.c.obj
                0x0800cae4                Font7x10
 .rodata.Font11x18
                0x0800d250      0xd5c CMakeFiles/LCD_BUTTON.dir/Source/Drivers/Devices/display/fonts.c.obj
                0x0800d250                Font11x18
 .rodata._svfprintf_r.str1.1
                0x0800dfac       0x33 C:/ST/STM32CubeCLT_1.19.0/GNU-tools-for-STM32/bin/../lib/gcc/arm-none-eabi/13.3.1/../../../../arm-none-eabi/lib/thumb/v7e-m+fp/hard\libg_nano.a(libc_a-nano-svfprintf.o)
                                 0x11 (size before relaxing)
 .rodata._printf_i.str1.1
                0x0800dfdf       0x22 C:/ST/STM32CubeCLT_1.19.0/GNU-tools-for-STM32/bin/../lib/gcc/arm-none-eabi/13.3.1/../../../../arm-none-eabi/lib/thumb/v7e-m+fp/hard\libg_nano.a(libc_a-nano-vfprintf_i.o)
                0x0800e004                        . = ALIGN (0x4)
 *fill*         0x0800dfdf        0x1 

.ARM.extab      0x0800dfe0        0x0
                0x0800dfe0                        . = ALIGN (0x4)
 *(.ARM.extab* .gnu.linkonce.armextab.*)
                0x0800dfe0                        . = ALIGN (0x4)

.ARM            0x0800dfe0        0x8
                0x0800dfe0                        . = ALIGN (0x4)
                0x0800dfe0                        __exidx_start = .
 *(.ARM.exidx*)
 .ARM.exidx     0x0800dfe0        0x8 C:/ST/STM32CubeCLT_1.19.0/GNU-tools-for-STM32/bin/../lib/gcc/arm-none-eabi/13.3.1/thumb/v7e-m+fp/hard\libgcc.a(_udivmoddi4.o)
 .ARM.exidx     0x0800dfe8        0x0 C:/ST/STM32CubeCLT_1.19.0/GNU-tools-for-STM32/bin/../lib/gcc/arm-none-eabi/13.3.1/../../../../arm-none-eabi/lib/thumb/v7e-m+fp/hard\libg_nano.a(libc_a-strlen.o)
                                  0x8 (size before relaxing)
 .ARM.exidx     0x0800dfe8        0x0 C:/ST/STM32CubeCLT_1.19.0/GNU-tools-for-STM32/bin/../lib/gcc/arm-none-eabi/13.3.1/../../../../arm-none-eabi/lib/thumb/v7e-m+fp/hard\libg_nano.a(libc_a-memchr.o)
                                  0x8 (size before relaxing)
                0x0800dfe8                        __exidx_end = .
                0x0800dfe8                        . = ALIGN (0x4)

.preinit_array  0x0800dfe8        0x0
                0x0800dfe8                        . = ALIGN (0x4)
                0x0800dfe8                        PROVIDE (__preinit_array_start = .)
 *(.preinit_array*)
                0x0800dfe8                        PROVIDE (__preinit_array_end = .)
                0x0800dfe8                        . = ALIGN (0x4)

.init_array     0x0800dfe8        0x4
                0x0800dfe8                        . = ALIGN (0x4)
                0x0800dfe8                        PROVIDE (__init_array_start = .)
 *(SORT_BY_NAME(.init_array.*))
 *(.init_array*)
 .init_array    0x0800dfe8        0x4 C:/ST/STM32CubeCLT_1.19.0/GNU-tools-for-STM32/bin/../lib/gcc/arm-none-eabi/13.3.1/thumb/v7e-m+fp/hard/crtbegin.o
                0x0800dfec                        PROVIDE (__init_array_end = .)
                0x0800dfec                        . = ALIGN (0x4)

.fini_array     0x0800dfec        0x4
                0x0800dfec                        . = ALIGN (0x4)
                [!provide]                        PROVIDE (__fini_array_start = .)
 *(SORT_BY_NAME(.fini_array.*))
 *(.fini_array*)
 .fini_array    0x0800dfec        0x4 C:/ST/STM32CubeCLT_1.19.0/GNU-tools-for-STM32/bin/../lib/gcc/arm-none-eabi/13.3.1/thumb/v7e-m+fp/hard/crtbegin.o
                [!provide]                        PROVIDE (__fini_array_end = .)
                0x0800dff0                        . = ALIGN (0x4)
                0x0800dff0                        _sidata = LOADADDR (.data)

.rel.dyn        0x0800dff0        0x0
 .rel.iplt      0x0800dff0        0x0 C:/ST/STM32CubeCLT_1.19.0/GNU-tools-for-STM32/bin/../lib/gcc/arm-none-eabi/13.3.1/thumb/v7e-m+fp/hard/crtbegin.o

.data           0x20000000       0x90 load address 0x0800dff0
                0x20000000                        . = ALIGN (0x4)
                0x20000000                        _sdata = .
 *(.data)
 *(.data*)
 .data.SystemCoreClock
                0x20000000        0x4 cmake/stm32cubemx/CMakeFiles/STM32_Drivers.dir/__/__/Core/Src/system_stm32f4xx.c.obj
                0x20000000                SystemCoreClock
 .data.uwTickPrio
                0x20000004        0x4 cmake/stm32cubemx/CMakeFiles/STM32_Drivers.dir/__/__/Drivers/STM32F4xx_HAL_Driver/Src/stm32f4xx_hal.c.obj
                0x20000004                uwTickPrio
 .data.uwTickFreq
                0x20000008        0x1 cmake/stm32cubemx/CMakeFiles/STM32_Drivers.dir/__/__/Drivers/STM32F4xx_HAL_Driver/Src/stm32f4xx_hal.c.obj
                0x20000008                uwTickFreq
 *fill*         0x20000009        0x3 
 .data.uxCriticalNesting
                0x2000000c        0x4 cmake/stm32cubemx/CMakeFiles/FreeRTOS.dir/__/__/Middlewares/Third_Party/FreeRTOS/Source/portable/GCC/ARM_CM4F/port.c.obj
 .data.Stat     0x20000010        0x1 CMakeFiles/LCD_BUTTON.dir/FATFS/Target/user_diskio.c.obj
 *fill*         0x20000011        0x3 
 .data.USER_Driver
                0x20000014       0x14 CMakeFiles/LCD_BUTTON.dir/FATFS/Target/user_diskio.c.obj
                0x20000014                USER_Driver
 .data.first_run.0
                0x20000028        0x4 CMakeFiles/LCD_BUTTON.dir/Source/Application/app_tasks.c.obj
 .data.ssd1306_current_i2c_addr
                0x2000002c        0x2 CMakeFiles/LCD_BUTTON.dir/Source/Drivers/Devices/display/ssd1306.c.obj
 *fill*         0x2000002e        0x2 
 .data.Font_7x10
                0x20000030        0x8 CMakeFiles/LCD_BUTTON.dir/Source/Drivers/Devices/display/fonts.c.obj
                0x20000030                Font_7x10
 .data.Font_11x18
                0x20000038        0x8 CMakeFiles/LCD_BUTTON.dir/Source/Drivers/Devices/display/fonts.c.obj
                0x20000038                Font_11x18
 .data._impure_ptr
                0x20000040        0x4 C:/ST/STM32CubeCLT_1.19.0/GNU-tools-for-STM32/bin/../lib/gcc/arm-none-eabi/13.3.1/../../../../arm-none-eabi/lib/thumb/v7e-m+fp/hard\libg_nano.a(libc_a-impure.o)
                0x20000040                _impure_ptr
 .data._impure_data
                0x20000044       0x4c C:/ST/STM32CubeCLT_1.19.0/GNU-tools-for-STM32/bin/../lib/gcc/arm-none-eabi/13.3.1/../../../../arm-none-eabi/lib/thumb/v7e-m+fp/hard\libg_nano.a(libc_a-impure.o)
                0x20000044                _impure_data
 *(.RamFunc)
 *(.RamFunc*)
                0x20000090                        . = ALIGN (0x4)

.igot.plt       0x20000090        0x0 load address 0x0800e080
 .igot.plt      0x20000090        0x0 C:/ST/STM32CubeCLT_1.19.0/GNU-tools-for-STM32/bin/../lib/gcc/arm-none-eabi/13.3.1/thumb/v7e-m+fp/hard/crtbegin.o

.tdata          0x20000090        0x0 load address 0x0800e080
 *(.tdata .tdata.* .gnu.linkonce.td.*)
                0x20000090                        . = ALIGN (0x4)
                0x20000090                        _edata = .
                [!provide]                        PROVIDE (__data_end = .)
                [!provide]                        PROVIDE (__tdata_end = .)
                [!provide]                        PROVIDE (__tdata_start = ADDR (.tdata))
                [!provide]                        PROVIDE (__tdata_size = (__tdata_end - __tdata_start))
                [!provide]                        PROVIDE (__data_start = ADDR (.data))
                [!provide]                        PROVIDE (__data_size = (__data_end - __data_start))
                [!provide]                        PROVIDE (__tdata_source = LOADADDR (.tdata))
                [!provide]                        PROVIDE (__tdata_source_end = (LOADADDR (.tdata) + SIZEOF (.tdata)))
                [!provide]                        PROVIDE (__tdata_source_size = (__tdata_source_end - __tdata_source))
                [!provide]                        PROVIDE (__data_source = LOADADDR (.data))
                [!provide]                        PROVIDE (__data_source_end = __tdata_source_end)
                [!provide]                        PROVIDE (__data_source_size = (__data_source_end - __data_source))

.tbss           0x20000090        0x0 load address 0x0800e080
                0x20000090                        _sbss = .
                0x20000090                        __bss_start__ = _sbss
 *(.tbss .tbss.*)
                0x20000090                        . = ALIGN (0x4)
                [!provide]                        PROVIDE (__tbss_end = .)
                [!provide]                        PROVIDE (__tbss_start = ADDR (.tbss))
                [!provide]                        PROVIDE (__tbss_size = (__tbss_end - __tbss_start))
                [!provide]                        PROVIDE (__tbss_offset = (ADDR (.tbss) - ADDR (.tdata)))
                [!provide]                        PROVIDE (__tls_base = __tdata_start)
                [!provide]                        PROVIDE (__tls_end = __tbss_end)
                [!provide]                        PROVIDE (__tls_size = (__tls_end - __tls_base))
                [!provide]                        PROVIDE (__tls_align = MAX (ALIGNOF (.tdata), ALIGNOF (.tbss)))
                [!provide]                        PROVIDE (__tls_size_align = (((__tls_size + __tls_align) - 0x1) & ~ ((__tls_align - 0x1))))
                [!provide]                        PROVIDE (__arm32_tls_tcb_offset = MAX (0x8, __tls_align))
                [!provide]                        PROVIDE (__arm64_tls_tcb_offset = MAX (0x10, __tls_align))

.bss            0x20000090     0x71a8 load address 0x0800e080
 *(.bss)
 .bss           0x20000090       0x1c C:/ST/STM32CubeCLT_1.19.0/GNU-tools-for-STM32/bin/../lib/gcc/arm-none-eabi/13.3.1/thumb/v7e-m+fp/hard/crtbegin.o
 *(.bss*)
 .bss.uwTick    0x200000ac        0x4 cmake/stm32cubemx/CMakeFiles/STM32_Drivers.dir/__/__/Drivers/STM32F4xx_HAL_Driver/Src/stm32f4xx_hal.c.obj
                0x200000ac                uwTick
 .bss.xQueueRegistry
                0x200000b0       0x40 cmake/stm32cubemx/CMakeFiles/FreeRTOS.dir/__/__/Middlewares/Third_Party/FreeRTOS/Source/queue.c.obj
                0x200000b0                xQueueRegistry
 .bss.pxCurrentTCB
                0x200000f0        0x4 cmake/stm32cubemx/CMakeFiles/FreeRTOS.dir/__/__/Middlewares/Third_Party/FreeRTOS/Source/tasks.c.obj
                0x200000f0                pxCurrentTCB
 .bss.pxReadyTasksLists
                0x200000f4      0x460 cmake/stm32cubemx/CMakeFiles/FreeRTOS.dir/__/__/Middlewares/Third_Party/FreeRTOS/Source/tasks.c.obj
 .bss.xDelayedTaskList1
                0x20000554       0x14 cmake/stm32cubemx/CMakeFiles/FreeRTOS.dir/__/__/Middlewares/Third_Party/FreeRTOS/Source/tasks.c.obj
 .bss.xDelayedTaskList2
                0x20000568       0x14 cmake/stm32cubemx/CMakeFiles/FreeRTOS.dir/__/__/Middlewares/Third_Party/FreeRTOS/Source/tasks.c.obj
 .bss.pxDelayedTaskList
                0x2000057c        0x4 cmake/stm32cubemx/CMakeFiles/FreeRTOS.dir/__/__/Middlewares/Third_Party/FreeRTOS/Source/tasks.c.obj
 .bss.pxOverflowDelayedTaskList
                0x20000580        0x4 cmake/stm32cubemx/CMakeFiles/FreeRTOS.dir/__/__/Middlewares/Third_Party/FreeRTOS/Source/tasks.c.obj
 .bss.xPendingReadyList
                0x20000584       0x14 cmake/stm32cubemx/CMakeFiles/FreeRTOS.dir/__/__/Middlewares/Third_Party/FreeRTOS/Source/tasks.c.obj
 .bss.xTasksWaitingTermination
                0x20000598       0x14 cmake/stm32cubemx/CMakeFiles/FreeRTOS.dir/__/__/Middlewares/Third_Party/FreeRTOS/Source/tasks.c.obj
 .bss.uxDeletedTasksWaitingCleanUp
                0x200005ac        0x4 cmake/stm32cubemx/CMakeFiles/FreeRTOS.dir/__/__/Middlewares/Third_Party/FreeRTOS/Source/tasks.c.obj
 .bss.xSuspendedTaskList
                0x200005b0       0x14 cmake/stm32cubemx/CMakeFiles/FreeRTOS.dir/__/__/Middlewares/Third_Party/FreeRTOS/Source/tasks.c.obj
 .bss.uxCurrentNumberOfTasks
                0x200005c4        0x4 cmake/stm32cubemx/CMakeFiles/FreeRTOS.dir/__/__/Middlewares/Third_Party/FreeRTOS/Source/tasks.c.obj
 .bss.xTickCount
                0x200005c8        0x4 cmake/stm32cubemx/CMakeFiles/FreeRTOS.dir/__/__/Middlewares/Third_Party/FreeRTOS/Source/tasks.c.obj
 .bss.uxTopReadyPriority
                0x200005cc        0x4 cmake/stm32cubemx/CMakeFiles/FreeRTOS.dir/__/__/Middlewares/Third_Party/FreeRTOS/Source/tasks.c.obj
 .bss.xSchedulerRunning
                0x200005d0        0x4 cmake/stm32cubemx/CMakeFiles/FreeRTOS.dir/__/__/Middlewares/Third_Party/FreeRTOS/Source/tasks.c.obj
 .bss.xPendedTicks
                0x200005d4        0x4 cmake/stm32cubemx/CMakeFiles/FreeRTOS.dir/__/__/Middlewares/Third_Party/FreeRTOS/Source/tasks.c.obj
 .bss.xYieldPending
                0x200005d8        0x4 cmake/stm32cubemx/CMakeFiles/FreeRTOS.dir/__/__/Middlewares/Third_Party/FreeRTOS/Source/tasks.c.obj
 .bss.xNumOfOverflows
                0x200005dc        0x4 cmake/stm32cubemx/CMakeFiles/FreeRTOS.dir/__/__/Middlewares/Third_Party/FreeRTOS/Source/tasks.c.obj
 .bss.uxTaskNumber
                0x200005e0        0x4 cmake/stm32cubemx/CMakeFiles/FreeRTOS.dir/__/__/Middlewares/Third_Party/FreeRTOS/Source/tasks.c.obj
 .bss.xNextTaskUnblockTime
                0x200005e4        0x4 cmake/stm32cubemx/CMakeFiles/FreeRTOS.dir/__/__/Middlewares/Third_Party/FreeRTOS/Source/tasks.c.obj
 .bss.xIdleTaskHandle
                0x200005e8        0x4 cmake/stm32cubemx/CMakeFiles/FreeRTOS.dir/__/__/Middlewares/Third_Party/FreeRTOS/Source/tasks.c.obj
 .bss.uxSchedulerSuspended
                0x200005ec        0x4 cmake/stm32cubemx/CMakeFiles/FreeRTOS.dir/__/__/Middlewares/Third_Party/FreeRTOS/Source/tasks.c.obj
 .bss.xActiveTimerList1
                0x200005f0       0x14 cmake/stm32cubemx/CMakeFiles/FreeRTOS.dir/__/__/Middlewares/Third_Party/FreeRTOS/Source/timers.c.obj
 .bss.xActiveTimerList2
                0x20000604       0x14 cmake/stm32cubemx/CMakeFiles/FreeRTOS.dir/__/__/Middlewares/Third_Party/FreeRTOS/Source/timers.c.obj
 .bss.pxCurrentTimerList
                0x20000618        0x4 cmake/stm32cubemx/CMakeFiles/FreeRTOS.dir/__/__/Middlewares/Third_Party/FreeRTOS/Source/timers.c.obj
 .bss.pxOverflowTimerList
                0x2000061c        0x4 cmake/stm32cubemx/CMakeFiles/FreeRTOS.dir/__/__/Middlewares/Third_Party/FreeRTOS/Source/timers.c.obj
 .bss.xTimerQueue
                0x20000620        0x4 cmake/stm32cubemx/CMakeFiles/FreeRTOS.dir/__/__/Middlewares/Third_Party/FreeRTOS/Source/timers.c.obj
 .bss.xTimerTaskHandle
                0x20000624        0x4 cmake/stm32cubemx/CMakeFiles/FreeRTOS.dir/__/__/Middlewares/Third_Party/FreeRTOS/Source/timers.c.obj
 .bss.xLastTime.2
                0x20000628        0x4 cmake/stm32cubemx/CMakeFiles/FreeRTOS.dir/__/__/Middlewares/Third_Party/FreeRTOS/Source/timers.c.obj
 .bss.ucStaticTimerQueueStorage.1
                0x2000062c       0xa0 cmake/stm32cubemx/CMakeFiles/FreeRTOS.dir/__/__/Middlewares/Third_Party/FreeRTOS/Source/timers.c.obj
 .bss.xStaticTimerQueue.0
                0x200006cc       0x50 cmake/stm32cubemx/CMakeFiles/FreeRTOS.dir/__/__/Middlewares/Third_Party/FreeRTOS/Source/timers.c.obj
 .bss.Idle_TCB.3
                0x2000071c       0x5c cmake/stm32cubemx/CMakeFiles/FreeRTOS.dir/__/__/Middlewares/Third_Party/FreeRTOS/Source/CMSIS_RTOS_V2/cmsis_os2.c.obj
 .bss.Idle_Stack.2
                0x20000778      0x200 cmake/stm32cubemx/CMakeFiles/FreeRTOS.dir/__/__/Middlewares/Third_Party/FreeRTOS/Source/CMSIS_RTOS_V2/cmsis_os2.c.obj
 .bss.Timer_TCB.1
                0x20000978       0x5c cmake/stm32cubemx/CMakeFiles/FreeRTOS.dir/__/__/Middlewares/Third_Party/FreeRTOS/Source/CMSIS_RTOS_V2/cmsis_os2.c.obj
 .bss.Timer_Stack.0
                0x200009d4      0x400 cmake/stm32cubemx/CMakeFiles/FreeRTOS.dir/__/__/Middlewares/Third_Party/FreeRTOS/Source/CMSIS_RTOS_V2/cmsis_os2.c.obj
 .bss.ucHeap    0x20000dd4     0x3c00 cmake/stm32cubemx/CMakeFiles/FreeRTOS.dir/__/__/Middlewares/Third_Party/FreeRTOS/Source/portable/MemMang/heap_4.c.obj
 .bss.xStart    0x200049d4        0x8 cmake/stm32cubemx/CMakeFiles/FreeRTOS.dir/__/__/Middlewares/Third_Party/FreeRTOS/Source/portable/MemMang/heap_4.c.obj
 .bss.pxEnd     0x200049dc        0x4 cmake/stm32cubemx/CMakeFiles/FreeRTOS.dir/__/__/Middlewares/Third_Party/FreeRTOS/Source/portable/MemMang/heap_4.c.obj
 .bss.xFreeBytesRemaining
                0x200049e0        0x4 cmake/stm32cubemx/CMakeFiles/FreeRTOS.dir/__/__/Middlewares/Third_Party/FreeRTOS/Source/portable/MemMang/heap_4.c.obj
 .bss.xMinimumEverFreeBytesRemaining
                0x200049e4        0x4 cmake/stm32cubemx/CMakeFiles/FreeRTOS.dir/__/__/Middlewares/Third_Party/FreeRTOS/Source/portable/MemMang/heap_4.c.obj
 .bss.xNumberOfSuccessfulAllocations
                0x200049e8        0x4 cmake/stm32cubemx/CMakeFiles/FreeRTOS.dir/__/__/Middlewares/Third_Party/FreeRTOS/Source/portable/MemMang/heap_4.c.obj
 .bss.xNumberOfSuccessfulFrees
                0x200049ec        0x4 cmake/stm32cubemx/CMakeFiles/FreeRTOS.dir/__/__/Middlewares/Third_Party/FreeRTOS/Source/portable/MemMang/heap_4.c.obj
 .bss.xBlockAllocatedBit
                0x200049f0        0x4 cmake/stm32cubemx/CMakeFiles/FreeRTOS.dir/__/__/Middlewares/Third_Party/FreeRTOS/Source/portable/MemMang/heap_4.c.obj
 .bss.ucMaxSysCallPriority
                0x200049f4        0x1 cmake/stm32cubemx/CMakeFiles/FreeRTOS.dir/__/__/Middlewares/Third_Party/FreeRTOS/Source/portable/GCC/ARM_CM4F/port.c.obj
 *fill*         0x200049f5        0x3 
 .bss.ulMaxPRIGROUPValue
                0x200049f8        0x4 cmake/stm32cubemx/CMakeFiles/FreeRTOS.dir/__/__/Middlewares/Third_Party/FreeRTOS/Source/portable/GCC/ARM_CM4F/port.c.obj
 .bss.FatFs     0x200049fc        0x4 cmake/stm32cubemx/CMakeFiles/FatFs.dir/__/__/Middlewares/Third_Party/FatFs/src/ff.c.obj
 .bss.Fsid      0x20004a00        0x2 cmake/stm32cubemx/CMakeFiles/FatFs.dir/__/__/Middlewares/Third_Party/FatFs/src/ff.c.obj
 *fill*         0x20004a02        0x2 
 .bss.Files     0x20004a04       0x20 cmake/stm32cubemx/CMakeFiles/FatFs.dir/__/__/Middlewares/Third_Party/FatFs/src/ff.c.obj
 .bss.disk      0x20004a24        0xc cmake/stm32cubemx/CMakeFiles/FatFs.dir/__/__/Middlewares/Third_Party/FatFs/src/ff_gen_drv.c.obj
                0x20004a24                disk
 .bss.retUSER   0x20004a30        0x1 CMakeFiles/LCD_BUTTON.dir/FATFS/App/fatfs.c.obj
                0x20004a30                retUSER
 *fill*         0x20004a31        0x3 
 .bss.USERPath  0x20004a34        0x4 CMakeFiles/LCD_BUTTON.dir/FATFS/App/fatfs.c.obj
                0x20004a34                USERPath
 .bss.CardType  0x20004a38        0x1 CMakeFiles/LCD_BUTTON.dir/FATFS/Target/user_diskio.c.obj
 *fill*         0x20004a39        0x3 
 .bss.__sbrk_heap_end
                0x20004a3c        0x4 CMakeFiles/LCD_BUTTON.dir/Core/Src/sysmem.c.obj
 .bss.defaultTaskHandle
                0x20004a40        0x4 CMakeFiles/LCD_BUTTON.dir/Source/Application/app_tasks.c.obj
 .bss.buttonTaskHandle
                0x20004a44        0x4 CMakeFiles/LCD_BUTTON.dir/Source/Application/app_tasks.c.obj
 .bss.sdcardTaskHandle
                0x20004a48        0x4 CMakeFiles/LCD_BUTTON.dir/Source/Application/app_tasks.c.obj
 .bss.state     0x20004a4c        0x4 CMakeFiles/LCD_BUTTON.dir/Source/Application/app_tasks.c.obj
 .bss.g_log_enabled
                0x20004a50        0x4 CMakeFiles/LCD_BUTTON.dir/Source/Application/app_tasks.c.obj
 .bss.g_temperature
                0x20004a54        0x4 CMakeFiles/LCD_BUTTON.dir/Source/Application/app_tasks.c.obj
 .bss.hi2c1     0x20004a58       0x54 CMakeFiles/LCD_BUTTON.dir/Source/BSP/board/bsp_board.c.obj
                0x20004a58                hi2c1
 .bss.hspi2     0x20004aac       0x58 CMakeFiles/LCD_BUTTON.dir/Source/BSP/board/bsp_board.c.obj
                0x20004aac                hspi2
 .bss.huart2    0x20004b04       0x48 CMakeFiles/LCD_BUTTON.dir/Source/BSP/board/bsp_board.c.obj
                0x20004b04                huart2
 .bss.fs        0x20004b4c     0x103c CMakeFiles/LCD_BUTTON.dir/Core/Src/File_handling_RTOS.c.obj
                0x20004b4c                fs
 .bss.fil       0x20005b88     0x1030 CMakeFiles/LCD_BUTTON.dir/Core/Src/File_handling_RTOS.c.obj
                0x20005b88                fil
 .bss.fno       0x20006bb8      0x118 CMakeFiles/LCD_BUTTON.dir/Core/Src/File_handling_RTOS.c.obj
                0x20006bb8                fno
 .bss.fresult   0x20006cd0        0x1 CMakeFiles/LCD_BUTTON.dir/Core/Src/File_handling_RTOS.c.obj
                0x20006cd0                fresult
 *fill*         0x20006cd1        0x3 
 .bss.bw        0x20006cd4        0x4 CMakeFiles/LCD_BUTTON.dir/Core/Src/File_handling_RTOS.c.obj
                0x20006cd4                bw
 .bss.SSD1306_Buffer
                0x20006cd8      0x410 CMakeFiles/LCD_BUTTON.dir/Source/Drivers/Devices/display/ssd1306.c.obj
 .bss.SSD1306   0x200070e8        0x6 CMakeFiles/LCD_BUTTON.dir/Source/Drivers/Devices/display/ssd1306.c.obj
 *fill*         0x200070ee        0x2 
 .bss.__sf      0x200070f0      0x138 C:/ST/STM32CubeCLT_1.19.0/GNU-tools-for-STM32/bin/../lib/gcc/arm-none-eabi/13.3.1/../../../../arm-none-eabi/lib/thumb/v7e-m+fp/hard\libg_nano.a(libc_a-findfp.o)
                0x200070f0                __sf
 .bss.errno     0x20007228        0x4 C:/ST/STM32CubeCLT_1.19.0/GNU-tools-for-STM32/bin/../lib/gcc/arm-none-eabi/13.3.1/../../../../arm-none-eabi/lib/thumb/v7e-m+fp/hard\libg_nano.a(libc_a-reent.o)
                0x20007228                errno
 .bss.__lock___malloc_recursive_mutex
                0x2000722c        0x1 C:/ST/STM32CubeCLT_1.19.0/GNU-tools-for-STM32/bin/../lib/gcc/arm-none-eabi/13.3.1/../../../../arm-none-eabi/lib/thumb/v7e-m+fp/hard\libg_nano.a(libc_a-lock.o)
                0x2000722c                __lock___malloc_recursive_mutex
 *fill*         0x2000722d        0x3 
 .bss.__malloc_sbrk_start
                0x20007230        0x4 C:/ST/STM32CubeCLT_1.19.0/GNU-tools-for-STM32/bin/../lib/gcc/arm-none-eabi/13.3.1/../../../../arm-none-eabi/lib/thumb/v7e-m+fp/hard\libg_nano.a(libc_a-mallocr.o)
                0x20007230                __malloc_sbrk_start
 .bss.__malloc_free_list
                0x20007234        0x4 C:/ST/STM32CubeCLT_1.19.0/GNU-tools-for-STM32/bin/../lib/gcc/arm-none-eabi/13.3.1/../../../../arm-none-eabi/lib/thumb/v7e-m+fp/hard\libg_nano.a(libc_a-mallocr.o)
                0x20007234                __malloc_free_list
 *(COMMON)
                0x20007238                        . = ALIGN (0x4)
                0x20007238                        _ebss = .
                0x20007238                        __bss_end__ = _ebss
                [!provide]                        PROVIDE (__bss_end = .)
                [!provide]                        PROVIDE (__non_tls_bss_start = ADDR (.bss))
                [!provide]                        PROVIDE (__bss_start = __tbss_start)
                [!provide]                        PROVIDE (__bss_size = (__bss_end - __bss_start))

._user_heap_stack